../Core/Inc/Driver_Robot.h:44:2:Motor_PID::Motor_PID(GPIO_TypeDef*, uint32_t, GPIO_TypeDef*, uint32_t, int16_t)	32	static
../Core/Inc/Driver_Robot.h:61:2:Motor_PID::Motor_PID(UART_HandleTypeDef*, uint8_t)	24	static
../Core/Src/main.cpp:107:5:int main()	8	static
../Core/Src/main.cpp:205:6:void SystemClock_Config()	72	static
../Core/Src/main.cpp:246:13:void MX_TIM1_Init()	56	static
../Core/Src/main.cpp:295:13:void MX_TIM2_Init()	56	static
../Core/Src/main.cpp:346:13:void MX_TIM4_Init()	56	static
../Core/Src/main.cpp:395:13:void MX_TIM5_Init()	56	static
../Core/Src/main.cpp:446:13:void MX_TIM6_Init()	16	static
../Core/Src/main.cpp:484:13:void MX_TIM7_Init()	16	static
../Core/Src/main.cpp:517:13:void MX_USART1_UART_Init()	8	static
../Core/Src/main.cpp:547:13:void MX_UART4_Init()	8	static
../Core/Src/main.cpp:580:13:void MX_UART5_Init()	8	static
../Core/Src/main.cpp:613:13:void MX_USART2_UART_Init()	8	static
../Core/Src/main.cpp:646:13:void MX_USART3_UART_Init()	8	static
../Core/Src/main.cpp:679:13:void MX_GPIO_Init()	40	static
../Core/Src/main.cpp:709:6:void Error_Handler()	24	static
../Core/Src/main.cpp:732:1:void __static_initialization_and_destruction_0(int, int)	32	static
../Core/Src/main.cpp:732:1:cpp)	8	static
