../Core/Inc/UART_Master.h:51:2:Info_position_robot::Info_position_robot(float, float, int16_t, bool)	24	static
../Core/Src/UART_Master.cpp:37:6:)	16	static
../Core/Src/UART_Master.cpp:64:6:void Data_map()	24	static
../Core/Src/UART_Master.cpp:95:6:void ps3()	16	static
../Core/Src/UART_Master.cpp:121:9:int16_t compass()	16	static
../Core/Src/UART_Master.cpp:138:6:void reset_compass()	16	static
../Core/Src/UART_Master.cpp:152:6:void Controll_DC_UART(UART_HandleTypeDef*, uint8_t, uint8_t, uint8_t)	24	static
../Core/Src/UART_Master.cpp:164:6:void HAL_UART_TxCpltCallback(UART_HandleTypeDef*)	16	static
../Core/Src/UART_Master.cpp:243:6:void HAL_UART_RxCpltCallback(UART_HandleTypeDef*)	16	static
../Core/Src/UART_Master.cpp:302:1:void __static_initialization_and_destruction_0(int, int)	24	static
../Core/Src/UART_Master.cpp:302:1:cpp)	8	static
