Archive member included to satisfy reference by file (symbol)

C:/ST/STM32CubeIDE_1.15.1/STM32CubeIDE/plugins/com.st.stm32cube.ide.mcu.externaltools.gnu-tools-for-stm32.12.3.rel1.win32_1.0.100.202403111256/tools/bin/../lib/gcc/arm-none-eabi/12.3.1/../../../../arm-none-eabi/lib/thumb/v7-m/nofp\libstdc++_nano.a(del_ops.o)
                              ./Core/Src/PWM_Master_f103.o (operator delete(void*, unsigned int))
C:/ST/STM32CubeIDE_1.15.1/STM32CubeIDE/plugins/com.st.stm32cube.ide.mcu.externaltools.gnu-tools-for-stm32.12.3.rel1.win32_1.0.100.202403111256/tools/bin/../lib/gcc/arm-none-eabi/12.3.1/../../../../arm-none-eabi/lib/thumb/v7-m/nofp\libstdc++_nano.a(new_op.o)
                              ./Core/Src/PWM_Master_f103.o (operator new(unsigned int))
C:/ST/STM32CubeIDE_1.15.1/STM32CubeIDE/plugins/com.st.stm32cube.ide.mcu.externaltools.gnu-tools-for-stm32.12.3.rel1.win32_1.0.100.202403111256/tools/bin/../lib/gcc/arm-none-eabi/12.3.1/../../../../arm-none-eabi/lib/thumb/v7-m/nofp\libstdc++_nano.a(functexcept.o)
                              ./Core/Src/PWM_Master_f103.o (std::__throw_bad_alloc())
C:/ST/STM32CubeIDE_1.15.1/STM32CubeIDE/plugins/com.st.stm32cube.ide.mcu.externaltools.gnu-tools-for-stm32.12.3.rel1.win32_1.0.100.202403111256/tools/bin/../lib/gcc/arm-none-eabi/12.3.1/../../../../arm-none-eabi/lib/thumb/v7-m/nofp\libstdc++_nano.a(hashtable_c++0x.o)
                              ./Core/Src/PWM_Master_f103.o (std::__detail::_Prime_rehash_policy::_M_need_rehash(unsigned int, unsigned int, unsigned int) const)
C:/ST/STM32CubeIDE_1.15.1/STM32CubeIDE/plugins/com.st.stm32cube.ide.mcu.externaltools.gnu-tools-for-stm32.12.3.rel1.win32_1.0.100.202403111256/tools/bin/../lib/gcc/arm-none-eabi/12.3.1/../../../../arm-none-eabi/lib/thumb/v7-m/nofp\libstdc++_nano.a(del_op.o)
                              C:/ST/STM32CubeIDE_1.15.1/STM32CubeIDE/plugins/com.st.stm32cube.ide.mcu.externaltools.gnu-tools-for-stm32.12.3.rel1.win32_1.0.100.202403111256/tools/bin/../lib/gcc/arm-none-eabi/12.3.1/../../../../arm-none-eabi/lib/thumb/v7-m/nofp\libstdc++_nano.a(del_ops.o) (operator delete(void*))
C:/ST/STM32CubeIDE_1.15.1/STM32CubeIDE/plugins/com.st.stm32cube.ide.mcu.externaltools.gnu-tools-for-stm32.12.3.rel1.win32_1.0.100.202403111256/tools/bin/../lib/gcc/arm-none-eabi/12.3.1/../../../../arm-none-eabi/lib/thumb/v7-m/nofp\libstdc++_nano.a(new_handler.o)
                              C:/ST/STM32CubeIDE_1.15.1/STM32CubeIDE/plugins/com.st.stm32cube.ide.mcu.externaltools.gnu-tools-for-stm32.12.3.rel1.win32_1.0.100.202403111256/tools/bin/../lib/gcc/arm-none-eabi/12.3.1/../../../../arm-none-eabi/lib/thumb/v7-m/nofp\libstdc++_nano.a(new_op.o) (std::get_new_handler())
C:/ST/STM32CubeIDE_1.15.1/STM32CubeIDE/plugins/com.st.stm32cube.ide.mcu.externaltools.gnu-tools-for-stm32.12.3.rel1.win32_1.0.100.202403111256/tools/bin/../lib/gcc/arm-none-eabi/12.3.1/../../../../arm-none-eabi/lib/thumb/v7-m/nofp\libm.a(libm_a-w_atan2.o)
                              ./Core/Src/Driver_Robot.o (atan2)
C:/ST/STM32CubeIDE_1.15.1/STM32CubeIDE/plugins/com.st.stm32cube.ide.mcu.externaltools.gnu-tools-for-stm32.12.3.rel1.win32_1.0.100.202403111256/tools/bin/../lib/gcc/arm-none-eabi/12.3.1/../../../../arm-none-eabi/lib/thumb/v7-m/nofp\libm.a(libm_a-w_sqrt.o)
                              ./Core/Src/Driver_Robot.o (sqrt)
C:/ST/STM32CubeIDE_1.15.1/STM32CubeIDE/plugins/com.st.stm32cube.ide.mcu.externaltools.gnu-tools-for-stm32.12.3.rel1.win32_1.0.100.202403111256/tools/bin/../lib/gcc/arm-none-eabi/12.3.1/../../../../arm-none-eabi/lib/thumb/v7-m/nofp\libm.a(libm_a-s_cos.o)
                              ./Core/Src/Driver_Robot.o (cos)
C:/ST/STM32CubeIDE_1.15.1/STM32CubeIDE/plugins/com.st.stm32cube.ide.mcu.externaltools.gnu-tools-for-stm32.12.3.rel1.win32_1.0.100.202403111256/tools/bin/../lib/gcc/arm-none-eabi/12.3.1/../../../../arm-none-eabi/lib/thumb/v7-m/nofp\libm.a(libm_a-e_sqrt.o)
                              C:/ST/STM32CubeIDE_1.15.1/STM32CubeIDE/plugins/com.st.stm32cube.ide.mcu.externaltools.gnu-tools-for-stm32.12.3.rel1.win32_1.0.100.202403111256/tools/bin/../lib/gcc/arm-none-eabi/12.3.1/../../../../arm-none-eabi/lib/thumb/v7-m/nofp\libm.a(libm_a-w_sqrt.o) (__ieee754_sqrt)
C:/ST/STM32CubeIDE_1.15.1/STM32CubeIDE/plugins/com.st.stm32cube.ide.mcu.externaltools.gnu-tools-for-stm32.12.3.rel1.win32_1.0.100.202403111256/tools/bin/../lib/gcc/arm-none-eabi/12.3.1/../../../../arm-none-eabi/lib/thumb/v7-m/nofp\libm.a(libm_a-s_floor.o)
                              C:/ST/STM32CubeIDE_1.15.1/STM32CubeIDE/plugins/com.st.stm32cube.ide.mcu.externaltools.gnu-tools-for-stm32.12.3.rel1.win32_1.0.100.202403111256/tools/bin/../lib/gcc/arm-none-eabi/12.3.1/../../../../arm-none-eabi/lib/thumb/v7-m/nofp\libstdc++_nano.a(hashtable_c++0x.o) (floor)
[...]
Memory Configuration

Name             Origin             Length             Attributes
RAM              0x20000000         0x0000c000         xrw
FLASH            0x08000000         0x00040000         xr
*default*        0x00000000         0xffffffff

Linker script and memory map

LOAD C:/ST/STM32CubeIDE_1.15.1/STM32CubeIDE/plugins/com.st.stm32cube.ide.mcu.externaltools.gnu-tools-for-stm32.12.3.rel1.win32_1.0.100.202403111256/tools/bin/../lib/gcc/arm-none-eabi/12.3.1/thumb/v7-m/nofp/crti.o
LOAD C:/ST/STM32CubeIDE_1.15.1/STM32CubeIDE/plugins/com.st.stm32cube.ide.mcu.externaltools.gnu-tools-for-stm32.12.3.rel1.win32_1.0.100.202403111256/tools/bin/../lib/gcc/arm-none-eabi/12.3.1/thumb/v7-m/nofp/crtbegin.o
LOAD C:/ST/STM32CubeIDE_1.15.1/STM32CubeIDE/plugins/com.st.stm32cube.ide.mcu.externaltools.gnu-tools-for-stm32.12.3.rel1.win32_1.0.100.202403111256/tools/bin/../lib/gcc/arm-none-eabi/12.3.1/../../../../arm-none-eabi/lib/thumb/v7-m/nofp/crt0.o
LOAD ./Core/Src/Driver_Robot.o
LOAD ./Core/Src/GPIO_Master.o
LOAD ./Core/Src/PWM_Master_f103.o
LOAD ./Core/Src/TIMER_GPIO_ATTACH.o
LOAD ./Core/Src/UART_Master.o
LOAD ./Core/Src/main.o
LOAD ./Core/Src/stm32f1xx_hal_msp.o
LOAD ./Core/Src/stm32f1xx_it.o
LOAD ./Core/Src/syscalls.o
LOAD ./Core/Src/sysmem.o
LOAD ./Core/Src/system_stm32f1xx.o
LOAD ./Core/Startup/startup_stm32f103rctx.o
LOAD ./Drivers/STM32F1xx_HAL_Driver/Src/stm32f1xx_hal.o
LOAD ./Drivers/STM32F1xx_HAL_Driver/Src/stm32f1xx_hal_cortex.o
LOAD ./Drivers/STM32F1xx_HAL_Driver/Src/stm32f1xx_hal_dma.o
LOAD ./Drivers/STM32F1xx_HAL_Driver/Src/stm32f1xx_hal_exti.o
LOAD ./Drivers/STM32F1xx_HAL_Driver/Src/stm32f1xx_hal_flash.o
LOAD ./Drivers/STM32F1xx_HAL_Driver/Src/stm32f1xx_hal_flash_ex.o
LOAD ./Drivers/STM32F1xx_HAL_Driver/Src/stm32f1xx_hal_gpio.o
LOAD ./Drivers/STM32F1xx_HAL_Driver/Src/stm32f1xx_hal_gpio_ex.o
LOAD ./Drivers/STM32F1xx_HAL_Driver/Src/stm32f1xx_hal_pwr.o
LOAD ./Drivers/STM32F1xx_HAL_Driver/Src/stm32f1xx_hal_rcc.o
LOAD ./Drivers/STM32F1xx_HAL_Driver/Src/stm32f1xx_hal_rcc_ex.o
LOAD ./Drivers/STM32F1xx_HAL_Driver/Src/stm32f1xx_hal_tim.o
LOAD ./Drivers/STM32F1xx_HAL_Driver/Src/stm32f1xx_hal_tim_ex.o
LOAD ./Drivers/STM32F1xx_HAL_Driver/Src/stm32f1xx_hal_uart.o
START GROUP
LOAD C:/ST/STM32CubeIDE_1.15.1/STM32CubeIDE/plugins/com.st.stm32cube.ide.mcu.externaltools.gnu-tools-for-stm32.12.3.rel1.win32_1.0.100.202403111256/tools/bin/../lib/gcc/arm-none-eabi/12.3.1/../../../../arm-none-eabi/lib/thumb/v7-m/nofp\libstdc++_nano.a
LOAD C:/ST/STM32CubeIDE_1.15.1/STM32CubeIDE/plugins/com.st.stm32cube.ide.mcu.externaltools.gnu-tools-for-stm32.12.3.rel1.win32_1.0.100.202403111256/tools/bin/../lib/gcc/arm-none-eabi/12.3.1/../../../../arm-none-eabi/lib/thumb/v7-m/nofp\libsupc++_nano.a
END GROUP
LOAD C:/ST/STM32CubeIDE_1.15.1/STM32CubeIDE/plugins/com.st.stm32cube.ide.mcu.externaltools.gnu-tools-for-stm32.12.3.rel1.win32_1.0.100.202403111256/tools/bin/../lib/gcc/arm-none-eabi/12.3.1/../../../../arm-none-eabi/lib/thumb/v7-m/nofp\libstdc++_nano.a
LOAD C:/ST/STM32CubeIDE_1.15.1/STM32CubeIDE/plugins/com.st.stm32cube.ide.mcu.externaltools.gnu-tools-for-stm32.12.3.rel1.win32_1.0.100.202403111256/tools/bin/../lib/gcc/arm-none-eabi/12.3.1/../../../../arm-none-eabi/lib/thumb/v7-m/nofp\libm.a
LOAD C:/ST/STM32CubeIDE_1.15.1/STM32CubeIDE/plugins/com.st.stm32cube.ide.mcu.externaltools.gnu-tools-for-stm32.12.3.rel1.win32_1.0.100.202403111256/tools/bin/../lib/gcc/arm-none-eabi/12.3.1/../../../../arm-none-eabi/lib/thumb/v7-m/nofp\libc_nano.a
START GROUP
LOAD C:/ST/STM32CubeIDE_1.15.1/STM32CubeIDE/plugins/com.st.stm32cube.ide.mcu.externaltools.gnu-tools-for-stm32.12.3.rel1.win32_1.0.100.202403111256/tools/bin/../lib/gcc/arm-none-eabi/12.3.1/thumb/v7-m/nofp\libgcc.a
LOAD C:/ST/STM32CubeIDE_1.15.1/STM32CubeIDE/plugins/com.st.stm32cube.ide.mcu.externaltools.gnu-tools-for-stm32.12.3.rel1.win32_1.0.100.202403111256/tools/bin/../lib/gcc/arm-none-eabi/12.3.1/../../../../arm-none-eabi/lib/thumb/v7-m/nofp\libc_nano.a
END GROUP
START GROUP
LOAD C:/ST/STM32CubeIDE_1.15.1/STM32CubeIDE/plugins/com.st.stm32cube.ide.mcu.externaltools.gnu-tools-for-stm32.12.3.rel1.win32_1.0.100.202403111256/tools/bin/../lib/gcc/arm-none-eabi/12.3.1/thumb/v7-m/nofp\libgcc.a
LOAD C:/ST/STM32CubeIDE_1.15.1/STM32CubeIDE/plugins/com.st.stm32cube.ide.mcu.externaltools.gnu-tools-for-stm32.12.3.rel1.win32_1.0.100.202403111256/tools/bin/../lib/gcc/arm-none-eabi/12.3.1/../../../../arm-none-eabi/lib/thumb/v7-m/nofp\libc_nano.a
LOAD C:/ST/STM32CubeIDE_1.15.1/STM32CubeIDE/plugins/com.st.stm32cube.ide.mcu.externaltools.gnu-tools-for-stm32.12.3.rel1.win32_1.0.100.202403111256/tools/bin/../lib/gcc/arm-none-eabi/12.3.1/../../../../arm-none-eabi/lib/thumb/v7-m/nofp\libnosys.a
END GROUP
START GROUP
LOAD C:/ST/STM32CubeIDE_1.15.1/STM32CubeIDE/plugins/com.st.stm32cube.ide.mcu.externaltools.gnu-tools-for-stm32.12.3.rel1.win32_1.0.100.202403111256/tools/bin/../lib/gcc/arm-none-eabi/12.3.1/thumb/v7-m/nofp\libgcc.a
LOAD C:/ST/STM32CubeIDE_1.15.1/STM32CubeIDE/plugins/com.st.stm32cube.ide.mcu.externaltools.gnu-tools-for-stm32.12.3.rel1.win32_1.0.100.202403111256/tools/bin/../lib/gcc/arm-none-eabi/12.3.1/../../../../arm-none-eabi/lib/thumb/v7-m/nofp\libc_nano.a
LOAD C:/ST/STM32CubeIDE_1.15.1/STM32CubeIDE/plugins/com.st.stm32cube.ide.mcu.externaltools.gnu-tools-for-stm32.12.3.rel1.win32_1.0.100.202403111256/tools/bin/../lib/gcc/arm-none-eabi/12.3.1/../../../../arm-none-eabi/lib/thumb/v7-m/nofp\libnosys.a
END GROUP
LOAD C:/ST/STM32CubeIDE_1.15.1/STM32CubeIDE/plugins/com.st.stm32cube.ide.mcu.externaltools.gnu-tools-for-stm32.12.3.rel1.win32_1.0.100.202403111256/tools/bin/../lib/gcc/arm-none-eabi/12.3.1/thumb/v7-m/nofp/crtend.o
LOAD C:/ST/STM32CubeIDE_1.15.1/STM32CubeIDE/plugins/com.st.stm32cube.ide.mcu.externaltools.gnu-tools-for-stm32.12.3.rel1.win32_1.0.100.202403111256/tools/bin/../lib/gcc/arm-none-eabi/12.3.1/thumb/v7-m/nofp/crtn.o
                0x2000c000                        _estack = (ORIGIN (RAM) + LENGTH (RAM))
                0x00000200                        _Min_Heap_Size = 0x200
                0x00000400                        _Min_Stack_Size = 0x400

.isr_vector     0x08000000      0x1e4
                0x08000000                        . = ALIGN (0x4)
 *(.isr_vector)
 .isr_vector    0x08000000      0x1e4 ./Core/Startup/startup_stm32f103rctx.o
                0x08000000                g_pfnVectors
                0x080001e4                        . = ALIGN (0x4)

.text           0x080001e8     0xd430
                0x080001e8                        . = ALIGN (0x4)
 *(.text)
 .text          0x080001e8       0x40 C:/ST/STM32CubeIDE_1.15.1/STM32CubeIDE/plugins/com.st.stm32cube.ide.mcu.externaltools.gnu-tools-for-stm32.12.3.rel1.win32_1.0.100.202403111256/tools/bin/../lib/gcc/arm-none-eabi/12.3.1/thumb/v7-m/nofp/crtbegin.o
 .text          0x08000228       0x10 C:/ST/STM32CubeIDE_1.15.1/STM32CubeIDE/plugins/com.st.stm32cube.ide.mcu.externaltools.gnu-tools-for-stm32.12.3.rel1.win32_1.0.100.202403111256/tools/bin/../lib/gcc/arm-none-eabi/12.3.1/../../../../arm-none-eabi/lib/thumb/v7-m/nofp\libc_nano.a(libc_a-strlen.o)
                0x08000228                strlen
 .text          0x08000238      0x168 C:/ST/STM32CubeIDE_1.15.1/STM32CubeIDE/plugins/com.st.stm32cube.ide.mcu.externaltools.gnu-tools-for-stm32.12.3.rel1.win32_1.0.100.202403111256/tools/bin/../lib/gcc/arm-none-eabi/12.3.1/thumb/v7-m/nofp\libgcc.a(_arm_mulsf3.o)
                0x08000238                __aeabi_fmul
                0x08000238                __mulsf3
 .text          0x080003a0      0x378 C:/ST/STM32CubeIDE_1.15.1/STM32CubeIDE/plugins/com.st.stm32cube.ide.mcu.externaltools.gnu-tools-for-stm32.12.3.rel1.win32_1.0.100.202403111256/tools/bin/../lib/gcc/arm-none-eabi/12.3.1/thumb/v7-m/nofp\libgcc.a(_arm_addsubdf3.o)
                0x080003a0                __aeabi_drsub
                0x080003a8                __aeabi_dsub
                0x080003a8                __subdf3
                0x080003ac                __aeabi_dadd
                0x080003ac                __adddf3
                0x08000624                __floatunsidf
                0x08000624                __aeabi_ui2d
                0x08000644                __floatsidf
                0x08000644                __aeabi_i2d
                0x08000668                __aeabi_f2d
                0x08000668                __extendsfdf2
                0x080006ac                __floatundidf
                0x080006ac                __aeabi_ul2d
                0x080006bc                __floatdidf
                0x080006bc                __aeabi_l2d
 .text          0x08000718      0x424 C:/ST/STM32CubeIDE_1.15.1/STM32CubeIDE/plugins/com.st.stm32cube.ide.mcu.externaltools.gnu-tools-for-stm32.12.3.rel1.win32_1.0.100.202403111256/tools/bin/../lib/gcc/arm-none-eabi/12.3.1/thumb/v7-m/nofp\libgcc.a(_arm_muldivdf3.o)
                0x08000718                __aeabi_dmul
                0x08000718                __muldf3
                0x0800096c                __divdf3
                0x0800096c                __aeabi_ddiv
 .text          0x08000b3c      0x110 C:/ST/STM32CubeIDE_1.15.1/STM32CubeIDE/plugins/com.st.stm32cube.ide.mcu.externaltools.gnu-tools-for-stm32.12.3.rel1.win32_1.0.100.202403111256/tools/bin/../lib/gcc/arm-none-eabi/12.3.1/thumb/v7-m/nofp\libgcc.a(_arm_cmpdf2.o)
                0x08000b3c                __gtdf2
                0x08000b3c                __gedf2
                0x08000b44                __ltdf2
                0x08000b44                __ledf2
                0x08000b4c                __nedf2
                0x08000b4c                __eqdf2
                0x08000b4c                __cmpdf2
                0x08000bc8                __aeabi_cdrcmple
                0x08000bd8                __aeabi_cdcmpeq
                0x08000bd8                __aeabi_cdcmple
                0x08000be8                __aeabi_dcmpeq
                0x08000bfc                __aeabi_dcmplt
                0x08000c10                __aeabi_dcmple
                0x08000c24                __aeabi_dcmpge
                0x08000c38                __aeabi_dcmpgt
 .text          0x08000c4c       0x2c C:/ST/STM32CubeIDE_1.15.1/STM32CubeIDE/plugins/com.st.stm32cube.ide.mcu.externaltools.gnu-tools-for-stm32.12.3.rel1.win32_1.0.100.202403111256/tools/bin/../lib/gcc/arm-none-eabi/12.3.1/thumb/v7-m/nofp\libgcc.a(_arm_unorddf2.o)
                0x08000c4c                __unorddf2
                0x08000c4c                __aeabi_dcmpun
 .text          0x08000c78       0x50 C:/ST/STM32CubeIDE_1.15.1/STM32CubeIDE/plugins/com.st.stm32cube.ide.mcu.externaltools.gnu-tools-for-stm32.12.3.rel1.win32_1.0.100.202403111256/tools/bin/../lib/gcc/arm-none-eabi/12.3.1/thumb/v7-m/nofp\libgcc.a(_arm_fixdfsi.o)
                0x08000c78                __aeabi_d2iz
                0x08000c78                __fixdfsi
 .text          0x08000cc8       0x40 C:/ST/STM32CubeIDE_1.15.1/STM32CubeIDE/plugins/com.st.stm32cube.ide.mcu.externaltools.gnu-tools-for-stm32.12.3.rel1.win32_1.0.100.202403111256/tools/bin/../lib/gcc/arm-none-eabi/12.3.1/thumb/v7-m/nofp\libgcc.a(_arm_fixunsdfsi.o)
                0x08000cc8                __aeabi_d2uiz
                0x08000cc8                __fixunsdfsi
 .text          0x08000d08       0xa0 C:/ST/STM32CubeIDE_1.15.1/STM32CubeIDE/plugins/com.st.stm32cube.ide.mcu.externaltools.gnu-tools-for-stm32.12.3.rel1.win32_1.0.100.202403111256/tools/bin/../lib/gcc/arm-none-eabi/12.3.1/thumb/v7-m/nofp\libgcc.a(_arm_truncdfsf2.o)
                0x08000d08                __truncdfsf2
                0x08000d08                __aeabi_d2f
 .text          0x08000da8      0x21c C:/ST/STM32CubeIDE_1.15.1/STM32CubeIDE/plugins/com.st.stm32cube.ide.mcu.externaltools.gnu-tools-for-stm32.12.3.rel1.win32_1.0.100.202403111256/tools/bin/../lib/gcc/arm-none-eabi/12.3.1/thumb/v7-m/nofp\libgcc.a(_arm_addsubsf3.o)
                0x08000da8                __aeabi_frsub
                0x08000db0                __subsf3
                0x08000db0                __aeabi_fsub
                0x08000db4                __aeabi_fadd
                0x08000db4                __addsf3
                0x08000f14                __aeabi_ui2f
                0x08000f14                __floatunsisf
                0x08000f1c                __aeabi_i2f
                0x08000f1c                __floatsisf
                0x08000f38                __aeabi_ul2f
                0x08000f38                __floatundisf
                0x08000f48                __aeabi_l2f
                0x08000f48                __floatdisf
 .text          0x08000fc4       0x4c C:/ST/STM32CubeIDE_1.15.1/STM32CubeIDE/plugins/com.st.stm32cube.ide.mcu.externaltools.gnu-tools-for-stm32.12.3.rel1.win32_1.0.100.202403111256/tools/bin/../lib/gcc/arm-none-eabi/12.3.1/thumb/v7-m/nofp\libgcc.a(_arm_fixsfsi.o)
                0x08000fc4                __aeabi_f2iz
                0x08000fc4                __fixsfsi
 *(.text*)
 .text._ZN9Motor_PID9quaythuanEs
                0x08001010       0x60 ./Core/Src/Driver_Robot.o
                0x08001010                Motor_PID::quaythuan(short)
 .text._ZN9Motor_PID10quaynghichEs
                0x08001070       0x60 ./Core/Src/Driver_Robot.o
                0x08001070                Motor_PID::quaynghich(short)
 .text._Z10constrainslll
                0x080010d0       0x30 ./Core/Src/Driver_Robot.o
                0x080010d0                constrains(long, long, long)
 .text._Z10soft_speedPssm
                0x08001100       0x8c ./Core/Src/Driver_Robot.o
                0x08001100                soft_speed(short*, short, unsigned long)
 .text._Z9get_angles
                0x0800118c       0x70 ./Core/Src/Driver_Robot.o
                0x0800118c                get_angle(short)
 .text._Z10PID_rotatess
                0x080011fc      0x154 ./Core/Src/Driver_Robot.o
                0x080011fc                PID_rotate(short, short)
 .text._Z6run_dchs
                0x08001350       0x64 ./Core/Src/Driver_Robot.o
                0x08001350                run_dc(unsigned char, short)
 *fill*         0x080013b4        0x4 
 .text._Z14move_directionssssm
                0x080013b8      0x52c ./Core/Src/Driver_Robot.o
                0x080013b8                move_direction(short, short, short, short, unsigned long)
 .text._Z8rot_lefts
                0x080018e4       0x54 ./Core/Src/Driver_Robot.o
                0x080018e4                rot_left(short)
 .text._Z9rot_rights
                0x08001938       0x54 ./Core/Src/Driver_Robot.o
                0x08001938                rot_right(short)
 .text._Z4stopv
                0x0800198c       0x38 ./Core/Src/Driver_Robot.o
                0x0800198c                stop()
 *fill*         0x080019c4        0x4 
 .text._Z9run_basicv
                0x080019c8      0x2b0 ./Core/Src/Driver_Robot.o
                0x080019c8                run_basic()
 .text._ZSt4sqrtIiEN9__gnu_cxx11__enable_ifIXsrSt12__is_integerIT_E7__valueEdE6__typeES3_
                0x08001c78       0x28 ./Core/Src/Driver_Robot.o
                0x08001c78                __gnu_cxx::__enable_if<std::__is_integer<int>::__value, double>::__type std::sqrt<int>(int)
 .text._ZSt5atan2IssEN9__gnu_cxx11__promote_2IT_T0_NS0_9__promoteIS2_XsrSt12__is_integerIS2_E7__valueEE6__typeENS4_IS3_XsrS5_IS3_E7__valueEE6__typeEE6__typeES2_S3_
                0x08001ca0       0x42 ./Core/Src/Driver_Robot.o
                0x08001ca0                __gnu_cxx::__promote_2<short, short, __gnu_cxx::__promote<short, std::__is_integer<short>::__value>::__type, __gnu_cxx::__promote<short, std::__is_integer<short>::__value>::__type>::__type std::atan2<short, short>(short, short)
 *fill*         0x08001ce2        0x2 
 .text._Z15ENABLE_GPIO_CLKP12GPIO_TypeDef
                0x08001ce4       0xac ./Core/Src/GPIO_Master.o
                0x08001ce4                ENABLE_GPIO_CLK(GPIO_TypeDef*)
 .text._Z13GPIO_OUT_InitP12GPIO_TypeDefmm
                0x08001d90       0x52 ./Core/Src/GPIO_Master.o
                0x08001d90                GPIO_OUT_Init(GPIO_TypeDef*, unsigned long, unsigned long)
 .text._ZnwjPv  0x08001de2       0x16 ./Core/Src/PWM_Master_f103.o
                0x08001de2                operator new(unsigned int, void*)
 .text._ZNKSt4hashIbEclEb
                0x08001df8       0x18 ./Core/Src/PWM_Master_f103.o
                0x08001df8                std::hash<bool>::operator()(bool) const
 .text._ZNKSt4hashItEclEt
                0x08001e10       0x18 ./Core/Src/PWM_Master_f103.o
                0x08001e10                std::hash<unsigned short>::operator()(unsigned short) const
 .text._ZNSt8__detail15_Hash_node_baseC2Ev
                0x08001e28       0x1a ./Core/Src/PWM_Master_f103.o
                0x08001e28                std::__detail::_Hash_node_base::_Hash_node_base()
                0x08001e28                std::__detail::_Hash_node_base::_Hash_node_base()
 .text._ZNKSt8__detail18_Mod_range_hashingclEjj
                0x08001e42       0x26 ./Core/Src/PWM_Master_f103.o
                0x08001e42                std::__detail::_Mod_range_hashing::operator()(unsigned int, unsigned int) const
 .text._ZNSt8__detail20_Prime_rehash_policyC2Ef
                0x08001e68       0x22 ./Core/Src/PWM_Master_f103.o
                0x08001e68                std::__detail::_Prime_rehash_policy::_Prime_rehash_policy(float)
                0x08001e68                std::__detail::_Prime_rehash_policy::_Prime_rehash_policy(float)
 .text._ZNKSt8__detail20_Prime_rehash_policy8_M_stateEv
                0x08001e8a       0x16 ./Core/Src/PWM_Master_f103.o
                0x08001e8a                std::__detail::_Prime_rehash_policy::_M_state() const
 .text._ZSt3minIjERKT_S2_S2_
                0x08001ea0       0x26 ./Core/Src/PWM_Master_f103.o
                0x08001ea0                unsigned int const& std::min<unsigned int>(unsigned int const&, unsigned int const&)
 .text._ZN16GPIO_TIM_MappingC2Ev
                0x08001ec6       0x36 ./Core/Src/PWM_Master_f103.o
                0x08001ec6                GPIO_TIM_Mapping::GPIO_TIM_Mapping()
                0x08001ec6                GPIO_TIM_Mapping::GPIO_TIM_Mapping()
 .text._ZN16GPIO_TIM_MappingC2EP12GPIO_TypeDefmP11TIM_TypeDefmb
                0x08001efc       0x3a ./Core/Src/PWM_Master_f103.o
                0x08001efc                GPIO_TIM_Mapping::GPIO_TIM_Mapping(GPIO_TypeDef*, unsigned long, TIM_TypeDef*, unsigned long, bool)
                0x08001efc                GPIO_TIM_Mapping::GPIO_TIM_Mapping(GPIO_TypeDef*, unsigned long, TIM_TypeDef*, unsigned long, bool)
 .text._ZNK16GPIO_TIM_MappingeqERKS_
                0x08001f36       0x32 ./Core/Src/PWM_Master_f103.o
                0x08001f36                GPIO_TIM_Mapping::operator==(GPIO_TIM_Mapping const&) const
 .text._ZNK11GPIOPinHashclERK16GPIO_TIM_Mapping
                0x08001f68       0x44 ./Core/Src/PWM_Master_f103.o
                0x08001f68                GPIOPinHash::operator()(GPIO_TIM_Mapping const&) const
 .text._ZNSt8__detail15_Hash_code_baseI16GPIO_TIM_MappingSt4pairIKS1_S1_ENS_10_Select1stE11GPIOPinHashNS_18_Mod_range_hashingENS_20_Default_ranged_hashELb1EEC2Ev
                0x08001fac       0x18 ./Core/Src/PWM_Master_f103.o
                0x08001fac                std::__detail::_Hash_code_base<GPIO_TIM_Mapping, std::pair<GPIO_TIM_Mapping const, GPIO_TIM_Mapping>, std::__detail::_Select1st, GPIOPinHash, std::__detail::_Mod_range_hashing, std::__detail::_Default_ranged_hash, true>::_Hash_code_base()
                0x08001fac                std::__detail::_Hash_code_base<GPIO_TIM_Mapping, std::pair<GPIO_TIM_Mapping const, GPIO_TIM_Mapping>, std::__detail::_Select1st, GPIOPinHash, std::__detail::_Mod_range_hashing, std::__detail::_Default_ranged_hash, true>::_Hash_code_base()
 .text._ZNSt8__detail15_Hashtable_baseI16GPIO_TIM_MappingSt4pairIKS1_S1_ENS_10_Select1stESt8equal_toIS1_E11GPIOPinHashNS_18_Mod_range_hashingENS_20_Default_ranged_hashENS_17_Hashtable_traitsILb1ELb0ELb0EEEEC2Ev
                0x08001fc4       0x1e ./Core/Src/PWM_Master_f103.o
                0x08001fc4                std::__detail::_Hashtable_base<GPIO_TIM_Mapping, std::pair<GPIO_TIM_Mapping const, GPIO_TIM_Mapping>, std::__detail::_Select1st, std::equal_to<GPIO_TIM_Mapping>, GPIOPinHash, std::__detail::_Mod_range_hashing, std::__detail::_Default_ranged_hash, std::__detail::_Hashtable_traits<true, false, false> >::_Hashtable_base()
                0x08001fc4                std::__detail::_Hashtable_base<GPIO_TIM_Mapping, std::pair<GPIO_TIM_Mapping const, GPIO_TIM_Mapping>, std::__detail::_Select1st, std::equal_to<GPIO_TIM_Mapping>, GPIOPinHash, std::__detail::_Mod_range_hashing, std::__detail::_Default_ranged_hash, std::__detail::_Hashtable_traits<true, false, false> >::_Hashtable_base()
 .text._ZNSt8__detail21_Hashtable_ebo_helperILi0ESaINS_10_Hash_nodeISt4pairIK16GPIO_TIM_MappingS3_ELb1EEEELb1EED2Ev
                0x08001fe2       0x18 ./Core/Src/PWM_Master_f103.o
                0x08001fe2                std::__detail::_Hashtable_ebo_helper<0, std::allocator<std::__detail::_Hash_node<std::pair<GPIO_TIM_Mapping const, GPIO_TIM_Mapping>, true> >, true>::~_Hashtable_ebo_helper()
                0x08001fe2                std::__detail::_Hashtable_ebo_helper<0, std::allocator<std::__detail::_Hash_node<std::pair<GPIO_TIM_Mapping const, GPIO_TIM_Mapping>, true> >, true>::~_Hashtable_ebo_helper()
 .text._ZNSt8__detail16_Hashtable_allocISaINS_10_Hash_nodeISt4pairIK16GPIO_TIM_MappingS3_ELb1EEEEEC2Ev
                0x08001ffa       0x18 ./Core/Src/PWM_Master_f103.o
                0x08001ffa                std::__detail::_Hashtable_alloc<std::allocator<std::__detail::_Hash_node<std::pair<GPIO_TIM_Mapping const, GPIO_TIM_Mapping>, true> > >::_Hashtable_alloc()
                0x08001ffa                std::__detail::_Hashtable_alloc<std::allocator<std::__detail::_Hash_node<std::pair<GPIO_TIM_Mapping const, GPIO_TIM_Mapping>, true> > >::_Hashtable_alloc()
 .text._ZNSt8__detail16_Hashtable_allocISaINS_10_Hash_nodeISt4pairIK16GPIO_TIM_MappingS3_ELb1EEEEED2Ev
                0x08002012       0x18 ./Core/Src/PWM_Master_f103.o
                0x08002012                std::__detail::_Hashtable_alloc<std::allocator<std::__detail::_Hash_node<std::pair<GPIO_TIM_Mapping const, GPIO_TIM_Mapping>, true> > >::~_Hashtable_alloc()
                0x08002012                std::__detail::_Hashtable_alloc<std::allocator<std::__detail::_Hash_node<std::pair<GPIO_TIM_Mapping const, GPIO_TIM_Mapping>, true> > >::~_Hashtable_alloc()
 .text._ZNSt10_HashtableI16GPIO_TIM_MappingSt4pairIKS0_S0_ESaIS3_ENSt8__detail10_Select1stESt8equal_toIS0_E11GPIOPinHashNS5_18_Mod_range_hashingENS5_20_Default_ranged_hashENS5_20_Prime_rehash_policyENS5_17_Hashtable_traitsILb1ELb0ELb0EEEEC2Ev
                0x0800202a       0x52 ./Core/Src/PWM_Master_f103.o
                0x0800202a                std::_Hashtable<GPIO_TIM_Mapping, std::pair<GPIO_TIM_Mapping const, GPIO_TIM_Mapping>, std::allocator<std::pair<GPIO_TIM_Mapping const, GPIO_TIM_Mapping> >, std::__detail::_Select1st, std::equal_to<GPIO_TIM_Mapping>, GPIOPinHash, std::__detail::_Mod_range_hashing, std::__detail::_Default_ranged_hash, std::__detail::_Prime_rehash_policy, std::__detail::_Hashtable_traits<true, false, false> >::_Hashtable()
                0x0800202a                std::_Hashtable<GPIO_TIM_Mapping, std::pair<GPIO_TIM_Mapping const, GPIO_TIM_Mapping>, std::allocator<std::pair<GPIO_TIM_Mapping const, GPIO_TIM_Mapping> >, std::__detail::_Select1st, std::equal_to<GPIO_TIM_Mapping>, GPIOPinHash, std::__detail::_Mod_range_hashing, std::__detail::_Default_ranged_hash, std::__detail::_Prime_rehash_policy, std::__detail::_Hashtable_traits<true, false, false> >::_Hashtable()
 .text._ZNSt18unordered_multimapI16GPIO_TIM_MappingS0_11GPIOPinHashSt8equal_toIS0_ESaISt4pairIKS0_S0_EEEC2Ev
                0x0800207c       0x1a ./Core/Src/PWM_Master_f103.o
                0x0800207c                std::unordered_multimap<GPIO_TIM_Mapping, GPIO_TIM_Mapping, GPIOPinHash, std::equal_to<GPIO_TIM_Mapping>, std::allocator<std::pair<GPIO_TIM_Mapping const, GPIO_TIM_Mapping> > >::unordered_multimap()
                0x0800207c                std::unordered_multimap<GPIO_TIM_Mapping, GPIO_TIM_Mapping, GPIOPinHash, std::equal_to<GPIO_TIM_Mapping>, std::allocator<std::pair<GPIO_TIM_Mapping const, GPIO_TIM_Mapping> > >::unordered_multimap()
 .text._Z14Timer_IsEnableP11TIM_TypeDef
                0x08002096       0x1a ./Core/Src/PWM_Master_f103.o
                0x08002096                Timer_IsEnable(TIM_TypeDef*)
 .text._Z18Timer_GetPrescalerP11TIM_TypeDef
                0x080020b0       0x18 ./Core/Src/PWM_Master_f103.o
                0x080020b0                Timer_GetPrescaler(TIM_TypeDef*)
 .text._Z15Timer_GetPeriodP11TIM_TypeDef
                0x080020c8       0x18 ./Core/Src/PWM_Master_f103.o
                0x080020c8                Timer_GetPeriod(TIM_TypeDef*)
 .text._Z15Enable_RCC_TIMxP11TIM_TypeDef
                0x080020e0      0x140 ./Core/Src/PWM_Master_f103.o
                0x080020e0                Enable_RCC_TIMx(TIM_TypeDef*)
 .text._Z17ENABLE_GPIO_CLOCKP12GPIO_TypeDef
                0x08002220       0xac ./Core/Src/PWM_Master_f103.o
                0x08002220                ENABLE_GPIO_CLOCK(GPIO_TypeDef*)
 .text._Z14TIMER_PWM_InitP12GPIO_TypeDeftP17TIM_HandleTypeDefP11TIM_TypeDefmttt
                0x080022cc      0x1dc ./Core/Src/PWM_Master_f103.o
                0x080022cc                TIMER_PWM_Init(GPIO_TypeDef*, unsigned short, TIM_HandleTypeDef*, TIM_TypeDef*, unsigned long, unsigned short, unsigned short, unsigned short)
 .text._Z10AddMappingP12GPIO_TypeDeftP11TIM_TypeDefmb
                0x080024a8       0x5c ./Core/Src/PWM_Master_f103.o
                0x080024a8                AddMapping(GPIO_TypeDef*, unsigned short, TIM_TypeDef*, unsigned long, bool)
 .text._ZNSt12_Vector_baseI16GPIO_TIM_MappingSaIS0_EE12_Vector_implD2Ev
                0x08002504       0x18 ./Core/Src/PWM_Master_f103.o
                0x08002504                std::_Vector_base<GPIO_TIM_Mapping, std::allocator<GPIO_TIM_Mapping> >::_Vector_impl::~_Vector_impl()
                0x08002504                std::_Vector_base<GPIO_TIM_Mapping, std::allocator<GPIO_TIM_Mapping> >::_Vector_impl::~_Vector_impl()
 .text._ZNSt12_Vector_baseI16GPIO_TIM_MappingSaIS0_EEC2Ev
                0x0800251c       0x1a ./Core/Src/PWM_Master_f103.o
                0x0800251c                std::_Vector_base<GPIO_TIM_Mapping, std::allocator<GPIO_TIM_Mapping> >::_Vector_base()
                0x0800251c                std::_Vector_base<GPIO_TIM_Mapping, std::allocator<GPIO_TIM_Mapping> >::_Vector_base()
 .text._ZNSt6vectorI16GPIO_TIM_MappingSaIS0_EEC2Ev
                0x08002536       0x1a ./Core/Src/PWM_Master_f103.o
                0x08002536                std::vector<GPIO_TIM_Mapping, std::allocator<GPIO_TIM_Mapping> >::vector()
                0x08002536                std::vector<GPIO_TIM_Mapping, std::allocator<GPIO_TIM_Mapping> >::vector()
 .text._Z15FindAllMappingsP12GPIO_TypeDeftb
                0x08002550       0x90 ./Core/Src/PWM_Master_f103.o
                0x08002550                FindAllMappings(GPIO_TypeDef*, unsigned short, bool)
 .text._Z11FindMappingP12GPIO_TypeDeftb
                0x080025e0       0x88 ./Core/Src/PWM_Master_f103.o
                0x080025e0                FindMapping(GPIO_TypeDef*, unsigned short, bool)
 .text._Z13UpdateMappingRK16GPIO_TIM_MappingS1_
                0x08002668       0x7c ./Core/Src/PWM_Master_f103.o
                0x08002668                UpdateMapping(GPIO_TIM_Mapping const&, GPIO_TIM_Mapping const&)
 .text._Z17Register_PWM_GPIOP12GPIO_TypeDefmttt
                0x080026e4      0x132 ./Core/Src/PWM_Master_f103.o
                0x080026e4                Register_PWM_GPIO(GPIO_TypeDef*, unsigned long, unsigned short, unsigned short, unsigned short)
 .text._Z14PWM_Write_GPIOP12GPIO_TypeDefmt
                0x08002816       0x60 ./Core/Src/PWM_Master_f103.o
                0x08002816                PWM_Write_GPIO(GPIO_TypeDef*, unsigned long, unsigned short)
 *fill*         0x08002876        0x2 
 .text._Z19Add_Map_STM32F103xxv
                0x08002878      0x278 ./Core/Src/PWM_Master_f103.o
                0x08002878                Add_Map_STM32F103xx()
 .text._ZSt3maxIjERKT_S2_S2_
                0x08002af0       0x26 ./Core/Src/PWM_Master_f103.o
                0x08002af0                unsigned int const& std::max<unsigned int>(unsigned int const&, unsigned int const&)
 .text._ZNSt8__detail21_Hashtable_ebo_helperILi1E11GPIOPinHashLb1EEC2Ev
                0x08002b16       0x14 ./Core/Src/PWM_Master_f103.o
                0x08002b16                std::__detail::_Hashtable_ebo_helper<1, GPIOPinHash, true>::_Hashtable_ebo_helper()
                0x08002b16                std::__detail::_Hashtable_ebo_helper<1, GPIOPinHash, true>::_Hashtable_ebo_helper()
 .text._ZNSt8__detail21_Hashtable_ebo_helperILi0ESt8equal_toI16GPIO_TIM_MappingELb1EEC2Ev
                0x08002b2a       0x14 ./Core/Src/PWM_Master_f103.o
                0x08002b2a                std::__detail::_Hashtable_ebo_helper<0, std::equal_to<GPIO_TIM_Mapping>, true>::_Hashtable_ebo_helper()
                0x08002b2a                std::__detail::_Hashtable_ebo_helper<0, std::equal_to<GPIO_TIM_Mapping>, true>::_Hashtable_ebo_helper()
 .text._ZNSt8__detail21_Hashtable_ebo_helperILi0ESaINS_10_Hash_nodeISt4pairIK16GPIO_TIM_MappingS3_ELb1EEEELb1EEC2Ev
                0x08002b3e       0x18 ./Core/Src/PWM_Master_f103.o
                0x08002b3e                std::__detail::_Hashtable_ebo_helper<0, std::allocator<std::__detail::_Hash_node<std::pair<GPIO_TIM_Mapping const, GPIO_TIM_Mapping>, true> >, true>::_Hashtable_ebo_helper()
                0x08002b3e                std::__detail::_Hashtable_ebo_helper<0, std::allocator<std::__detail::_Hash_node<std::pair<GPIO_TIM_Mapping const, GPIO_TIM_Mapping>, true> >, true>::_Hashtable_ebo_helper()
 .text._ZNSaINSt8__detail10_Hash_nodeISt4pairIK16GPIO_TIM_MappingS2_ELb1EEEED2Ev
                0x08002b56       0x18 ./Core/Src/PWM_Master_f103.o
                0x08002b56                std::allocator<std::__detail::_Hash_node<std::pair<GPIO_TIM_Mapping const, GPIO_TIM_Mapping>, true> >::~allocator()
                0x08002b56                std::allocator<std::__detail::_Hash_node<std::pair<GPIO_TIM_Mapping const, GPIO_TIM_Mapping>, true> >::~allocator()
 .text._ZNSt10_HashtableI16GPIO_TIM_MappingSt4pairIKS0_S0_ESaIS3_ENSt8__detail10_Select1stESt8equal_toIS0_E11GPIOPinHashNS5_18_Mod_range_hashingENS5_20_Default_ranged_hashENS5_20_Prime_rehash_policyENS5_17_Hashtable_traitsILb1ELb0ELb0EEEED2Ev
                0x08002b6e       0x24 ./Core/Src/PWM_Master_f103.o
                0x08002b6e                std::_Hashtable<GPIO_TIM_Mapping, std::pair<GPIO_TIM_Mapping const, GPIO_TIM_Mapping>, std::allocator<std::pair<GPIO_TIM_Mapping const, GPIO_TIM_Mapping> >, std::__detail::_Select1st, std::equal_to<GPIO_TIM_Mapping>, GPIOPinHash, std::__detail::_Mod_range_hashing, std::__detail::_Default_ranged_hash, std::__detail::_Prime_rehash_policy, std::__detail::_Hashtable_traits<true, false, false> >::~_Hashtable()
                0x08002b6e                std::_Hashtable<GPIO_TIM_Mapping, std::pair<GPIO_TIM_Mapping const, GPIO_TIM_Mapping>, std::allocator<std::pair<GPIO_TIM_Mapping const, GPIO_TIM_Mapping> >, std::__detail::_Select1st, std::equal_to<GPIO_TIM_Mapping>, GPIOPinHash, std::__detail::_Mod_range_hashing, std::__detail::_Default_ranged_hash, std::__detail::_Prime_rehash_policy, std::__detail::_Hashtable_traits<true, false, false> >::~_Hashtable()
 .text._ZNSt18unordered_multimapI16GPIO_TIM_MappingS0_11GPIOPinHashSt8equal_toIS0_ESaISt4pairIKS0_S0_EEE7emplaceIJS0_S0_EEENSt8__detail14_Node_iteratorIS6_Lb0ELb1EEEDpOT_
                0x08002b92       0x32 ./Core/Src/PWM_Master_f103.o
                0x08002b92                std::__detail::_Node_iterator<std::pair<GPIO_TIM_Mapping const, GPIO_TIM_Mapping>, false, true> std::unordered_multimap<GPIO_TIM_Mapping, GPIO_TIM_Mapping, GPIOPinHash, std::equal_to<GPIO_TIM_Mapping>, std::allocator<std::pair<GPIO_TIM_Mapping const, GPIO_TIM_Mapping> > >::emplace<GPIO_TIM_Mapping, GPIO_TIM_Mapping>(GPIO_TIM_Mapping&&, GPIO_TIM_Mapping&&)
 .text._ZNSt12_Vector_baseI16GPIO_TIM_MappingSaIS0_EE12_Vector_implC2Ev
                0x08002bc4       0x20 ./Core/Src/PWM_Master_f103.o
                0x08002bc4                std::_Vector_base<GPIO_TIM_Mapping, std::allocator<GPIO_TIM_Mapping> >::_Vector_impl::_Vector_impl()
                0x08002bc4                std::_Vector_base<GPIO_TIM_Mapping, std::allocator<GPIO_TIM_Mapping> >::_Vector_impl::_Vector_impl()
 .text._ZNSaI16GPIO_TIM_MappingED2Ev
                0x08002be4       0x18 ./Core/Src/PWM_Master_f103.o
                0x08002be4                std::allocator<GPIO_TIM_Mapping>::~allocator()
                0x08002be4                std::allocator<GPIO_TIM_Mapping>::~allocator()
 .text._ZNSt12_Vector_baseI16GPIO_TIM_MappingSaIS0_EED2Ev
                0x08002bfc       0x3c ./Core/Src/PWM_Master_f103.o
                0x08002bfc                std::_Vector_base<GPIO_TIM_Mapping, std::allocator<GPIO_TIM_Mapping> >::~_Vector_base()
                0x08002bfc                std::_Vector_base<GPIO_TIM_Mapping, std::allocator<GPIO_TIM_Mapping> >::~_Vector_base()
 .text._ZNSt6vectorI16GPIO_TIM_MappingSaIS0_EED2Ev
                0x08002c38       0x36 ./Core/Src/PWM_Master_f103.o
                0x08002c38                std::vector<GPIO_TIM_Mapping, std::allocator<GPIO_TIM_Mapping> >::~vector()
                0x08002c38                std::vector<GPIO_TIM_Mapping, std::allocator<GPIO_TIM_Mapping> >::~vector()
 .text._ZNSt18unordered_multimapI16GPIO_TIM_MappingS0_11GPIOPinHashSt8equal_toIS0_ESaISt4pairIKS0_S0_EEE11equal_rangeERS5_
                0x08002c6e       0x22 ./Core/Src/PWM_Master_f103.o
                0x08002c6e                std::unordered_multimap<GPIO_TIM_Mapping, GPIO_TIM_Mapping, GPIOPinHash, std::equal_to<GPIO_TIM_Mapping>, std::allocator<std::pair<GPIO_TIM_Mapping const, GPIO_TIM_Mapping> > >::equal_range(GPIO_TIM_Mapping const&)
 .text._ZNSt8__detailneERKNS_19_Node_iterator_baseISt4pairIK16GPIO_TIM_MappingS2_ELb1EEES7_
                0x08002c90       0x26 ./Core/Src/PWM_Master_f103.o
                0x08002c90                std::__detail::operator!=(std::__detail::_Node_iterator_base<std::pair<GPIO_TIM_Mapping const, GPIO_TIM_Mapping>, true> const&, std::__detail::_Node_iterator_base<std::pair<GPIO_TIM_Mapping const, GPIO_TIM_Mapping>, true> const&)
 .text._ZNSt8__detail14_Node_iteratorISt4pairIK16GPIO_TIM_MappingS2_ELb0ELb1EEppEv
                0x08002cb6       0x1a ./Core/Src/PWM_Master_f103.o
                0x08002cb6                std::__detail::_Node_iterator<std::pair<GPIO_TIM_Mapping const, GPIO_TIM_Mapping>, false, true>::operator++()
 .text._ZNKSt8__detail14_Node_iteratorISt4pairIK16GPIO_TIM_MappingS2_ELb0ELb1EEptEv
                0x08002cd0       0x1e ./Core/Src/PWM_Master_f103.o
                0x08002cd0                std::__detail::_Node_iterator<std::pair<GPIO_TIM_Mapping const, GPIO_TIM_Mapping>, false, true>::operator->() const
 .text._ZNSt6vectorI16GPIO_TIM_MappingSaIS0_EE9push_backERKS0_
                0x08002cee       0x4c ./Core/Src/PWM_Master_f103.o
                0x08002cee                std::vector<GPIO_TIM_Mapping, std::allocator<GPIO_TIM_Mapping> >::push_back(GPIO_TIM_Mapping const&)
 .text._ZNSt18unordered_multimapI16GPIO_TIM_MappingS0_11GPIOPinHashSt8equal_toIS0_ESaISt4pairIKS0_S0_EEE5eraseENSt8__detail14_Node_iteratorIS6_Lb0ELb1EEE
                0x08002d3a       0x1e ./Core/Src/PWM_Master_f103.o
                0x08002d3a                std::unordered_multimap<GPIO_TIM_Mapping, GPIO_TIM_Mapping, GPIOPinHash, std::equal_to<GPIO_TIM_Mapping>, std::allocator<std::pair<GPIO_TIM_Mapping const, GPIO_TIM_Mapping> > >::erase(std::__detail::_Node_iterator<std::pair<GPIO_TIM_Mapping const, GPIO_TIM_Mapping>, false, true>)
 .text._ZNSt18unordered_multimapI16GPIO_TIM_MappingS0_11GPIOPinHashSt8equal_toIS0_ESaISt4pairIKS0_S0_EEE7emplaceIJRS5_SA_EEENSt8__detail14_Node_iteratorIS6_Lb0ELb1EEEDpOT_
                0x08002d58       0x32 ./Core/Src/PWM_Master_f103.o
                0x08002d58                std::__detail::_Node_iterator<std::pair<GPIO_TIM_Mapping const, GPIO_TIM_Mapping>, false, true> std::unordered_multimap<GPIO_TIM_Mapping, GPIO_TIM_Mapping, GPIOPinHash, std::equal_to<GPIO_TIM_Mapping>, std::allocator<std::pair<GPIO_TIM_Mapping const, GPIO_TIM_Mapping> > >::emplace<GPIO_TIM_Mapping const&, GPIO_TIM_Mapping const&>(GPIO_TIM_Mapping const&, GPIO_TIM_Mapping const&)
 .text._ZNSt6vectorI16GPIO_TIM_MappingSaIS0_EE5beginEv
                0x08002d8a       0x20 ./Core/Src/PWM_Master_f103.o
                0x08002d8a                std::vector<GPIO_TIM_Mapping, std::allocator<GPIO_TIM_Mapping> >::begin()
 .text._ZNSt6vectorI16GPIO_TIM_MappingSaIS0_EE3endEv
                0x08002daa       0x22 ./Core/Src/PWM_Master_f103.o
                0x08002daa                std::vector<GPIO_TIM_Mapping, std::allocator<GPIO_TIM_Mapping> >::end()
 .text._ZN9__gnu_cxxneIP16GPIO_TIM_MappingSt6vectorIS1_SaIS1_EEEEbRKNS_17__normal_iteratorIT_T0_EESB_
                0x08002dcc       0x30 ./Core/Src/PWM_Master_f103.o
                0x08002dcc                bool __gnu_cxx::operator!=<GPIO_TIM_Mapping*, std::vector<GPIO_TIM_Mapping, std::allocator<GPIO_TIM_Mapping> > >(__gnu_cxx::__normal_iterator<GPIO_TIM_Mapping*, std::vector<GPIO_TIM_Mapping, std::allocator<GPIO_TIM_Mapping> > > const&, __gnu_cxx::__normal_iterator<GPIO_TIM_Mapping*, std::vector<GPIO_TIM_Mapping, std::allocator<GPIO_TIM_Mapping> > > const&)
 .text._ZN9__gnu_cxx17__normal_iteratorIP16GPIO_TIM_MappingSt6vectorIS1_SaIS1_EEEppEv
                0x08002dfc       0x20 ./Core/Src/PWM_Master_f103.o
                0x08002dfc                __gnu_cxx::__normal_iterator<GPIO_TIM_Mapping*, std::vector<GPIO_TIM_Mapping, std::allocator<GPIO_TIM_Mapping> > >::operator++()
 .text._ZNK9__gnu_cxx17__normal_iteratorIP16GPIO_TIM_MappingSt6vectorIS1_SaIS1_EEEdeEv
                0x08002e1c       0x16 ./Core/Src/PWM_Master_f103.o
                0x08002e1c                __gnu_cxx::__normal_iterator<GPIO_TIM_Mapping*, std::vector<GPIO_TIM_Mapping, std::allocator<GPIO_TIM_Mapping> > >::operator*() const
 .text._ZSt7forwardIjEOT_RNSt16remove_referenceIS0_E4typeE
                0x08002e32       0x14 ./Core/Src/PWM_Master_f103.o
                0x08002e32                unsigned int&& std::forward<unsigned int>(std::remove_reference<unsigned int>::type&)
 .text._ZNSaINSt8__detail10_Hash_nodeISt4pairIK16GPIO_TIM_MappingS2_ELb1EEEEC2Ev
                0x08002e46       0x18 ./Core/Src/PWM_Master_f103.o
                0x08002e46                std::allocator<std::__detail::_Hash_node<std::pair<GPIO_TIM_Mapping const, GPIO_TIM_Mapping>, true> >::allocator()
                0x08002e46                std::allocator<std::__detail::_Hash_node<std::pair<GPIO_TIM_Mapping const, GPIO_TIM_Mapping>, true> >::allocator()
 .text._ZNSt15__new_allocatorINSt8__detail10_Hash_nodeISt4pairIK16GPIO_TIM_MappingS3_ELb1EEEED2Ev
                0x08002e5e       0x14 ./Core/Src/PWM_Master_f103.o
                0x08002e5e                std::__new_allocator<std::__detail::_Hash_node<std::pair<GPIO_TIM_Mapping const, GPIO_TIM_Mapping>, true> >::~__new_allocator()
                0x08002e5e                std::__new_allocator<std::__detail::_Hash_node<std::pair<GPIO_TIM_Mapping const, GPIO_TIM_Mapping>, true> >::~__new_allocator()
 .text._ZNSt10_HashtableI16GPIO_TIM_MappingSt4pairIKS0_S0_ESaIS3_ENSt8__detail10_Select1stESt8equal_toIS0_E11GPIOPinHashNS5_18_Mod_range_hashingENS5_20_Default_ranged_hashENS5_20_Prime_rehash_policyENS5_17_Hashtable_traitsILb1ELb0ELb0EEEE5clearEv
                0x08002e72       0x40 ./Core/Src/PWM_Master_f103.o
                0x08002e72                std::_Hashtable<GPIO_TIM_Mapping, std::pair<GPIO_TIM_Mapping const, GPIO_TIM_Mapping>, std::allocator<std::pair<GPIO_TIM_Mapping const, GPIO_TIM_Mapping> >, std::__detail::_Select1st, std::equal_to<GPIO_TIM_Mapping>, GPIOPinHash, std::__detail::_Mod_range_hashing, std::__detail::_Default_ranged_hash, std::__detail::_Prime_rehash_policy, std::__detail::_Hashtable_traits<true, false, false> >::clear()
 .text._ZNSt10_HashtableI16GPIO_TIM_MappingSt4pairIKS0_S0_ESaIS3_ENSt8__detail10_Select1stESt8equal_toIS0_E11GPIOPinHashNS5_18_Mod_range_hashingENS5_20_Default_ranged_hashENS5_20_Prime_rehash_policyENS5_17_Hashtable_traitsILb1ELb0ELb0EEEE21_M_deallocate_bucketsEv
                0x08002eb2       0x20 ./Core/Src/PWM_Master_f103.o
                0x08002eb2                std::_Hashtable<GPIO_TIM_Mapping, std::pair<GPIO_TIM_Mapping const, GPIO_TIM_Mapping>, std::allocator<std::pair<GPIO_TIM_Mapping const, GPIO_TIM_Mapping> >, std::__detail::_Select1st, std::equal_to<GPIO_TIM_Mapping>, GPIOPinHash, std::__detail::_Mod_range_hashing, std::__detail::_Default_ranged_hash, std::__detail::_Prime_rehash_policy, std::__detail::_Hashtable_traits<true, false, false> >::_M_deallocate_buckets()
 .text._ZSt7forwardI16GPIO_TIM_MappingEOT_RNSt16remove_referenceIS1_E4typeE
                0x08002ed2       0x14 ./Core/Src/PWM_Master_f103.o
                0x08002ed2                GPIO_TIM_Mapping&& std::forward<GPIO_TIM_Mapping>(std::remove_reference<GPIO_TIM_Mapping>::type&)
 .text._ZNSt10_HashtableI16GPIO_TIM_MappingSt4pairIKS0_S0_ESaIS3_ENSt8__detail10_Select1stESt8equal_toIS0_E11GPIOPinHashNS5_18_Mod_range_hashingENS5_20_Default_ranged_hashENS5_20_Prime_rehash_policyENS5_17_Hashtable_traitsILb1ELb0ELb0EEEE7emplaceIJS0_S0_EEENS5_14_Node_iteratorIS3_Lb0ELb1EEEDpOT_
                0x08002ee6       0x30 ./Core/Src/PWM_Master_f103.o
                0x08002ee6                std::__detail::_Node_iterator<std::pair<GPIO_TIM_Mapping const, GPIO_TIM_Mapping>, false, true> std::_Hashtable<GPIO_TIM_Mapping, std::pair<GPIO_TIM_Mapping const, GPIO_TIM_Mapping>, std::allocator<std::pair<GPIO_TIM_Mapping const, GPIO_TIM_Mapping> >, std::__detail::_Select1st, std::equal_to<GPIO_TIM_Mapping>, GPIOPinHash, std::__detail::_Mod_range_hashing, std::__detail::_Default_ranged_hash, std::__detail::_Prime_rehash_policy, std::__detail::_Hashtable_traits<true, false, false> >::emplace<GPIO_TIM_Mapping, GPIO_TIM_Mapping>(GPIO_TIM_Mapping&&, GPIO_TIM_Mapping&&)
 .text._ZNSaI16GPIO_TIM_MappingEC2Ev
                0x08002f16       0x18 ./Core/Src/PWM_Master_f103.o
                0x08002f16                std::allocator<GPIO_TIM_Mapping>::allocator()
                0x08002f16                std::allocator<GPIO_TIM_Mapping>::allocator()
 .text._ZNSt12_Vector_baseI16GPIO_TIM_MappingSaIS0_EE17_Vector_impl_dataC2Ev
                0x08002f2e       0x26 ./Core/Src/PWM_Master_f103.o
                0x08002f2e                std::_Vector_base<GPIO_TIM_Mapping, std::allocator<GPIO_TIM_Mapping> >::_Vector_impl_data::_Vector_impl_data()
                0x08002f2e                std::_Vector_base<GPIO_TIM_Mapping, std::allocator<GPIO_TIM_Mapping> >::_Vector_impl_data::_Vector_impl_data()
 .text._ZNSt15__new_allocatorI16GPIO_TIM_MappingED2Ev
                0x08002f54       0x14 ./Core/Src/PWM_Master_f103.o
                0x08002f54                std::__new_allocator<GPIO_TIM_Mapping>::~__new_allocator()
                0x08002f54                std::__new_allocator<GPIO_TIM_Mapping>::~__new_allocator()
 .text._ZNSt12_Vector_baseI16GPIO_TIM_MappingSaIS0_EE13_M_deallocateEPS0_j
                0x08002f68       0x26 ./Core/Src/PWM_Master_f103.o
                0x08002f68                std::_Vector_base<GPIO_TIM_Mapping, std::allocator<GPIO_TIM_Mapping> >::_M_deallocate(GPIO_TIM_Mapping*, unsigned int)
 .text._ZNSt12_Vector_baseI16GPIO_TIM_MappingSaIS0_EE19_M_get_Tp_allocatorEv
                0x08002f8e       0x14 ./Core/Src/PWM_Master_f103.o
                0x08002f8e                std::_Vector_base<GPIO_TIM_Mapping, std::allocator<GPIO_TIM_Mapping> >::_M_get_Tp_allocator()
 .text._ZSt8_DestroyIP16GPIO_TIM_MappingS0_EvT_S2_RSaIT0_E
                0x08002fa2       0x1c ./Core/Src/PWM_Master_f103.o
                0x08002fa2                void std::_Destroy<GPIO_TIM_Mapping*, GPIO_TIM_Mapping>(GPIO_TIM_Mapping*, GPIO_TIM_Mapping*, std::allocator<GPIO_TIM_Mapping>&)
 .text._ZNSt10_HashtableI16GPIO_TIM_MappingSt4pairIKS0_S0_ESaIS3_ENSt8__detail10_Select1stESt8equal_toIS0_E11GPIOPinHashNS5_18_Mod_range_hashingENS5_20_Default_ranged_hashENS5_20_Prime_rehash_policyENS5_17_Hashtable_traitsILb1ELb0ELb0EEEE11equal_rangeERS2_
                0x08002fbe       0x8a ./Core/Src/PWM_Master_f103.o
                0x08002fbe                std::_Hashtable<GPIO_TIM_Mapping, std::pair<GPIO_TIM_Mapping const, GPIO_TIM_Mapping>, std::allocator<std::pair<GPIO_TIM_Mapping const, GPIO_TIM_Mapping> >, std::__detail::_Select1st, std::equal_to<GPIO_TIM_Mapping>, GPIOPinHash, std::__detail::_Mod_range_hashing, std::__detail::_Default_ranged_hash, std::__detail::_Prime_rehash_policy, std::__detail::_Hashtable_traits<true, false, false> >::equal_range(GPIO_TIM_Mapping const&)
 .text._ZNSt8__detail19_Node_iterator_baseISt4pairIK16GPIO_TIM_MappingS2_ELb1EE7_M_incrEv
                0x08003048       0x20 ./Core/Src/PWM_Master_f103.o
                0x08003048                std::__detail::_Node_iterator_base<std::pair<GPIO_TIM_Mapping const, GPIO_TIM_Mapping>, true>::_M_incr()
 .text._ZNSt8__detail21_Hash_node_value_baseISt4pairIK16GPIO_TIM_MappingS2_EE9_M_valptrEv
                0x08003068       0x1a ./Core/Src/PWM_Master_f103.o
                0x08003068                std::__detail::_Hash_node_value_base<std::pair<GPIO_TIM_Mapping const, GPIO_TIM_Mapping> >::_M_valptr()
 .text._ZNSt16allocator_traitsISaI16GPIO_TIM_MappingEE9constructIS0_JRKS0_EEEvRS1_PT_DpOT0_
                0x08003082       0x26 ./Core/Src/PWM_Master_f103.o
                0x08003082                void std::allocator_traits<std::allocator<GPIO_TIM_Mapping> >::construct<GPIO_TIM_Mapping, GPIO_TIM_Mapping const&>(std::allocator<GPIO_TIM_Mapping>&, GPIO_TIM_Mapping*, GPIO_TIM_Mapping const&)
 .text._ZNSt6vectorI16GPIO_TIM_MappingSaIS0_EE15_S_use_relocateEv
                0x080030a8       0x16 ./Core/Src/PWM_Master_f103.o
                0x080030a8                std::vector<GPIO_TIM_Mapping, std::allocator<GPIO_TIM_Mapping> >::_S_use_relocate()
 .text._ZNSt6vectorI16GPIO_TIM_MappingSaIS0_EE19_S_nothrow_relocateESt17integral_constantIbLb1EE
                0x080030be       0x14 ./Core/Src/PWM_Master_f103.o
                0x080030be                std::vector<GPIO_TIM_Mapping, std::allocator<GPIO_TIM_Mapping> >::_S_nothrow_relocate(std::integral_constant<bool, true>)
 *fill*         0x080030d2        0x2 
 .text._ZNSt6vectorI16GPIO_TIM_MappingSaIS0_EE17_M_realloc_insertIJRKS0_EEEvN9__gnu_cxx17__normal_iteratorIPS0_S2_EEDpOT_
                0x080030d4      0x188 ./Core/Src/PWM_Master_f103.o
                0x080030d4                void std::vector<GPIO_TIM_Mapping, std::allocator<GPIO_TIM_Mapping> >::_M_realloc_insert<GPIO_TIM_Mapping const&>(__gnu_cxx::__normal_iterator<GPIO_TIM_Mapping*, std::vector<GPIO_TIM_Mapping, std::allocator<GPIO_TIM_Mapping> > >, GPIO_TIM_Mapping const&)
 .text._ZNSt10_HashtableI16GPIO_TIM_MappingSt4pairIKS0_S0_ESaIS3_ENSt8__detail10_Select1stESt8equal_toIS0_E11GPIOPinHashNS5_18_Mod_range_hashingENS5_20_Default_ranged_hashENS5_20_Prime_rehash_policyENS5_17_Hashtable_traitsILb1ELb0ELb0EEEE5eraseENS5_14_Node_iteratorIS3_Lb0ELb1EEE
                0x0800325c       0x2a ./Core/Src/PWM_Master_f103.o
                0x0800325c                std::_Hashtable<GPIO_TIM_Mapping, std::pair<GPIO_TIM_Mapping const, GPIO_TIM_Mapping>, std::allocator<std::pair<GPIO_TIM_Mapping const, GPIO_TIM_Mapping> >, std::__detail::_Select1st, std::equal_to<GPIO_TIM_Mapping>, GPIOPinHash, std::__detail::_Mod_range_hashing, std::__detail::_Default_ranged_hash, std::__detail::_Prime_rehash_policy, std::__detail::_Hashtable_traits<true, false, false> >::erase(std::__detail::_Node_iterator<std::pair<GPIO_TIM_Mapping const, GPIO_TIM_Mapping>, false, true>)
 .text._ZSt7forwardIRK16GPIO_TIM_MappingEOT_RNSt16remove_referenceIS3_E4typeE
                0x08003286       0x14 ./Core/Src/PWM_Master_f103.o
                0x08003286                GPIO_TIM_Mapping const& std::forward<GPIO_TIM_Mapping const&>(std::remove_reference<GPIO_TIM_Mapping const&>::type&)
 .text._ZNSt10_HashtableI16GPIO_TIM_MappingSt4pairIKS0_S0_ESaIS3_ENSt8__detail10_Select1stESt8equal_toIS0_E11GPIOPinHashNS5_18_Mod_range_hashingENS5_20_Default_ranged_hashENS5_20_Prime_rehash_policyENS5_17_Hashtable_traitsILb1ELb0ELb0EEEE7emplaceIJRS2_SH_EEENS5_14_Node_iteratorIS3_Lb0ELb1EEEDpOT_
                0x0800329a       0x30 ./Core/Src/PWM_Master_f103.o
                0x0800329a                std::__detail::_Node_iterator<std::pair<GPIO_TIM_Mapping const, GPIO_TIM_Mapping>, false, true> std::_Hashtable<GPIO_TIM_Mapping, std::pair<GPIO_TIM_Mapping const, GPIO_TIM_Mapping>, std::allocator<std::pair<GPIO_TIM_Mapping const, GPIO_TIM_Mapping> >, std::__detail::_Select1st, std::equal_to<GPIO_TIM_Mapping>, GPIOPinHash, std::__detail::_Mod_range_hashing, std::__detail::_Default_ranged_hash, std::__detail::_Prime_rehash_policy, std::__detail::_Hashtable_traits<true, false, false> >::emplace<GPIO_TIM_Mapping const&, GPIO_TIM_Mapping const&>(GPIO_TIM_Mapping const&, GPIO_TIM_Mapping const&)
 .text._ZN9__gnu_cxx17__normal_iteratorIP16GPIO_TIM_MappingSt6vectorIS1_SaIS1_EEEC2ERKS2_
                0x080032ca       0x1e ./Core/Src/PWM_Master_f103.o
                0x080032ca                __gnu_cxx::__normal_iterator<GPIO_TIM_Mapping*, std::vector<GPIO_TIM_Mapping, std::allocator<GPIO_TIM_Mapping> > >::__normal_iterator(GPIO_TIM_Mapping* const&)
                0x080032ca                __gnu_cxx::__normal_iterator<GPIO_TIM_Mapping*, std::vector<GPIO_TIM_Mapping, std::allocator<GPIO_TIM_Mapping> > >::__normal_iterator(GPIO_TIM_Mapping* const&)
 .text._ZNK9__gnu_cxx17__normal_iteratorIP16GPIO_TIM_MappingSt6vectorIS1_SaIS1_EEE4baseEv
                0x080032e8       0x14 ./Core/Src/PWM_Master_f103.o
                0x080032e8                __gnu_cxx::__normal_iterator<GPIO_TIM_Mapping*, std::vector<GPIO_TIM_Mapping, std::allocator<GPIO_TIM_Mapping> > >::base() const
 .text._ZNSt15__new_allocatorINSt8__detail10_Hash_nodeISt4pairIK16GPIO_TIM_MappingS3_ELb1EEEEC2Ev
                0x080032fc       0x14 ./Core/Src/PWM_Master_f103.o
                0x080032fc                std::__new_allocator<std::__detail::_Hash_node<std::pair<GPIO_TIM_Mapping const, GPIO_TIM_Mapping>, true> >::__new_allocator()
                0x080032fc                std::__new_allocator<std::__detail::_Hash_node<std::pair<GPIO_TIM_Mapping const, GPIO_TIM_Mapping>, true> >::__new_allocator()
 .text._ZNKSt10_HashtableI16GPIO_TIM_MappingSt4pairIKS0_S0_ESaIS3_ENSt8__detail10_Select1stESt8equal_toIS0_E11GPIOPinHashNS5_18_Mod_range_hashingENS5_20_Default_ranged_hashENS5_20_Prime_rehash_policyENS5_17_Hashtable_traitsILb1ELb0ELb0EEEE8_M_beginEv
                0x08003310       0x16 ./Core/Src/PWM_Master_f103.o
                0x08003310                std::_Hashtable<GPIO_TIM_Mapping, std::pair<GPIO_TIM_Mapping const, GPIO_TIM_Mapping>, std::allocator<std::pair<GPIO_TIM_Mapping const, GPIO_TIM_Mapping> >, std::__detail::_Select1st, std::equal_to<GPIO_TIM_Mapping>, GPIOPinHash, std::__detail::_Mod_range_hashing, std::__detail::_Default_ranged_hash, std::__detail::_Prime_rehash_policy, std::__detail::_Hashtable_traits<true, false, false> >::_M_begin() const
 .text._ZNSt8__detail16_Hashtable_allocISaINS_10_Hash_nodeISt4pairIK16GPIO_TIM_MappingS3_ELb1EEEEE19_M_deallocate_nodesEPS6_
                0x08003326       0x30 ./Core/Src/PWM_Master_f103.o
                0x08003326                std::__detail::_Hashtable_alloc<std::allocator<std::__detail::_Hash_node<std::pair<GPIO_TIM_Mapping const, GPIO_TIM_Mapping>, true> > >::_M_deallocate_nodes(std::__detail::_Hash_node<std::pair<GPIO_TIM_Mapping const, GPIO_TIM_Mapping>, true>*)
 .text._ZNSt10_HashtableI16GPIO_TIM_MappingSt4pairIKS0_S0_ESaIS3_ENSt8__detail10_Select1stESt8equal_toIS0_E11GPIOPinHashNS5_18_Mod_range_hashingENS5_20_Default_ranged_hashENS5_20_Prime_rehash_policyENS5_17_Hashtable_traitsILb1ELb0ELb0EEEE21_M_deallocate_bucketsEPPNS5_15_Hash_node_baseEj
                0x08003356       0x2e ./Core/Src/PWM_Master_f103.o
                0x08003356                std::_Hashtable<GPIO_TIM_Mapping, std::pair<GPIO_TIM_Mapping const, GPIO_TIM_Mapping>, std::allocator<std::pair<GPIO_TIM_Mapping const, GPIO_TIM_Mapping> >, std::__detail::_Select1st, std::equal_to<GPIO_TIM_Mapping>, GPIOPinHash, std::__detail::_Mod_range_hashing, std::__detail::_Default_ranged_hash, std::__detail::_Prime_rehash_policy, std::__detail::_Hashtable_traits<true, false, false> >::_M_deallocate_buckets(std::__detail::_Hash_node_base**, unsigned int)
 .text._ZNSt10_HashtableI16GPIO_TIM_MappingSt4pairIKS0_S0_ESaIS3_ENSt8__detail10_Select1stESt8equal_toIS0_E11GPIOPinHashNS5_18_Mod_range_hashingENS5_20_Default_ranged_hashENS5_20_Prime_rehash_policyENS5_17_Hashtable_traitsILb1ELb0ELb0EEEE10_M_emplaceIJS0_S0_EEENS5_14_Node_iteratorIS3_Lb0ELb1EEESt17integral_constantIbLb0EEDpOT_
                0x08003384       0x3e ./Core/Src/PWM_Master_f103.o
                0x08003384                std::__detail::_Node_iterator<std::pair<GPIO_TIM_Mapping const, GPIO_TIM_Mapping>, false, true> std::_Hashtable<GPIO_TIM_Mapping, std::pair<GPIO_TIM_Mapping const, GPIO_TIM_Mapping>, std::allocator<std::pair<GPIO_TIM_Mapping const, GPIO_TIM_Mapping> >, std::__detail::_Select1st, std::equal_to<GPIO_TIM_Mapping>, GPIOPinHash, std::__detail::_Mod_range_hashing, std::__detail::_Default_ranged_hash, std::__detail::_Prime_rehash_policy, std::__detail::_Hashtable_traits<true, false, false> >::_M_emplace<GPIO_TIM_Mapping, GPIO_TIM_Mapping>(std::integral_constant<bool, false>, GPIO_TIM_Mapping&&, GPIO_TIM_Mapping&&)
 .text._ZNSt15__new_allocatorI16GPIO_TIM_MappingEC2Ev
                0x080033c2       0x14 ./Core/Src/PWM_Master_f103.o
                0x080033c2                std::__new_allocator<GPIO_TIM_Mapping>::__new_allocator()
                0x080033c2                std::__new_allocator<GPIO_TIM_Mapping>::__new_allocator()
 .text._ZNSt16allocator_traitsISaI16GPIO_TIM_MappingEE10deallocateERS1_PS0_j
                0x080033d6       0x1e ./Core/Src/PWM_Master_f103.o
                0x080033d6                std::allocator_traits<std::allocator<GPIO_TIM_Mapping> >::deallocate(std::allocator<GPIO_TIM_Mapping>&, GPIO_TIM_Mapping*, unsigned int)
 .text._ZSt8_DestroyIP16GPIO_TIM_MappingEvT_S2_
                0x080033f4       0x1a ./Core/Src/PWM_Master_f103.o
                0x080033f4                void std::_Destroy<GPIO_TIM_Mapping*>(GPIO_TIM_Mapping*, GPIO_TIM_Mapping*)
 .text._ZNSt10_HashtableI16GPIO_TIM_MappingSt4pairIKS0_S0_ESaIS3_ENSt8__detail10_Select1stESt8equal_toIS0_E11GPIOPinHashNS5_18_Mod_range_hashingENS5_20_Default_ranged_hashENS5_20_Prime_rehash_policyENS5_17_Hashtable_traitsILb1ELb0ELb0EEEE4findERS2_
                0x0800340e       0xb6 ./Core/Src/PWM_Master_f103.o
                0x0800340e                std::_Hashtable<GPIO_TIM_Mapping, std::pair<GPIO_TIM_Mapping const, GPIO_TIM_Mapping>, std::allocator<std::pair<GPIO_TIM_Mapping const, GPIO_TIM_Mapping> >, std::__detail::_Select1st, std::equal_to<GPIO_TIM_Mapping>, GPIOPinHash, std::__detail::_Mod_range_hashing, std::__detail::_Default_ranged_hash, std::__detail::_Prime_rehash_policy, std::__detail::_Hashtable_traits<true, false, false> >::find(GPIO_TIM_Mapping const&)
 .text._ZNSt4pairINSt8__detail14_Node_iteratorIS_IK16GPIO_TIM_MappingS2_ELb0ELb1EEES5_EC2IRS5_S8_Lb1EEEOT_OT0_
                0x080034c4       0x32 ./Core/Src/PWM_Master_f103.o
                0x080034c4                std::pair<std::__detail::_Node_iterator<std::pair<GPIO_TIM_Mapping const, GPIO_TIM_Mapping>, false, true>, std::__detail::_Node_iterator<std::pair<GPIO_TIM_Mapping const, GPIO_TIM_Mapping>, false, true> >::pair<std::__detail::_Node_iterator<std::pair<GPIO_TIM_Mapping const, GPIO_TIM_Mapping>, false, true>&, std::__detail::_Node_iterator<std::pair<GPIO_TIM_Mapping const, GPIO_TIM_Mapping>, false, true>&, true>(std::__detail::_Node_iterator<std::pair<GPIO_TIM_Mapping const, GPIO_TIM_Mapping>, false, true>&, std::__detail::_Node_iterator<std::pair<GPIO_TIM_Mapping const, GPIO_TIM_Mapping>, false, true>&)
                0x080034c4                std::pair<std::__detail::_Node_iterator<std::pair<GPIO_TIM_Mapping const, GPIO_TIM_Mapping>, false, true>, std::__detail::_Node_iterator<std::pair<GPIO_TIM_Mapping const, GPIO_TIM_Mapping>, false, true> >::pair<std::__detail::_Node_iterator<std::pair<GPIO_TIM_Mapping const, GPIO_TIM_Mapping>, false, true>&, std::__detail::_Node_iterator<std::pair<GPIO_TIM_Mapping const, GPIO_TIM_Mapping>, false, true>&, true>(std::__detail::_Node_iterator<std::pair<GPIO_TIM_Mapping const, GPIO_TIM_Mapping>, false, true>&, std::__detail::_Node_iterator<std::pair<GPIO_TIM_Mapping const, GPIO_TIM_Mapping>, false, true>&)
 .text._ZNSt8__detail14_Node_iteratorISt4pairIK16GPIO_TIM_MappingS2_ELb0ELb1EEppEi
                0x080034f6       0x22 ./Core/Src/PWM_Master_f103.o
                0x080034f6                std::__detail::_Node_iterator<std::pair<GPIO_TIM_Mapping const, GPIO_TIM_Mapping>, false, true>::operator++(int)
 .text._ZNKSt8__detail15_Hashtable_baseI16GPIO_TIM_MappingSt4pairIKS1_S1_ENS_10_Select1stESt8equal_toIS1_E11GPIOPinHashNS_18_Mod_range_hashingENS_20_Default_ranged_hashENS_17_Hashtable_traitsILb1ELb0ELb0EEEE14_M_node_equalsERKNS_16_Hash_node_valueIS4_Lb1EEESH_
                0x08003518       0x5a ./Core/Src/PWM_Master_f103.o
                0x08003518                std::__detail::_Hashtable_base<GPIO_TIM_Mapping, std::pair<GPIO_TIM_Mapping const, GPIO_TIM_Mapping>, std::__detail::_Select1st, std::equal_to<GPIO_TIM_Mapping>, GPIOPinHash, std::__detail::_Mod_range_hashing, std::__detail::_Default_ranged_hash, std::__detail::_Hashtable_traits<true, false, false> >::_M_node_equals(std::__detail::_Hash_node_value<std::pair<GPIO_TIM_Mapping const, GPIO_TIM_Mapping>, true> const&, std::__detail::_Hash_node_value<std::pair<GPIO_TIM_Mapping const, GPIO_TIM_Mapping>, true> const&) const
 .text._ZNKSt8__detail10_Hash_nodeISt4pairIK16GPIO_TIM_MappingS2_ELb1EE7_M_nextEv
                0x08003572       0x16 ./Core/Src/PWM_Master_f103.o
                0x08003572                std::__detail::_Hash_node<std::pair<GPIO_TIM_Mapping const, GPIO_TIM_Mapping>, true>::_M_next() const
 .text._ZN9__gnu_cxx16__aligned_bufferISt4pairIK16GPIO_TIM_MappingS2_EE6_M_ptrEv
                0x08003588       0x18 ./Core/Src/PWM_Master_f103.o
                0x08003588                __gnu_cxx::__aligned_buffer<std::pair<GPIO_TIM_Mapping const, GPIO_TIM_Mapping> >::_M_ptr()
 .text._ZNSt15__new_allocatorI16GPIO_TIM_MappingE9constructIS0_JRKS0_EEEvPT_DpOT0_
                0x080035a0       0x34 ./Core/Src/PWM_Master_f103.o
                0x080035a0                void std::__new_allocator<GPIO_TIM_Mapping>::construct<GPIO_TIM_Mapping, GPIO_TIM_Mapping const&>(GPIO_TIM_Mapping*, GPIO_TIM_Mapping const&)
 .text._ZNKSt6vectorI16GPIO_TIM_MappingSaIS0_EE12_M_check_lenEjPKc
                0x080035d4       0x8e ./Core/Src/PWM_Master_f103.o
                0x080035d4                std::vector<GPIO_TIM_Mapping, std::allocator<GPIO_TIM_Mapping> >::_M_check_len(unsigned int, char const*) const
 *fill*         0x08003662        0x2 
 .text._ZN9__gnu_cxxmiIP16GPIO_TIM_MappingSt6vectorIS1_SaIS1_EEEENS_17__normal_iteratorIT_T0_E15difference_typeERKS9_SC_
                0x08003664       0x34 ./Core/Src/PWM_Master_f103.o
                0x08003664                __gnu_cxx::__normal_iterator<GPIO_TIM_Mapping*, std::vector<GPIO_TIM_Mapping, std::allocator<GPIO_TIM_Mapping> > >::difference_type __gnu_cxx::operator-<GPIO_TIM_Mapping*, std::vector<GPIO_TIM_Mapping, std::allocator<GPIO_TIM_Mapping> > >(__gnu_cxx::__normal_iterator<GPIO_TIM_Mapping*, std::vector<GPIO_TIM_Mapping, std::allocator<GPIO_TIM_Mapping> > > const&, __gnu_cxx::__normal_iterator<GPIO_TIM_Mapping*, std::vector<GPIO_TIM_Mapping, std::allocator<GPIO_TIM_Mapping> > > const&)
 .text._ZNSt12_Vector_baseI16GPIO_TIM_MappingSaIS0_EE11_M_allocateEj
                0x08003698       0x28 ./Core/Src/PWM_Master_f103.o
                0x08003698                std::_Vector_base<GPIO_TIM_Mapping, std::allocator<GPIO_TIM_Mapping> >::_M_allocate(unsigned int)
 .text._ZNSt6vectorI16GPIO_TIM_MappingSaIS0_EE11_S_relocateEPS0_S3_S3_RS1_
                0x080036c0       0x28 ./Core/Src/PWM_Master_f103.o
                0x080036c0                std::vector<GPIO_TIM_Mapping, std::allocator<GPIO_TIM_Mapping> >::_S_relocate(GPIO_TIM_Mapping*, GPIO_TIM_Mapping*, GPIO_TIM_Mapping*, std::allocator<GPIO_TIM_Mapping>&)
 .text._ZSt34__uninitialized_move_if_noexcept_aIP16GPIO_TIM_MappingS1_SaIS0_EET0_T_S4_S3_RT1_
                0x080036e8       0x32 ./Core/Src/PWM_Master_f103.o
                0x080036e8                GPIO_TIM_Mapping* std::__uninitialized_move_if_noexcept_a<GPIO_TIM_Mapping*, GPIO_TIM_Mapping*, std::allocator<GPIO_TIM_Mapping> >(GPIO_TIM_Mapping*, GPIO_TIM_Mapping*, GPIO_TIM_Mapping*, std::allocator<GPIO_TIM_Mapping>&)
 .text._ZNSt16allocator_traitsISaI16GPIO_TIM_MappingEE7destroyIS0_EEvRS1_PT_
                0x0800371a       0x1a ./Core/Src/PWM_Master_f103.o
                0x0800371a                void std::allocator_traits<std::allocator<GPIO_TIM_Mapping> >::destroy<GPIO_TIM_Mapping>(std::allocator<GPIO_TIM_Mapping>&, GPIO_TIM_Mapping*)
 .text._ZNSt8__detail20_Node_const_iteratorISt4pairIK16GPIO_TIM_MappingS2_ELb0ELb1EEC2ERKNS_14_Node_iteratorIS4_Lb0ELb1EEE
                0x08003734       0x22 ./Core/Src/PWM_Master_f103.o
                0x08003734                std::__detail::_Node_const_iterator<std::pair<GPIO_TIM_Mapping const, GPIO_TIM_Mapping>, false, true>::_Node_const_iterator(std::__detail::_Node_iterator<std::pair<GPIO_TIM_Mapping const, GPIO_TIM_Mapping>, false, true> const&)
                0x08003734                std::__detail::_Node_const_iterator<std::pair<GPIO_TIM_Mapping const, GPIO_TIM_Mapping>, false, true>::_Node_const_iterator(std::__detail::_Node_iterator<std::pair<GPIO_TIM_Mapping const, GPIO_TIM_Mapping>, false, true> const&)
 .text._ZNSt10_HashtableI16GPIO_TIM_MappingSt4pairIKS0_S0_ESaIS3_ENSt8__detail10_Select1stESt8equal_toIS0_E11GPIOPinHashNS5_18_Mod_range_hashingENS5_20_Default_ranged_hashENS5_20_Prime_rehash_policyENS5_17_Hashtable_traitsILb1ELb0ELb0EEEE5eraseENS5_20_Node_const_iteratorIS3_Lb0ELb1EEE
                0x08003756       0x3e ./Core/Src/PWM_Master_f103.o
                0x08003756                std::_Hashtable<GPIO_TIM_Mapping, std::pair<GPIO_TIM_Mapping const, GPIO_TIM_Mapping>, std::allocator<std::pair<GPIO_TIM_Mapping const, GPIO_TIM_Mapping> >, std::__detail::_Select1st, std::equal_to<GPIO_TIM_Mapping>, GPIOPinHash, std::__detail::_Mod_range_hashing, std::__detail::_Default_ranged_hash, std::__detail::_Prime_rehash_policy, std::__detail::_Hashtable_traits<true, false, false> >::erase(std::__detail::_Node_const_iterator<std::pair<GPIO_TIM_Mapping const, GPIO_TIM_Mapping>, false, true>)
 .text._ZNSt10_HashtableI16GPIO_TIM_MappingSt4pairIKS0_S0_ESaIS3_ENSt8__detail10_Select1stESt8equal_toIS0_E11GPIOPinHashNS5_18_Mod_range_hashingENS5_20_Default_ranged_hashENS5_20_Prime_rehash_policyENS5_17_Hashtable_traitsILb1ELb0ELb0EEEE10_M_emplaceIJRS2_SH_EEENS5_14_Node_iteratorIS3_Lb0ELb1EEESt17integral_constantIbLb0EEDpOT_
                0x08003794       0x3e ./Core/Src/PWM_Master_f103.o
                0x08003794                std::__detail::_Node_iterator<std::pair<GPIO_TIM_Mapping const, GPIO_TIM_Mapping>, false, true> std::_Hashtable<GPIO_TIM_Mapping, std::pair<GPIO_TIM_Mapping const, GPIO_TIM_Mapping>, std::allocator<std::pair<GPIO_TIM_Mapping const, GPIO_TIM_Mapping> >, std::__detail::_Select1st, std::equal_to<GPIO_TIM_Mapping>, GPIOPinHash, std::__detail::_Mod_range_hashing, std::__detail::_Default_ranged_hash, std::__detail::_Prime_rehash_policy, std::__detail::_Hashtable_traits<true, false, false> >::_M_emplace<GPIO_TIM_Mapping const&, GPIO_TIM_Mapping const&>(std::integral_constant<bool, false>, GPIO_TIM_Mapping const&, GPIO_TIM_Mapping const&)
 .text._ZNSt8__detail16_Hashtable_allocISaINS_10_Hash_nodeISt4pairIK16GPIO_TIM_MappingS3_ELb1EEEEE18_M_deallocate_nodeEPS6_
                0x080037d2       0x36 ./Core/Src/PWM_Master_f103.o
                0x080037d2                std::__detail::_Hashtable_alloc<std::allocator<std::__detail::_Hash_node<std::pair<GPIO_TIM_Mapping const, GPIO_TIM_Mapping>, true> > >::_M_deallocate_node(std::__detail::_Hash_node<std::pair<GPIO_TIM_Mapping const, GPIO_TIM_Mapping>, true>*)
 .text._ZNKSt10_HashtableI16GPIO_TIM_MappingSt4pairIKS0_S0_ESaIS3_ENSt8__detail10_Select1stESt8equal_toIS0_E11GPIOPinHashNS5_18_Mod_range_hashingENS5_20_Default_ranged_hashENS5_20_Prime_rehash_policyENS5_17_Hashtable_traitsILb1ELb0ELb0EEEE21_M_uses_single_bucketEPPNS5_15_Hash_node_baseE
                0x08003808       0x2e ./Core/Src/PWM_Master_f103.o
                0x08003808                std::_Hashtable<GPIO_TIM_Mapping, std::pair<GPIO_TIM_Mapping const, GPIO_TIM_Mapping>, std::allocator<std::pair<GPIO_TIM_Mapping const, GPIO_TIM_Mapping> >, std::__detail::_Select1st, std::equal_to<GPIO_TIM_Mapping>, GPIOPinHash, std::__detail::_Mod_range_hashing, std::__detail::_Default_ranged_hash, std::__detail::_Prime_rehash_policy, std::__detail::_Hashtable_traits<true, false, false> >::_M_uses_single_bucket(std::__detail::_Hash_node_base**) const
 .text._ZNSt8__detail16_Hashtable_allocISaINS_10_Hash_nodeISt4pairIK16GPIO_TIM_MappingS3_ELb1EEEEE21_M_deallocate_bucketsEPPNS_15_Hash_node_baseEj
                0x08003836       0x46 ./Core/Src/PWM_Master_f103.o
                0x08003836                std::__detail::_Hashtable_alloc<std::allocator<std::__detail::_Hash_node<std::pair<GPIO_TIM_Mapping const, GPIO_TIM_Mapping>, true> > >::_M_deallocate_buckets(std::__detail::_Hash_node_base**, unsigned int)
 .text._ZNKSt10_HashtableI16GPIO_TIM_MappingSt4pairIKS0_S0_ESaIS3_ENSt8__detail10_Select1stESt8equal_toIS0_E11GPIOPinHashNS5_18_Mod_range_hashingENS5_20_Default_ranged_hashENS5_20_Prime_rehash_policyENS5_17_Hashtable_traitsILb1ELb0ELb0EEEE4cendEv
                0x0800387c       0x1e ./Core/Src/PWM_Master_f103.o
                0x0800387c                std::_Hashtable<GPIO_TIM_Mapping, std::pair<GPIO_TIM_Mapping const, GPIO_TIM_Mapping>, std::allocator<std::pair<GPIO_TIM_Mapping const, GPIO_TIM_Mapping> >, std::__detail::_Select1st, std::equal_to<GPIO_TIM_Mapping>, GPIOPinHash, std::__detail::_Mod_range_hashing, std::__detail::_Default_ranged_hash, std::__detail::_Prime_rehash_policy, std::__detail::_Hashtable_traits<true, false, false> >::cend() const
 .text._ZNSt10_HashtableI16GPIO_TIM_MappingSt4pairIKS0_S0_ESaIS3_ENSt8__detail10_Select1stESt8equal_toIS0_E11GPIOPinHashNS5_18_Mod_range_hashingENS5_20_Default_ranged_hashENS5_20_Prime_rehash_policyENS5_17_Hashtable_traitsILb1ELb0ELb0EEEE10_M_emplaceIJS0_S0_EEENS5_14_Node_iteratorIS3_Lb0ELb1EEENS5_20_Node_const_iteratorIS3_Lb0ELb1EEESt17integral_constantIbLb0EEDpOT_
                0x0800389a       0x7c ./Core/Src/PWM_Master_f103.o
                0x0800389a                std::__detail::_Node_iterator<std::pair<GPIO_TIM_Mapping const, GPIO_TIM_Mapping>, false, true> std::_Hashtable<GPIO_TIM_Mapping, std::pair<GPIO_TIM_Mapping const, GPIO_TIM_Mapping>, std::allocator<std::pair<GPIO_TIM_Mapping const, GPIO_TIM_Mapping> >, std::__detail::_Select1st, std::equal_to<GPIO_TIM_Mapping>, GPIOPinHash, std::__detail::_Mod_range_hashing, std::__detail::_Default_ranged_hash, std::__detail::_Prime_rehash_policy, std::__detail::_Hashtable_traits<true, false, false> >::_M_emplace<GPIO_TIM_Mapping, GPIO_TIM_Mapping>(std::__detail::_Node_const_iterator<std::pair<GPIO_TIM_Mapping const, GPIO_TIM_Mapping>, false, true>, std::integral_constant<bool, false>, GPIO_TIM_Mapping&&, GPIO_TIM_Mapping&&)
 .text._ZNSt15__new_allocatorI16GPIO_TIM_MappingE10deallocateEPS0_j
                0x08003916       0x24 ./Core/Src/PWM_Master_f103.o
                0x08003916                std::__new_allocator<GPIO_TIM_Mapping>::deallocate(GPIO_TIM_Mapping*, unsigned int)
 .text._ZNSt12_Destroy_auxILb1EE9__destroyIP16GPIO_TIM_MappingEEvT_S4_
                0x0800393a       0x14 ./Core/Src/PWM_Master_f103.o
                0x0800393a                void std::_Destroy_aux<true>::__destroy<GPIO_TIM_Mapping*>(GPIO_TIM_Mapping*, GPIO_TIM_Mapping*)
 .text._ZNKSt10_HashtableI16GPIO_TIM_MappingSt4pairIKS0_S0_ESaIS3_ENSt8__detail10_Select1stESt8equal_toIS0_E11GPIOPinHashNS5_18_Mod_range_hashingENS5_20_Default_ranged_hashENS5_20_Prime_rehash_policyENS5_17_Hashtable_traitsILb1ELb0ELb0EEEE4sizeEv
                0x0800394e       0x16 ./Core/Src/PWM_Master_f103.o
                0x0800394e                std::_Hashtable<GPIO_TIM_Mapping, std::pair<GPIO_TIM_Mapping const, GPIO_TIM_Mapping>, std::allocator<std::pair<GPIO_TIM_Mapping const, GPIO_TIM_Mapping> >, std::__detail::_Select1st, std::equal_to<GPIO_TIM_Mapping>, GPIOPinHash, std::__detail::_Mod_range_hashing, std::__detail::_Default_ranged_hash, std::__detail::_Prime_rehash_policy, std::__detail::_Hashtable_traits<true, false, false> >::size() const
 .text._ZNSt10_HashtableI16GPIO_TIM_MappingSt4pairIKS0_S0_ESaIS3_ENSt8__detail10_Select1stESt8equal_toIS0_E11GPIOPinHashNS5_18_Mod_range_hashingENS5_20_Default_ranged_hashENS5_20_Prime_rehash_policyENS5_17_Hashtable_traitsILb1ELb0ELb0EEEE22__small_size_thresholdEv
                0x08003964        0xe ./Core/Src/PWM_Master_f103.o
                0x08003964                std::_Hashtable<GPIO_TIM_Mapping, std::pair<GPIO_TIM_Mapping const, GPIO_TIM_Mapping>, std::allocator<std::pair<GPIO_TIM_Mapping const, GPIO_TIM_Mapping> >, std::__detail::_Select1st, std::equal_to<GPIO_TIM_Mapping>, GPIOPinHash, std::__detail::_Mod_range_hashing, std::__detail::_Default_ranged_hash, std::__detail::_Prime_rehash_policy, std::__detail::_Hashtable_traits<true, false, false> >::__small_size_threshold()
 .text._ZNSt10_HashtableI16GPIO_TIM_MappingSt4pairIKS0_S0_ESaIS3_ENSt8__detail10_Select1stESt8equal_toIS0_E11GPIOPinHashNS5_18_Mod_range_hashingENS5_20_Default_ranged_hashENS5_20_Prime_rehash_policyENS5_17_Hashtable_traitsILb1ELb0ELb0EEEE5beginEv
                0x08003972       0x26 ./Core/Src/PWM_Master_f103.o
                0x08003972                std::_Hashtable<GPIO_TIM_Mapping, std::pair<GPIO_TIM_Mapping const, GPIO_TIM_Mapping>, std::allocator<std::pair<GPIO_TIM_Mapping const, GPIO_TIM_Mapping> >, std::__detail::_Select1st, std::equal_to<GPIO_TIM_Mapping>, GPIOPinHash, std::__detail::_Mod_range_hashing, std::__detail::_Default_ranged_hash, std::__detail::_Prime_rehash_policy, std::__detail::_Hashtable_traits<true, false, false> >::begin()
 .text._ZNSt10_HashtableI16GPIO_TIM_MappingSt4pairIKS0_S0_ESaIS3_ENSt8__detail10_Select1stESt8equal_toIS0_E11GPIOPinHashNS5_18_Mod_range_hashingENS5_20_Default_ranged_hashENS5_20_Prime_rehash_policyENS5_17_Hashtable_traitsILb1ELb0ELb0EEEE3endEv
                0x08003998       0x1e ./Core/Src/PWM_Master_f103.o
                0x08003998                std::_Hashtable<GPIO_TIM_Mapping, std::pair<GPIO_TIM_Mapping const, GPIO_TIM_Mapping>, std::allocator<std::pair<GPIO_TIM_Mapping const, GPIO_TIM_Mapping> >, std::__detail::_Select1st, std::equal_to<GPIO_TIM_Mapping>, GPIOPinHash, std::__detail::_Mod_range_hashing, std::__detail::_Default_ranged_hash, std::__detail::_Prime_rehash_policy, std::__detail::_Hashtable_traits<true, false, false> >::end()
 .text._ZNKSt8__detail15_Hashtable_baseI16GPIO_TIM_MappingSt4pairIKS1_S1_ENS_10_Select1stESt8equal_toIS1_E11GPIOPinHashNS_18_Mod_range_hashingENS_20_Default_ranged_hashENS_17_Hashtable_traitsILb1ELb0ELb0EEEE13_M_key_equalsERS3_RKNS_16_Hash_node_valueIS4_Lb1EEE
                0x080039b6       0x40 ./Core/Src/PWM_Master_f103.o
                0x080039b6                std::__detail::_Hashtable_base<GPIO_TIM_Mapping, std::pair<GPIO_TIM_Mapping const, GPIO_TIM_Mapping>, std::__detail::_Select1st, std::equal_to<GPIO_TIM_Mapping>, GPIOPinHash, std::__detail::_Mod_range_hashing, std::__detail::_Default_ranged_hash, std::__detail::_Hashtable_traits<true, false, false> >::_M_key_equals(GPIO_TIM_Mapping const&, std::__detail::_Hash_node_value<std::pair<GPIO_TIM_Mapping const, GPIO_TIM_Mapping>, true> const&) const
 .text._ZNKSt8__detail15_Hash_code_baseI16GPIO_TIM_MappingSt4pairIKS1_S1_ENS_10_Select1stE11GPIOPinHashNS_18_Mod_range_hashingENS_20_Default_ranged_hashELb1EE12_M_hash_codeERS3_
                0x080039f6       0x24 ./Core/Src/PWM_Master_f103.o
                0x080039f6                std::__detail::_Hash_code_base<GPIO_TIM_Mapping, std::pair<GPIO_TIM_Mapping const, GPIO_TIM_Mapping>, std::__detail::_Select1st, GPIOPinHash, std::__detail::_Mod_range_hashing, std::__detail::_Default_ranged_hash, true>::_M_hash_code(GPIO_TIM_Mapping const&) const
 .text._ZNKSt10_HashtableI16GPIO_TIM_MappingSt4pairIKS0_S0_ESaIS3_ENSt8__detail10_Select1stESt8equal_toIS0_E11GPIOPinHashNS5_18_Mod_range_hashingENS5_20_Default_ranged_hashENS5_20_Prime_rehash_policyENS5_17_Hashtable_traitsILb1ELb0ELb0EEEE15_M_bucket_indexEj
                0x08003a1a       0x22 ./Core/Src/PWM_Master_f103.o
                0x08003a1a                std::_Hashtable<GPIO_TIM_Mapping, std::pair<GPIO_TIM_Mapping const, GPIO_TIM_Mapping>, std::allocator<std::pair<GPIO_TIM_Mapping const, GPIO_TIM_Mapping> >, std::__detail::_Select1st, std::equal_to<GPIO_TIM_Mapping>, GPIOPinHash, std::__detail::_Mod_range_hashing, std::__detail::_Default_ranged_hash, std::__detail::_Prime_rehash_policy, std::__detail::_Hashtable_traits<true, false, false> >::_M_bucket_index(unsigned int) const
 .text._ZNKSt10_HashtableI16GPIO_TIM_MappingSt4pairIKS0_S0_ESaIS3_ENSt8__detail10_Select1stESt8equal_toIS0_E11GPIOPinHashNS5_18_Mod_range_hashingENS5_20_Default_ranged_hashENS5_20_Prime_rehash_policyENS5_17_Hashtable_traitsILb1ELb0ELb0EEEE12_M_find_nodeEjRS2_j
                0x08003a3c       0x32 ./Core/Src/PWM_Master_f103.o
                0x08003a3c                std::_Hashtable<GPIO_TIM_Mapping, std::pair<GPIO_TIM_Mapping const, GPIO_TIM_Mapping>, std::allocator<std::pair<GPIO_TIM_Mapping const, GPIO_TIM_Mapping> >, std::__detail::_Select1st, std::equal_to<GPIO_TIM_Mapping>, GPIOPinHash, std::__detail::_Mod_range_hashing, std::__detail::_Default_ranged_hash, std::__detail::_Prime_rehash_policy, std::__detail::_Hashtable_traits<true, false, false> >::_M_find_node(unsigned int, GPIO_TIM_Mapping const&, unsigned int) const
 .text._ZNSt8__detail14_Node_iteratorISt4pairIK16GPIO_TIM_MappingS2_ELb0ELb1EEC2EPNS_10_Hash_nodeIS4_Lb1EEE
                0x08003a6e       0x1e ./Core/Src/PWM_Master_f103.o
                0x08003a6e                std::__detail::_Node_iterator<std::pair<GPIO_TIM_Mapping const, GPIO_TIM_Mapping>, false, true>::_Node_iterator(std::__detail::_Hash_node<std::pair<GPIO_TIM_Mapping const, GPIO_TIM_Mapping>, true>*)
                0x08003a6e                std::__detail::_Node_iterator<std::pair<GPIO_TIM_Mapping const, GPIO_TIM_Mapping>, false, true>::_Node_iterator(std::__detail::_Hash_node<std::pair<GPIO_TIM_Mapping const, GPIO_TIM_Mapping>, true>*)
 .text._ZSt7forwardIRNSt8__detail14_Node_iteratorISt4pairIK16GPIO_TIM_MappingS3_ELb0ELb1EEEEOT_RNSt16remove_referenceIS8_E4typeE
                0x08003a8c       0x14 ./Core/Src/PWM_Master_f103.o
                0x08003a8c                std::__detail::_Node_iterator<std::pair<GPIO_TIM_Mapping const, GPIO_TIM_Mapping>, false, true>& std::forward<std::__detail::_Node_iterator<std::pair<GPIO_TIM_Mapping const, GPIO_TIM_Mapping>, false, true>&>(std::remove_reference<std::__detail::_Node_iterator<std::pair<GPIO_TIM_Mapping const, GPIO_TIM_Mapping>, false, true>&>::type&)
 .text._ZNSt8__detail15_Hashtable_baseI16GPIO_TIM_MappingSt4pairIKS1_S1_ENS_10_Select1stESt8equal_toIS1_E11GPIOPinHashNS_18_Mod_range_hashingENS_20_Default_ranged_hashENS_17_Hashtable_traitsILb1ELb0ELb0EEEE14_S_node_equalsERKNS_21_Hash_node_code_cacheILb1EEESH_
                0x08003aa0       0x26 ./Core/Src/PWM_Master_f103.o
                0x08003aa0                std::__detail::_Hashtable_base<GPIO_TIM_Mapping, std::pair<GPIO_TIM_Mapping const, GPIO_TIM_Mapping>, std::__detail::_Select1st, std::equal_to<GPIO_TIM_Mapping>, GPIOPinHash, std::__detail::_Mod_range_hashing, std::__detail::_Default_ranged_hash, std::__detail::_Hashtable_traits<true, false, false> >::_S_node_equals(std::__detail::_Hash_node_code_cache<true> const&, std::__detail::_Hash_node_code_cache<true> const&)
 .text._ZNKSt8__detail21_Hash_node_value_baseISt4pairIK16GPIO_TIM_MappingS2_EE4_M_vEv
                0x08003ac6       0x18 ./Core/Src/PWM_Master_f103.o
                0x08003ac6                std::__detail::_Hash_node_value_base<std::pair<GPIO_TIM_Mapping const, GPIO_TIM_Mapping> >::_M_v() const
 .text._ZNKSt8__detail10_Select1stclIRKSt4pairIK16GPIO_TIM_MappingS3_EEEONS0_10__1st_typeIT_E4typeEOS9_
                0x08003ade       0x1a ./Core/Src/PWM_Master_f103.o
                0x08003ade                std::__detail::_Select1st::__1st_type<std::pair<GPIO_TIM_Mapping const, GPIO_TIM_Mapping> const&>::type&& std::__detail::_Select1st::operator()<std::pair<GPIO_TIM_Mapping const, GPIO_TIM_Mapping> const&>(std::pair<GPIO_TIM_Mapping const, GPIO_TIM_Mapping> const&) const
 .text._ZN9__gnu_cxx16__aligned_bufferISt4pairIK16GPIO_TIM_MappingS2_EE7_M_addrEv
                0x08003af8       0x14 ./Core/Src/PWM_Master_f103.o
                0x08003af8                __gnu_cxx::__aligned_buffer<std::pair<GPIO_TIM_Mapping const, GPIO_TIM_Mapping> >::_M_addr()
 .text._ZNKSt6vectorI16GPIO_TIM_MappingSaIS0_EE8max_sizeEv
                0x08003b0c       0x22 ./Core/Src/PWM_Master_f103.o
                0x08003b0c                std::vector<GPIO_TIM_Mapping, std::allocator<GPIO_TIM_Mapping> >::max_size() const
 *fill*         0x08003b2e        0x2 
 .text._ZNKSt6vectorI16GPIO_TIM_MappingSaIS0_EE4sizeEv
                0x08003b30       0x28 ./Core/Src/PWM_Master_f103.o
                0x08003b30                std::vector<GPIO_TIM_Mapping, std::allocator<GPIO_TIM_Mapping> >::size() const
 .text._ZNSt16allocator_traitsISaI16GPIO_TIM_MappingEE8allocateERS1_j
                0x08003b58       0x1e ./Core/Src/PWM_Master_f103.o
                0x08003b58                std::allocator_traits<std::allocator<GPIO_TIM_Mapping> >::allocate(std::allocator<GPIO_TIM_Mapping>&, unsigned int)
 .text._ZNSt6vectorI16GPIO_TIM_MappingSaIS0_EE14_S_do_relocateEPS0_S3_S3_RS1_St17integral_constantIbLb1EE
                0x08003b76       0x24 ./Core/Src/PWM_Master_f103.o
                0x08003b76                std::vector<GPIO_TIM_Mapping, std::allocator<GPIO_TIM_Mapping> >::_S_do_relocate(GPIO_TIM_Mapping*, GPIO_TIM_Mapping*, GPIO_TIM_Mapping*, std::allocator<GPIO_TIM_Mapping>&, std::integral_constant<bool, true>)
 .text._ZSt32__make_move_if_noexcept_iteratorI16GPIO_TIM_MappingSt13move_iteratorIPS0_EET0_PT_
                0x08003b9a       0x1e ./Core/Src/PWM_Master_f103.o
                0x08003b9a                std::move_iterator<GPIO_TIM_Mapping*> std::__make_move_if_noexcept_iterator<GPIO_TIM_Mapping, std::move_iterator<GPIO_TIM_Mapping*> >(GPIO_TIM_Mapping*)
 .text._ZSt22__uninitialized_copy_aISt13move_iteratorIP16GPIO_TIM_MappingES2_S1_ET0_T_S5_S4_RSaIT1_E
                0x08003bb8       0x22 ./Core/Src/PWM_Master_f103.o
                0x08003bb8                GPIO_TIM_Mapping* std::__uninitialized_copy_a<std::move_iterator<GPIO_TIM_Mapping*>, GPIO_TIM_Mapping*, GPIO_TIM_Mapping>(std::move_iterator<GPIO_TIM_Mapping*>, std::move_iterator<GPIO_TIM_Mapping*>, GPIO_TIM_Mapping*, std::allocator<GPIO_TIM_Mapping>&)
 .text._ZNSt15__new_allocatorI16GPIO_TIM_MappingE7destroyIS0_EEvPT_
                0x08003bda       0x14 ./Core/Src/PWM_Master_f103.o
                0x08003bda                void std::__new_allocator<GPIO_TIM_Mapping>::destroy<GPIO_TIM_Mapping>(GPIO_TIM_Mapping*)
 .text._ZNSt8__detail19_Node_iterator_baseISt4pairIK16GPIO_TIM_MappingS2_ELb1EEC2EPNS_10_Hash_nodeIS4_Lb1EEE
                0x08003bee       0x1c ./Core/Src/PWM_Master_f103.o
                0x08003bee                std::__detail::_Node_iterator_base<std::pair<GPIO_TIM_Mapping const, GPIO_TIM_Mapping>, true>::_Node_iterator_base(std::__detail::_Hash_node<std::pair<GPIO_TIM_Mapping const, GPIO_TIM_Mapping>, true>*)
                0x08003bee                std::__detail::_Node_iterator_base<std::pair<GPIO_TIM_Mapping const, GPIO_TIM_Mapping>, true>::_Node_iterator_base(std::__detail::_Hash_node<std::pair<GPIO_TIM_Mapping const, GPIO_TIM_Mapping>, true>*)
 .text._ZNKSt10_HashtableI16GPIO_TIM_MappingSt4pairIKS0_S0_ESaIS3_ENSt8__detail10_Select1stESt8equal_toIS0_E11GPIOPinHashNS5_18_Mod_range_hashingENS5_20_Default_ranged_hashENS5_20_Prime_rehash_policyENS5_17_Hashtable_traitsILb1ELb0ELb0EEEE15_M_bucket_indexERKNS5_16_Hash_node_valueIS3_Lb1EEE
                0x08003c0a       0x22 ./Core/Src/PWM_Master_f103.o
                0x08003c0a                std::_Hashtable<GPIO_TIM_Mapping, std::pair<GPIO_TIM_Mapping const, GPIO_TIM_Mapping>, std::allocator<std::pair<GPIO_TIM_Mapping const, GPIO_TIM_Mapping> >, std::__detail::_Select1st, std::equal_to<GPIO_TIM_Mapping>, GPIOPinHash, std::__detail::_Mod_range_hashing, std::__detail::_Default_ranged_hash, std::__detail::_Prime_rehash_policy, std::__detail::_Hashtable_traits<true, false, false> >::_M_bucket_index(std::__detail::_Hash_node_value<std::pair<GPIO_TIM_Mapping const, GPIO_TIM_Mapping>, true> const&) const
 .text._ZNSt10_HashtableI16GPIO_TIM_MappingSt4pairIKS0_S0_ESaIS3_ENSt8__detail10_Select1stESt8equal_toIS0_E11GPIOPinHashNS5_18_Mod_range_hashingENS5_20_Default_ranged_hashENS5_20_Prime_rehash_policyENS5_17_Hashtable_traitsILb1ELb0ELb0EEEE20_M_get_previous_nodeEjPNS5_10_Hash_nodeIS3_Lb1EEE
                0x08003c2c       0x38 ./Core/Src/PWM_Master_f103.o
                0x08003c2c                std::_Hashtable<GPIO_TIM_Mapping, std::pair<GPIO_TIM_Mapping const, GPIO_TIM_Mapping>, std::allocator<std::pair<GPIO_TIM_Mapping const, GPIO_TIM_Mapping> >, std::__detail::_Select1st, std::equal_to<GPIO_TIM_Mapping>, GPIOPinHash, std::__detail::_Mod_range_hashing, std::__detail::_Default_ranged_hash, std::__detail::_Prime_rehash_policy, std::__detail::_Hashtable_traits<true, false, false> >::_M_get_previous_node(unsigned int, std::__detail::_Hash_node<std::pair<GPIO_TIM_Mapping const, GPIO_TIM_Mapping>, true>*)
 .text._ZNSt10_HashtableI16GPIO_TIM_MappingSt4pairIKS0_S0_ESaIS3_ENSt8__detail10_Select1stESt8equal_toIS0_E11GPIOPinHashNS5_18_Mod_range_hashingENS5_20_Default_ranged_hashENS5_20_Prime_rehash_policyENS5_17_Hashtable_traitsILb1ELb0ELb0EEEE8_M_eraseEjPNS5_15_Hash_node_baseEPNS5_10_Hash_nodeIS3_Lb1EEE
                0x08003c64       0xbe ./Core/Src/PWM_Master_f103.o
                0x08003c64                std::_Hashtable<GPIO_TIM_Mapping, std::pair<GPIO_TIM_Mapping const, GPIO_TIM_Mapping>, std::allocator<std::pair<GPIO_TIM_Mapping const, GPIO_TIM_Mapping> >, std::__detail::_Select1st, std::equal_to<GPIO_TIM_Mapping>, GPIOPinHash, std::__detail::_Mod_range_hashing, std::__detail::_Default_ranged_hash, std::__detail::_Prime_rehash_policy, std::__detail::_Hashtable_traits<true, false, false> >::_M_erase(unsigned int, std::__detail::_Hash_node_base*, std::__detail::_Hash_node<std::pair<GPIO_TIM_Mapping const, GPIO_TIM_Mapping>, true>*)
 .text._ZNSt10_HashtableI16GPIO_TIM_MappingSt4pairIKS0_S0_ESaIS3_ENSt8__detail10_Select1stESt8equal_toIS0_E11GPIOPinHashNS5_18_Mod_range_hashingENS5_20_Default_ranged_hashENS5_20_Prime_rehash_policyENS5_17_Hashtable_traitsILb1ELb0ELb0EEEE10_M_emplaceIJRS2_SH_EEENS5_14_Node_iteratorIS3_Lb0ELb1EEENS5_20_Node_const_iteratorIS3_Lb0ELb1EEESt17integral_constantIbLb0EEDpOT_
                0x08003d22       0x7c ./Core/Src/PWM_Master_f103.o
                0x08003d22                std::__detail::_Node_iterator<std::pair<GPIO_TIM_Mapping const, GPIO_TIM_Mapping>, false, true> std::_Hashtable<GPIO_TIM_Mapping, std::pair<GPIO_TIM_Mapping const, GPIO_TIM_Mapping>, std::allocator<std::pair<GPIO_TIM_Mapping const, GPIO_TIM_Mapping> >, std::__detail::_Select1st, std::equal_to<GPIO_TIM_Mapping>, GPIOPinHash, std::__detail::_Mod_range_hashing, std::__detail::_Default_ranged_hash, std::__detail::_Prime_rehash_policy, std::__detail::_Hashtable_traits<true, false, false> >::_M_emplace<GPIO_TIM_Mapping const&, GPIO_TIM_Mapping const&>(std::__detail::_Node_const_iterator<std::pair<GPIO_TIM_Mapping const, GPIO_TIM_Mapping>, false, true>, std::integral_constant<bool, false>, GPIO_TIM_Mapping const&, GPIO_TIM_Mapping const&)
 .text._ZNSt8__detail16_Hashtable_allocISaINS_10_Hash_nodeISt4pairIK16GPIO_TIM_MappingS3_ELb1EEEEE17_M_node_allocatorEv
                0x08003d9e       0x18 ./Core/Src/PWM_Master_f103.o
                0x08003d9e                std::__detail::_Hashtable_alloc<std::allocator<std::__detail::_Hash_node<std::pair<GPIO_TIM_Mapping const, GPIO_TIM_Mapping>, true> > >::_M_node_allocator()
 .text._ZNSt16allocator_traitsISaINSt8__detail10_Hash_nodeISt4pairIK16GPIO_TIM_MappingS3_ELb1EEEEE7destroyIS5_EEvRS7_PT_
                0x08003db6       0x1a ./Core/Src/PWM_Master_f103.o
                0x08003db6                void std::allocator_traits<std::allocator<std::__detail::_Hash_node<std::pair<GPIO_TIM_Mapping const, GPIO_TIM_Mapping>, true> > >::destroy<std::pair<GPIO_TIM_Mapping const, GPIO_TIM_Mapping> >(std::allocator<std::__detail::_Hash_node<std::pair<GPIO_TIM_Mapping const, GPIO_TIM_Mapping>, true> >&, std::pair<GPIO_TIM_Mapping const, GPIO_TIM_Mapping>*)
 .text._ZNSt8__detail16_Hashtable_allocISaINS_10_Hash_nodeISt4pairIK16GPIO_TIM_MappingS3_ELb1EEEEE22_M_deallocate_node_ptrEPS6_
                0x08003dd0       0x2c ./Core/Src/PWM_Master_f103.o
                0x08003dd0                std::__detail::_Hashtable_alloc<std::allocator<std::__detail::_Hash_node<std::pair<GPIO_TIM_Mapping const, GPIO_TIM_Mapping>, true> > >::_M_deallocate_node_ptr(std::__detail::_Hash_node<std::pair<GPIO_TIM_Mapping const, GPIO_TIM_Mapping>, true>*)
 .text._ZNSt19__ptr_traits_ptr_toIPPNSt8__detail15_Hash_node_baseES2_Lb0EE10pointer_toERS2_
                0x08003dfc       0x18 ./Core/Src/PWM_Master_f103.o
                0x08003dfc                std::__ptr_traits_ptr_to<std::__detail::_Hash_node_base**, std::__detail::_Hash_node_base*, false>::pointer_to(std::__detail::_Hash_node_base*&)
 .text._ZNSaIPNSt8__detail15_Hash_node_baseEEC2INS_10_Hash_nodeISt4pairIK16GPIO_TIM_MappingS6_ELb1EEEEERKSaIT_E
                0x08003e14       0x1a ./Core/Src/PWM_Master_f103.o
                0x08003e14                std::allocator<std::__detail::_Hash_node_base*>::allocator<std::__detail::_Hash_node<std::pair<GPIO_TIM_Mapping const, GPIO_TIM_Mapping>, true> >(std::allocator<std::__detail::_Hash_node<std::pair<GPIO_TIM_Mapping const, GPIO_TIM_Mapping>, true> > const&)
                0x08003e14                std::allocator<std::__detail::_Hash_node_base*>::allocator<std::__detail::_Hash_node<std::pair<GPIO_TIM_Mapping const, GPIO_TIM_Mapping>, true> >(std::allocator<std::__detail::_Hash_node<std::pair<GPIO_TIM_Mapping const, GPIO_TIM_Mapping>, true> > const&)
 .text._ZNSaIPNSt8__detail15_Hash_node_baseEED2Ev
                0x08003e2e       0x18 ./Core/Src/PWM_Master_f103.o
                0x08003e2e                std::allocator<std::__detail::_Hash_node_base*>::~allocator()
                0x08003e2e                std::allocator<std::__detail::_Hash_node_base*>::~allocator()
 .text._ZNSt16allocator_traitsISaIPNSt8__detail15_Hash_node_baseEEE10deallocateERS3_PS2_j
                0x08003e46       0x1e ./Core/Src/PWM_Master_f103.o
                0x08003e46                std::allocator_traits<std::allocator<std::__detail::_Hash_node_base*> >::deallocate(std::allocator<std::__detail::_Hash_node_base*>&, std::__detail::_Hash_node_base**, unsigned int)
 .text._ZNSt8__detail20_Node_const_iteratorISt4pairIK16GPIO_TIM_MappingS2_ELb0ELb1EEC2EPNS_10_Hash_nodeIS4_Lb1EEE
                0x08003e64       0x1e ./Core/Src/PWM_Master_f103.o
                0x08003e64                std::__detail::_Node_const_iterator<std::pair<GPIO_TIM_Mapping const, GPIO_TIM_Mapping>, false, true>::_Node_const_iterator(std::__detail::_Hash_node<std::pair<GPIO_TIM_Mapping const, GPIO_TIM_Mapping>, true>*)
                0x08003e64                std::__detail::_Node_const_iterator<std::pair<GPIO_TIM_Mapping const, GPIO_TIM_Mapping>, false, true>::_Node_const_iterator(std::__detail::_Hash_node<std::pair<GPIO_TIM_Mapping const, GPIO_TIM_Mapping>, true>*)
 .text._ZNSt10_HashtableI16GPIO_TIM_MappingSt4pairIKS0_S0_ESaIS3_ENSt8__detail10_Select1stESt8equal_toIS0_E11GPIOPinHashNS5_18_Mod_range_hashingENS5_20_Default_ranged_hashENS5_20_Prime_rehash_policyENS5_17_Hashtable_traitsILb1ELb0ELb0EEEE12_Scoped_nodeC2IJS0_S0_EEEPNS5_16_Hashtable_allocISaINS5_10_Hash_nodeIS3_Lb1EEEEEEDpOT_
                0x08003e82       0x40 ./Core/Src/PWM_Master_f103.o
                0x08003e82                std::_Hashtable<GPIO_TIM_Mapping, std::pair<GPIO_TIM_Mapping const, GPIO_TIM_Mapping>, std::allocator<std::pair<GPIO_TIM_Mapping const, GPIO_TIM_Mapping> >, std::__detail::_Select1st, std::equal_to<GPIO_TIM_Mapping>, GPIOPinHash, std::__detail::_Mod_range_hashing, std::__detail::_Default_ranged_hash, std::__detail::_Prime_rehash_policy, std::__detail::_Hashtable_traits<true, false, false> >::_Scoped_node::_Scoped_node<GPIO_TIM_Mapping, GPIO_TIM_Mapping>(std::__detail::_Hashtable_alloc<std::allocator<std::__detail::_Hash_node<std::pair<GPIO_TIM_Mapping const, GPIO_TIM_Mapping>, true> > >*, GPIO_TIM_Mapping&&, GPIO_TIM_Mapping&&)
                0x08003e82                std::_Hashtable<GPIO_TIM_Mapping, std::pair<GPIO_TIM_Mapping const, GPIO_TIM_Mapping>, std::allocator<std::pair<GPIO_TIM_Mapping const, GPIO_TIM_Mapping> >, std::__detail::_Select1st, std::equal_to<GPIO_TIM_Mapping>, GPIOPinHash, std::__detail::_Mod_range_hashing, std::__detail::_Default_ranged_hash, std::__detail::_Prime_rehash_policy, std::__detail::_Hashtable_traits<true, false, false> >::_Scoped_node::_Scoped_node<GPIO_TIM_Mapping, GPIO_TIM_Mapping>(std::__detail::_Hashtable_alloc<std::allocator<std::__detail::_Hash_node<std::pair<GPIO_TIM_Mapping const, GPIO_TIM_Mapping>, true> > >*, GPIO_TIM_Mapping&&, GPIO_TIM_Mapping&&)
 .text._ZNSt10_HashtableI16GPIO_TIM_MappingSt4pairIKS0_S0_ESaIS3_ENSt8__detail10_Select1stESt8equal_toIS0_E11GPIOPinHashNS5_18_Mod_range_hashingENS5_20_Default_ranged_hashENS5_20_Prime_rehash_policyENS5_17_Hashtable_traitsILb1ELb0ELb0EEEE12_Scoped_nodeD2Ev
                0x08003ec2       0x2a ./Core/Src/PWM_Master_f103.o
                0x08003ec2                std::_Hashtable<GPIO_TIM_Mapping, std::pair<GPIO_TIM_Mapping const, GPIO_TIM_Mapping>, std::allocator<std::pair<GPIO_TIM_Mapping const, GPIO_TIM_Mapping> >, std::__detail::_Select1st, std::equal_to<GPIO_TIM_Mapping>, GPIOPinHash, std::__detail::_Mod_range_hashing, std::__detail::_Default_ranged_hash, std::__detail::_Prime_rehash_policy, std::__detail::_Hashtable_traits<true, false, false> >::_Scoped_node::~_Scoped_node()
                0x08003ec2                std::_Hashtable<GPIO_TIM_Mapping, std::pair<GPIO_TIM_Mapping const, GPIO_TIM_Mapping>, std::allocator<std::pair<GPIO_TIM_Mapping const, GPIO_TIM_Mapping> >, std::__detail::_Select1st, std::equal_to<GPIO_TIM_Mapping>, GPIOPinHash, std::__detail::_Mod_range_hashing, std::__detail::_Default_ranged_hash, std::__detail::_Prime_rehash_policy, std::__detail::_Hashtable_traits<true, false, false> >::_Scoped_node::~_Scoped_node()
 .text._ZNSt8__detail21_Hash_node_value_baseISt4pairIK16GPIO_TIM_MappingS2_EE4_M_vEv
                0x08003eec       0x18 ./Core/Src/PWM_Master_f103.o
                0x08003eec                std::__detail::_Hash_node_value_base<std::pair<GPIO_TIM_Mapping const, GPIO_TIM_Mapping> >::_M_v()
 .text._ZNKSt8__detail10_Select1stclIRSt4pairIK16GPIO_TIM_MappingS3_EEEONS0_10__1st_typeIT_E4typeEOS8_
                0x08003f04       0x1a ./Core/Src/PWM_Master_f103.o
                0x08003f04                std::__detail::_Select1st::__1st_type<std::pair<GPIO_TIM_Mapping const, GPIO_TIM_Mapping>&>::type&& std::__detail::_Select1st::operator()<std::pair<GPIO_TIM_Mapping const, GPIO_TIM_Mapping>&>(std::pair<GPIO_TIM_Mapping const, GPIO_TIM_Mapping>&) const
 .text._ZNKSt10_HashtableI16GPIO_TIM_MappingSt4pairIKS0_S0_ESaIS3_ENSt8__detail10_Select1stESt8equal_toIS0_E11GPIOPinHashNS5_18_Mod_range_hashingENS5_20_Default_ranged_hashENS5_20_Prime_rehash_policyENS5_17_Hashtable_traitsILb1ELb0ELb0EEEE20_M_compute_hash_codeENS5_20_Node_const_iteratorIS3_Lb0ELb1EEERS2_
                0x08003f1e      0x130 ./Core/Src/PWM_Master_f103.o
                0x08003f1e                std::_Hashtable<GPIO_TIM_Mapping, std::pair<GPIO_TIM_Mapping const, GPIO_TIM_Mapping>, std::allocator<std::pair<GPIO_TIM_Mapping const, GPIO_TIM_Mapping> >, std::__detail::_Select1st, std::equal_to<GPIO_TIM_Mapping>, GPIOPinHash, std::__detail::_Mod_range_hashing, std::__detail::_Default_ranged_hash, std::__detail::_Prime_rehash_policy, std::__detail::_Hashtable_traits<true, false, false> >::_M_compute_hash_code(std::__detail::_Node_const_iterator<std::pair<GPIO_TIM_Mapping const, GPIO_TIM_Mapping>, false, true>, GPIO_TIM_Mapping const&) const
 .text._ZNSt10_HashtableI16GPIO_TIM_MappingSt4pairIKS0_S0_ESaIS3_ENSt8__detail10_Select1stESt8equal_toIS0_E11GPIOPinHashNS5_18_Mod_range_hashingENS5_20_Default_ranged_hashENS5_20_Prime_rehash_policyENS5_17_Hashtable_traitsILb1ELb0ELb0EEEE20_M_insert_multi_nodeEPNS5_10_Hash_nodeIS3_Lb1EEEjSI_
                0x0800404e      0x16c ./Core/Src/PWM_Master_f103.o
                0x0800404e                std::_Hashtable<GPIO_TIM_Mapping, std::pair<GPIO_TIM_Mapping const, GPIO_TIM_Mapping>, std::allocator<std::pair<GPIO_TIM_Mapping const, GPIO_TIM_Mapping> >, std::__detail::_Select1st, std::equal_to<GPIO_TIM_Mapping>, GPIOPinHash, std::__detail::_Mod_range_hashing, std::__detail::_Default_ranged_hash, std::__detail::_Prime_rehash_policy, std::__detail::_Hashtable_traits<true, false, false> >::_M_insert_multi_node(std::__detail::_Hash_node<std::pair<GPIO_TIM_Mapping const, GPIO_TIM_Mapping>, true>*, unsigned int, std::__detail::_Hash_node<std::pair<GPIO_TIM_Mapping const, GPIO_TIM_Mapping>, true>*)
 .text._ZNSt8__detail22_Hashtable_hash_traitsI11GPIOPinHashE22__small_size_thresholdEv
                0x080041ba        0xe ./Core/Src/PWM_Master_f103.o
                0x080041ba                std::__detail::_Hashtable_hash_traits<GPIOPinHash>::__small_size_threshold()