Archive member included to satisfy reference by file (symbol)

C:/ST/STM32CubeIDE_1.17.0/STM32CubeIDE/plugins/com.st.stm32cube.ide.mcu.externaltools.gnu-tools-for-stm32.12.3.rel1.win32_1.1.0.202410251130/tools/bin/../lib/gcc/arm-none-eabi/12.3.1/../../../../arm-none-eabi/lib/thumb/v7-m/nofp\libstdc++_nano.a(del_ops.o)
                              ./Core/Src/PWM_Master_f103.o (operator delete(void*, unsigned int))
C:/ST/STM32CubeIDE_1.17.0/STM32CubeIDE/plugins/com.st.stm32cube.ide.mcu.externaltools.gnu-tools-for-stm32.12.3.rel1.win32_1.1.0.202410251130/tools/bin/../lib/gcc/arm-none-eabi/12.3.1/../../../../arm-none-eabi/lib/thumb/v7-m/nofp\libstdc++_nano.a(new_op.o)
                              ./Core/Src/PWM_Master_f103.o (operator new(unsigned int))
C:/ST/STM32CubeIDE_1.17.0/STM32CubeIDE/plugins/com.st.stm32cube.ide.mcu.externaltools.gnu-tools-for-stm32.12.3.rel1.win32_1.1.0.202410251130/tools/bin/../lib/gcc/arm-none-eabi/12.3.1/../../../../arm-none-eabi/lib/thumb/v7-m/nofp\libstdc++_nano.a(functexcept.o)
                              ./Core/Src/PWM_Master_f103.o (std::__throw_bad_alloc())
C:/ST/STM32CubeIDE_1.17.0/STM32CubeIDE/plugins/com.st.stm32cube.ide.mcu.externaltools.gnu-tools-for-stm32.12.3.rel1.win32_1.1.0.202410251130/tools/bin/../lib/gcc/arm-none-eabi/12.3.1/../../../../arm-none-eabi/lib/thumb/v7-m/nofp\libstdc++_nano.a(hashtable_c++0x.o)
                              ./Core/Src/PWM_Master_f103.o (std::__detail::_Prime_rehash_policy::_M_need_rehash(unsigned int, unsigned int, unsigned int) const)
C:/ST/STM32CubeIDE_1.17.0/STM32CubeIDE/plugins/com.st.stm32cube.ide.mcu.externaltools.gnu-tools-for-stm32.12.3.rel1.win32_1.1.0.202410251130/tools/bin/../lib/gcc/arm-none-eabi/12.3.1/../../../../arm-none-eabi/lib/thumb/v7-m/nofp\libstdc++_nano.a(del_op.o)
                              C:/ST/STM32CubeIDE_1.17.0/STM32CubeIDE/plugins/com.st.stm32cube.ide.mcu.externaltools.gnu-tools-for-stm32.12.3.rel1.win32_1.1.0.202410251130/tools/bin/../lib/gcc/arm-none-eabi/12.3.1/../../../../arm-none-eabi/lib/thumb/v7-m/nofp\libstdc++_nano.a(del_ops.o) (operator delete(void*))
C:/ST/STM32CubeIDE_1.17.0/STM32CubeIDE/plugins/com.st.stm32cube.ide.mcu.externaltools.gnu-tools-for-stm32.12.3.rel1.win32_1.1.0.202410251130/tools/bin/../lib/gcc/arm-none-eabi/12.3.1/../../../../arm-none-eabi/lib/thumb/v7-m/nofp\libstdc++_nano.a(new_handler.o)
                              C:/ST/STM32CubeIDE_1.17.0/STM32CubeIDE/plugins/com.st.stm32cube.ide.mcu.externaltools.gnu-tools-for-stm32.12.3.rel1.win32_1.1.0.202410251130/tools/bin/../lib/gcc/arm-none-eabi/12.3.1/../../../../arm-none-eabi/lib/thumb/v7-m/nofp\libstdc++_nano.a(new_op.o) (std::get_new_handler())
C:/ST/STM32CubeIDE_1.17.0/STM32CubeIDE/plugins/com.st.stm32cube.ide.mcu.externaltools.gnu-tools-for-stm32.12.3.rel1.win32_1.1.0.202410251130/tools/bin/../lib/gcc/arm-none-eabi/12.3.1/../../../../arm-none-eabi/lib/thumb/v7-m/nofp\libm.a(libm_a-w_atan2.o)
                              ./Core/Src/Driver_Robot.o (atan2)
C:/ST/STM32CubeIDE_1.17.0/STM32CubeIDE/plugins/com.st.stm32cube.ide.mcu.externaltools.gnu-tools-for-stm32.12.3.rel1.win32_1.1.0.202410251130/tools/bin/../lib/gcc/arm-none-eabi/12.3.1/../../../../arm-none-eabi/lib/thumb/v7-m/nofp\libm.a(libm_a-w_sqrt.o)
                              ./Core/Src/Driver_Robot.o (sqrt)
C:/ST/STM32CubeIDE_1.17.0/STM32CubeIDE/plugins/com.st.stm32cube.ide.mcu.externaltools.gnu-tools-for-stm32.12.3.rel1.win32_1.1.0.202410251130/tools/bin/../lib/gcc/arm-none-eabi/12.3.1/../../../../arm-none-eabi/lib/thumb/v7-m/nofp\libm.a(libm_a-s_cos.o)
                              ./Core/Src/Driver_Robot.o (cos)
C:/ST/STM32CubeIDE_1.17.0/STM32CubeIDE/plugins/com.st.stm32cube.ide.mcu.externaltools.gnu-tools-for-stm32.12.3.rel1.win32_1.1.0.202410251130/tools/bin/../lib/gcc/arm-none-eabi/12.3.1/../../../../arm-none-eabi/lib/thumb/v7-m/nofp\libm.a(libm_a-e_sqrt.o)
                              C:/ST/STM32CubeIDE_1.17.0/STM32CubeIDE/plugins/com.st.stm32cube.ide.mcu.externaltools.gnu-tools-for-stm32.12.3.rel1.win32_1.1.0.202410251130/tools/bin/../lib/gcc/arm-none-eabi/12.3.1/../../../../arm-none-eabi/lib/thumb/v7-m/nofp\libm.a(libm_a-w_sqrt.o) (__ieee754_sqrt)
C:/ST/STM32CubeIDE_1.17.0/STM32CubeIDE/plugins/com.st.stm32cube.ide.mcu.externaltools.gnu-tools-for-stm32.12.3.rel1.win32_1.1.0.202410251130/tools/bin/../lib/gcc/arm-none-eabi/12.3.1/../../../../arm-none-eabi/lib/thumb/v7-m/nofp\libm.a(libm_a-s_floor.o)
                              C:/ST/STM32CubeIDE_1.17.0/STM32CubeIDE/plugins/com.st.stm32cube.ide.mcu.externaltools.gnu-tools-for-stm32.12.3.rel1.win32_1.1.0.202410251130/tools/bin/../lib/gcc/arm-none-eabi/12.3.1/../../../../arm-none-eabi/lib/thumb/v7-m/nofp\libstdc++_nano.a(hashtable_c++0x.o) (floor)
C:/ST/STM32CubeIDE_1.17.0/STM32CubeIDE/plugins/com.st.stm32cube.ide.mcu.externaltools.gnu-tools-for-stm32.12.3.rel1.win32_1.1.0.202410251130/tools/bin/../lib/gcc/arm-none-eabi/12.3.1/../../../../arm-none-eabi/lib/thumb/v7-m/nofp\libm.a(libm_a-k_cos.o)
[...]
Memory Configuration

Name             Origin             Length             Attributes
RAM              0x20000000         0x0000c000         xrw
FLASH            0x08000000         0x00040000         xr
*default*        0x00000000         0xffffffff

Linker script and memory map

LOAD C:/ST/STM32CubeIDE_1.17.0/STM32CubeIDE/plugins/com.st.stm32cube.ide.mcu.externaltools.gnu-tools-for-stm32.12.3.rel1.win32_1.1.0.202410251130/tools/bin/../lib/gcc/arm-none-eabi/12.3.1/thumb/v7-m/nofp/crti.o
LOAD C:/ST/STM32CubeIDE_1.17.0/STM32CubeIDE/plugins/com.st.stm32cube.ide.mcu.externaltools.gnu-tools-for-stm32.12.3.rel1.win32_1.1.0.202410251130/tools/bin/../lib/gcc/arm-none-eabi/12.3.1/thumb/v7-m/nofp/crtbegin.o
LOAD C:/ST/STM32CubeIDE_1.17.0/STM32CubeIDE/plugins/com.st.stm32cube.ide.mcu.externaltools.gnu-tools-for-stm32.12.3.rel1.win32_1.1.0.202410251130/tools/bin/../lib/gcc/arm-none-eabi/12.3.1/../../../../arm-none-eabi/lib/thumb/v7-m/nofp/crt0.o
LOAD ./Core/Src/Driver_Robot.o
LOAD ./Core/Src/GPIO_Master.o
LOAD ./Core/Src/Map_Robot.o
LOAD ./Core/Src/PWM_Master_f103.o
LOAD ./Core/Src/UART_Master.o
LOAD ./Core/Src/main.o
LOAD ./Core/Src/stm32f1xx_hal_msp.o
LOAD ./Core/Src/stm32f1xx_it.o
LOAD ./Core/Src/syscalls.o
LOAD ./Core/Src/sysmem.o
LOAD ./Core/Src/system_stm32f1xx.o
LOAD ./Core/Startup/startup_stm32f103rctx.o
LOAD ./Drivers/STM32F1xx_HAL_Driver/Src/stm32f1xx_hal.o
LOAD ./Drivers/STM32F1xx_HAL_Driver/Src/stm32f1xx_hal_cortex.o
LOAD ./Drivers/STM32F1xx_HAL_Driver/Src/stm32f1xx_hal_dma.o
LOAD ./Drivers/STM32F1xx_HAL_Driver/Src/stm32f1xx_hal_exti.o
LOAD ./Drivers/STM32F1xx_HAL_Driver/Src/stm32f1xx_hal_flash.o
LOAD ./Drivers/STM32F1xx_HAL_Driver/Src/stm32f1xx_hal_flash_ex.o
LOAD ./Drivers/STM32F1xx_HAL_Driver/Src/stm32f1xx_hal_gpio.o
LOAD ./Drivers/STM32F1xx_HAL_Driver/Src/stm32f1xx_hal_gpio_ex.o
LOAD ./Drivers/STM32F1xx_HAL_Driver/Src/stm32f1xx_hal_pwr.o
LOAD ./Drivers/STM32F1xx_HAL_Driver/Src/stm32f1xx_hal_rcc.o
LOAD ./Drivers/STM32F1xx_HAL_Driver/Src/stm32f1xx_hal_rcc_ex.o
LOAD ./Drivers/STM32F1xx_HAL_Driver/Src/stm32f1xx_hal_tim.o
LOAD ./Drivers/STM32F1xx_HAL_Driver/Src/stm32f1xx_hal_tim_ex.o
LOAD ./Drivers/STM32F1xx_HAL_Driver/Src/stm32f1xx_hal_uart.o
START GROUP
LOAD C:/ST/STM32CubeIDE_1.17.0/STM32CubeIDE/plugins/com.st.stm32cube.ide.mcu.externaltools.gnu-tools-for-stm32.12.3.rel1.win32_1.1.0.202410251130/tools/bin/../lib/gcc/arm-none-eabi/12.3.1/../../../../arm-none-eabi/lib/thumb/v7-m/nofp\libstdc++_nano.a
LOAD C:/ST/STM32CubeIDE_1.17.0/STM32CubeIDE/plugins/com.st.stm32cube.ide.mcu.externaltools.gnu-tools-for-stm32.12.3.rel1.win32_1.1.0.202410251130/tools/bin/../lib/gcc/arm-none-eabi/12.3.1/../../../../arm-none-eabi/lib/thumb/v7-m/nofp\libsupc++_nano.a
END GROUP
LOAD C:/ST/STM32CubeIDE_1.17.0/STM32CubeIDE/plugins/com.st.stm32cube.ide.mcu.externaltools.gnu-tools-for-stm32.12.3.rel1.win32_1.1.0.202410251130/tools/bin/../lib/gcc/arm-none-eabi/12.3.1/../../../../arm-none-eabi/lib/thumb/v7-m/nofp\libstdc++_nano.a
LOAD C:/ST/STM32CubeIDE_1.17.0/STM32CubeIDE/plugins/com.st.stm32cube.ide.mcu.externaltools.gnu-tools-for-stm32.12.3.rel1.win32_1.1.0.202410251130/tools/bin/../lib/gcc/arm-none-eabi/12.3.1/../../../../arm-none-eabi/lib/thumb/v7-m/nofp\libm.a
LOAD C:/ST/STM32CubeIDE_1.17.0/STM32CubeIDE/plugins/com.st.stm32cube.ide.mcu.externaltools.gnu-tools-for-stm32.12.3.rel1.win32_1.1.0.202410251130/tools/bin/../lib/gcc/arm-none-eabi/12.3.1/../../../../arm-none-eabi/lib/thumb/v7-m/nofp\libc_nano.a
START GROUP
LOAD C:/ST/STM32CubeIDE_1.17.0/STM32CubeIDE/plugins/com.st.stm32cube.ide.mcu.externaltools.gnu-tools-for-stm32.12.3.rel1.win32_1.1.0.202410251130/tools/bin/../lib/gcc/arm-none-eabi/12.3.1/thumb/v7-m/nofp\libgcc.a
LOAD C:/ST/STM32CubeIDE_1.17.0/STM32CubeIDE/plugins/com.st.stm32cube.ide.mcu.externaltools.gnu-tools-for-stm32.12.3.rel1.win32_1.1.0.202410251130/tools/bin/../lib/gcc/arm-none-eabi/12.3.1/../../../../arm-none-eabi/lib/thumb/v7-m/nofp\libc_nano.a
END GROUP
START GROUP
LOAD C:/ST/STM32CubeIDE_1.17.0/STM32CubeIDE/plugins/com.st.stm32cube.ide.mcu.externaltools.gnu-tools-for-stm32.12.3.rel1.win32_1.1.0.202410251130/tools/bin/../lib/gcc/arm-none-eabi/12.3.1/thumb/v7-m/nofp\libgcc.a
LOAD C:/ST/STM32CubeIDE_1.17.0/STM32CubeIDE/plugins/com.st.stm32cube.ide.mcu.externaltools.gnu-tools-for-stm32.12.3.rel1.win32_1.1.0.202410251130/tools/bin/../lib/gcc/arm-none-eabi/12.3.1/../../../../arm-none-eabi/lib/thumb/v7-m/nofp\libc_nano.a
LOAD C:/ST/STM32CubeIDE_1.17.0/STM32CubeIDE/plugins/com.st.stm32cube.ide.mcu.externaltools.gnu-tools-for-stm32.12.3.rel1.win32_1.1.0.202410251130/tools/bin/../lib/gcc/arm-none-eabi/12.3.1/../../../../arm-none-eabi/lib/thumb/v7-m/nofp\libnosys.a
END GROUP
START GROUP
LOAD C:/ST/STM32CubeIDE_1.17.0/STM32CubeIDE/plugins/com.st.stm32cube.ide.mcu.externaltools.gnu-tools-for-stm32.12.3.rel1.win32_1.1.0.202410251130/tools/bin/../lib/gcc/arm-none-eabi/12.3.1/thumb/v7-m/nofp\libgcc.a
LOAD C:/ST/STM32CubeIDE_1.17.0/STM32CubeIDE/plugins/com.st.stm32cube.ide.mcu.externaltools.gnu-tools-for-stm32.12.3.rel1.win32_1.1.0.202410251130/tools/bin/../lib/gcc/arm-none-eabi/12.3.1/../../../../arm-none-eabi/lib/thumb/v7-m/nofp\libc_nano.a
LOAD C:/ST/STM32CubeIDE_1.17.0/STM32CubeIDE/plugins/com.st.stm32cube.ide.mcu.externaltools.gnu-tools-for-stm32.12.3.rel1.win32_1.1.0.202410251130/tools/bin/../lib/gcc/arm-none-eabi/12.3.1/../../../../arm-none-eabi/lib/thumb/v7-m/nofp\libnosys.a
END GROUP
LOAD C:/ST/STM32CubeIDE_1.17.0/STM32CubeIDE/plugins/com.st.stm32cube.ide.mcu.externaltools.gnu-tools-for-stm32.12.3.rel1.win32_1.1.0.202410251130/tools/bin/../lib/gcc/arm-none-eabi/12.3.1/thumb/v7-m/nofp/crtend.o
LOAD C:/ST/STM32CubeIDE_1.17.0/STM32CubeIDE/plugins/com.st.stm32cube.ide.mcu.externaltools.gnu-tools-for-stm32.12.3.rel1.win32_1.1.0.202410251130/tools/bin/../lib/gcc/arm-none-eabi/12.3.1/thumb/v7-m/nofp/crtn.o
                0x2000c000                        _estack = (ORIGIN (RAM) + LENGTH (RAM))
                0x00000200                        _Min_Heap_Size = 0x200
                0x00000400                        _Min_Stack_Size = 0x400

.isr_vector     0x08000000      0x1e4
                0x08000000                        . = ALIGN (0x4)
 *(.isr_vector)
 .isr_vector    0x08000000      0x1e4 ./Core/Startup/startup_stm32f103rctx.o
                0x08000000                g_pfnVectors
                0x080001e4                        . = ALIGN (0x4)

.text           0x080001e8     0xb544
                0x080001e8                        . = ALIGN (0x4)
 *(.text)
 .text          0x080001e8       0x40 C:/ST/STM32CubeIDE_1.17.0/STM32CubeIDE/plugins/com.st.stm32cube.ide.mcu.externaltools.gnu-tools-for-stm32.12.3.rel1.win32_1.1.0.202410251130/tools/bin/../lib/gcc/arm-none-eabi/12.3.1/thumb/v7-m/nofp/crtbegin.o
 .text          0x08000228      0x168 C:/ST/STM32CubeIDE_1.17.0/STM32CubeIDE/plugins/com.st.stm32cube.ide.mcu.externaltools.gnu-tools-for-stm32.12.3.rel1.win32_1.1.0.202410251130/tools/bin/../lib/gcc/arm-none-eabi/12.3.1/thumb/v7-m/nofp\libgcc.a(_arm_mulsf3.o)
                0x08000228                __aeabi_fmul
                0x08000228                __mulsf3
 .text          0x08000390      0x378 C:/ST/STM32CubeIDE_1.17.0/STM32CubeIDE/plugins/com.st.stm32cube.ide.mcu.externaltools.gnu-tools-for-stm32.12.3.rel1.win32_1.1.0.202410251130/tools/bin/../lib/gcc/arm-none-eabi/12.3.1/thumb/v7-m/nofp\libgcc.a(_arm_addsubdf3.o)
                0x08000390                __aeabi_drsub
                0x08000398                __aeabi_dsub
                0x08000398                __subdf3
                0x0800039c                __aeabi_dadd
                0x0800039c                __adddf3
                0x08000614                __floatunsidf
                0x08000614                __aeabi_ui2d
                0x08000634                __floatsidf
                0x08000634                __aeabi_i2d
                0x08000658                __aeabi_f2d
                0x08000658                __extendsfdf2
                0x0800069c                __floatundidf
                0x0800069c                __aeabi_ul2d
                0x080006ac                __floatdidf
                0x080006ac                __aeabi_l2d
 .text          0x08000708      0x424 C:/ST/STM32CubeIDE_1.17.0/STM32CubeIDE/plugins/com.st.stm32cube.ide.mcu.externaltools.gnu-tools-for-stm32.12.3.rel1.win32_1.1.0.202410251130/tools/bin/../lib/gcc/arm-none-eabi/12.3.1/thumb/v7-m/nofp\libgcc.a(_arm_muldivdf3.o)
                0x08000708                __aeabi_dmul
                0x08000708                __muldf3
                0x0800095c                __divdf3
                0x0800095c                __aeabi_ddiv
 .text          0x08000b2c      0x110 C:/ST/STM32CubeIDE_1.17.0/STM32CubeIDE/plugins/com.st.stm32cube.ide.mcu.externaltools.gnu-tools-for-stm32.12.3.rel1.win32_1.1.0.202410251130/tools/bin/../lib/gcc/arm-none-eabi/12.3.1/thumb/v7-m/nofp\libgcc.a(_arm_cmpdf2.o)
                0x08000b2c                __gtdf2
                0x08000b2c                __gedf2
                0x08000b34                __ltdf2
                0x08000b34                __ledf2
                0x08000b3c                __nedf2
                0x08000b3c                __eqdf2
                0x08000b3c                __cmpdf2
                0x08000bb8                __aeabi_cdrcmple
                0x08000bc8                __aeabi_cdcmpeq
                0x08000bc8                __aeabi_cdcmple
                0x08000bd8                __aeabi_dcmpeq
                0x08000bec                __aeabi_dcmplt
                0x08000c00                __aeabi_dcmple
                0x08000c14                __aeabi_dcmpge
                0x08000c28                __aeabi_dcmpgt
 .text          0x08000c3c       0x2c C:/ST/STM32CubeIDE_1.17.0/STM32CubeIDE/plugins/com.st.stm32cube.ide.mcu.externaltools.gnu-tools-for-stm32.12.3.rel1.win32_1.1.0.202410251130/tools/bin/../lib/gcc/arm-none-eabi/12.3.1/thumb/v7-m/nofp\libgcc.a(_arm_unorddf2.o)
                0x08000c3c                __unorddf2
                0x08000c3c                __aeabi_dcmpun
 .text          0x08000c68       0x50 C:/ST/STM32CubeIDE_1.17.0/STM32CubeIDE/plugins/com.st.stm32cube.ide.mcu.externaltools.gnu-tools-for-stm32.12.3.rel1.win32_1.1.0.202410251130/tools/bin/../lib/gcc/arm-none-eabi/12.3.1/thumb/v7-m/nofp\libgcc.a(_arm_fixdfsi.o)
                0x08000c68                __aeabi_d2iz
                0x08000c68                __fixdfsi
 .text          0x08000cb8       0x40 C:/ST/STM32CubeIDE_1.17.0/STM32CubeIDE/plugins/com.st.stm32cube.ide.mcu.externaltools.gnu-tools-for-stm32.12.3.rel1.win32_1.1.0.202410251130/tools/bin/../lib/gcc/arm-none-eabi/12.3.1/thumb/v7-m/nofp\libgcc.a(_arm_fixunsdfsi.o)
                0x08000cb8                __aeabi_d2uiz
                0x08000cb8                __fixunsdfsi
 .text          0x08000cf8       0xa0 C:/ST/STM32CubeIDE_1.17.0/STM32CubeIDE/plugins/com.st.stm32cube.ide.mcu.externaltools.gnu-tools-for-stm32.12.3.rel1.win32_1.1.0.202410251130/tools/bin/../lib/gcc/arm-none-eabi/12.3.1/thumb/v7-m/nofp\libgcc.a(_arm_truncdfsf2.o)
                0x08000cf8                __truncdfsf2
                0x08000cf8                __aeabi_d2f
 .text          0x08000d98      0x21c C:/ST/STM32CubeIDE_1.17.0/STM32CubeIDE/plugins/com.st.stm32cube.ide.mcu.externaltools.gnu-tools-for-stm32.12.3.rel1.win32_1.1.0.202410251130/tools/bin/../lib/gcc/arm-none-eabi/12.3.1/thumb/v7-m/nofp\libgcc.a(_arm_addsubsf3.o)
                0x08000d98                __aeabi_frsub
                0x08000da0                __subsf3
                0x08000da0                __aeabi_fsub
                0x08000da4                __aeabi_fadd
                0x08000da4                __addsf3
                0x08000f04                __aeabi_ui2f
                0x08000f04                __floatunsisf
                0x08000f0c                __aeabi_i2f
                0x08000f0c                __floatsisf
                0x08000f28                __aeabi_ul2f
                0x08000f28                __floatundisf
                0x08000f38                __aeabi_l2f
                0x08000f38                __floatdisf
 .text          0x08000fb4       0x4c C:/ST/STM32CubeIDE_1.17.0/STM32CubeIDE/plugins/com.st.stm32cube.ide.mcu.externaltools.gnu-tools-for-stm32.12.3.rel1.win32_1.1.0.202410251130/tools/bin/../lib/gcc/arm-none-eabi/12.3.1/thumb/v7-m/nofp\libgcc.a(_arm_fixsfsi.o)
                0x08000fb4                __aeabi_f2iz
                0x08000fb4                __fixsfsi
 *(.text*)
 .text._ZN9Motor_PID9quaythuanEs
                0x08001000       0xc4 ./Core/Src/Driver_Robot.o
                0x08001000                Motor_PID::quaythuan(short)
 .text._ZN9Motor_PID10quaynghichEs
                0x080010c4       0xc4 ./Core/Src/Driver_Robot.o
                0x080010c4                Motor_PID::quaynghich(short)
 .text._ZN11Module_shot11set_encoderEl
                0x08001188       0x3e ./Core/Src/Driver_Robot.o
                0x08001188                Module_shot::set_encoder(long)
 .text._ZN11Module_shot15update_positionEv
                0x080011c6       0x7a ./Core/Src/Driver_Robot.o
                0x080011c6                Module_shot::update_position()
 .text._ZN11Module_shot9quaythuanEs
                0x08001240       0x96 ./Core/Src/Driver_Robot.o
                0x08001240                Module_shot::quaythuan(short)
 .text._ZN11Module_shot10quaynghichEs
                0x080012d6       0x96 ./Core/Src/Driver_Robot.o
                0x080012d6                Module_shot::quaynghich(short)
 .text._Z3maplllll
                0x0800136c       0x36 ./Core/Src/Driver_Robot.o
                0x0800136c                map(long, long, long, long, long)
 .text._Z10soft_speedPsPmsmh
                0x080013a2       0xb8 ./Core/Src/Driver_Robot.o
                0x080013a2                soft_speed(short*, unsigned long*, short, unsigned long, unsigned char)
 *fill*         0x0800145a        0x2 
 .text._Z9get_angles
                0x0800145c       0x70 ./Core/Src/Driver_Robot.o
                0x0800145c                get_angle(short)
 .text._Z10PID_rotatess
                0x080014cc      0x170 ./Core/Src/Driver_Robot.o
                0x080014cc                PID_rotate(short, short)
 .text._Z6run_dchs
                0x0800163c       0x64 ./Core/Src/Driver_Robot.o
                0x0800163c                run_dc(unsigned char, short)
 .text._Z4movessssmh
                0x080016a0      0x9cc ./Core/Src/Driver_Robot.o
                0x080016a0                move(short, short, short, short, unsigned long, unsigned char)
 *fill*         0x0800206c        0x4 
 .text._Z14move_directionssssmh
                0x08002070      0x618 ./Core/Src/Driver_Robot.o
                0x08002070                move_direction(short, short, short, short, unsigned long, unsigned char)
 .text._Z8rot_lefts
                0x08002688       0x54 ./Core/Src/Driver_Robot.o
                0x08002688                rot_left(short)
 .text._Z9rot_rights
                0x080026dc       0x54 ./Core/Src/Driver_Robot.o
                0x080026dc                rot_right(short)
 .text._Z4stopv
                0x08002730       0x38 ./Core/Src/Driver_Robot.o
                0x08002730                stop()
 .text._Z13on_xilanh_banv
                0x08002768       0x18 ./Core/Src/Driver_Robot.o
                0x08002768                on_xilanh_ban()
 .text._Z14off_xilanh_banv
                0x08002780       0x18 ./Core/Src/Driver_Robot.o
                0x08002780                off_xilanh_ban()
 .text._Z11on_canh_tayv
                0x08002798       0x18 ./Core/Src/Driver_Robot.o
                0x08002798                on_canh_tay()
 .text._Z12off_canh_tayv
                0x080027b0       0x18 ./Core/Src/Driver_Robot.o
                0x080027b0                off_canh_tay()
 .text._Z13on_xilanh_dayv
                0x080027c8       0x18 ./Core/Src/Driver_Robot.o
                0x080027c8                on_xilanh_day()
 .text._Z14off_xilanh_dayv
                0x080027e0       0x18 ./Core/Src/Driver_Robot.o
                0x080027e0                off_xilanh_day()
 .text._Z8ban_bongv
                0x080027f8      0x294 ./Core/Src/Driver_Robot.o
                0x080027f8                ban_bong()
 .text._Z8dap_bongv
                0x08002a8c      0x1ac ./Core/Src/Driver_Robot.o
                0x08002a8c                dap_bong()
 .text._Z9run_basicv
                0x08002c38      0x5dc ./Core/Src/Driver_Robot.o
                0x08002c38                run_basic()
 .text._ZSt4sqrtIiEN9__gnu_cxx11__enable_ifIXsrSt12__is_integerIT_E7__valueEdE6__typeES3_
                0x08003214       0x28 ./Core/Src/Driver_Robot.o
                0x08003214                __gnu_cxx::__enable_if<std::__is_integer<int>::__value, double>::__type std::sqrt<int>(int)
 .text._ZSt5atan2IssEN9__gnu_cxx11__promote_2IT_T0_NS0_9__promoteIS2_XsrSt12__is_integerIS2_E7__valueEE6__typeENS4_IS3_XsrS5_IS3_E7__valueEE6__typeEE6__typeES2_S3_
                0x0800323c       0x42 ./Core/Src/Driver_Robot.o
                0x0800323c                __gnu_cxx::__promote_2<short, short, __gnu_cxx::__promote<short, std::__is_integer<short>::__value>::__type, __gnu_cxx::__promote<short, std::__is_integer<short>::__value>::__type>::__type std::atan2<short, short>(short, short)
 *fill*         0x0800327e        0x2 
 .text._Z15ENABLE_GPIO_CLKP12GPIO_TypeDef
                0x08003280       0xac ./Core/Src/GPIO_Master.o
                0x08003280                ENABLE_GPIO_CLK(GPIO_TypeDef*)
 .text._Z13GPIO_OUT_InitP12GPIO_TypeDefmm
                0x0800332c       0x52 ./Core/Src/GPIO_Master.o
                0x0800332c                GPIO_OUT_Init(GPIO_TypeDef*, unsigned long, unsigned long)
 .text._ZnwjPv  0x0800337e       0x16 ./Core/Src/PWM_Master_f103.o
                0x0800337e                operator new(unsigned int, void*)
 .text._ZNKSt4hashIbEclEb
                0x08003394       0x18 ./Core/Src/PWM_Master_f103.o
                0x08003394                std::hash<bool>::operator()(bool) const
 .text._ZNKSt4hashItEclEt
                0x080033ac       0x18 ./Core/Src/PWM_Master_f103.o
                0x080033ac                std::hash<unsigned short>::operator()(unsigned short) const
 .text._ZNSt8__detail15_Hash_node_baseC2Ev
                0x080033c4       0x1a ./Core/Src/PWM_Master_f103.o
                0x080033c4                std::__detail::_Hash_node_base::_Hash_node_base()
                0x080033c4                std::__detail::_Hash_node_base::_Hash_node_base()
 .text._ZNKSt8__detail18_Mod_range_hashingclEjj
                0x080033de       0x26 ./Core/Src/PWM_Master_f103.o
                0x080033de                std::__detail::_Mod_range_hashing::operator()(unsigned int, unsigned int) const
 .text._ZNSt8__detail20_Prime_rehash_policyC2Ef
                0x08003404       0x22 ./Core/Src/PWM_Master_f103.o
                0x08003404                std::__detail::_Prime_rehash_policy::_Prime_rehash_policy(float)
                0x08003404                std::__detail::_Prime_rehash_policy::_Prime_rehash_policy(float)
 .text._ZNKSt8__detail20_Prime_rehash_policy8_M_stateEv
                0x08003426       0x16 ./Core/Src/PWM_Master_f103.o
                0x08003426                std::__detail::_Prime_rehash_policy::_M_state() const
 .text._ZN16GPIO_TIM_MappingC2EP12GPIO_TypeDefmP11TIM_TypeDefmb
                0x0800343c       0x3a ./Core/Src/PWM_Master_f103.o
                0x0800343c                GPIO_TIM_Mapping::GPIO_TIM_Mapping(GPIO_TypeDef*, unsigned long, TIM_TypeDef*, unsigned long, bool)
                0x0800343c                GPIO_TIM_Mapping::GPIO_TIM_Mapping(GPIO_TypeDef*, unsigned long, TIM_TypeDef*, unsigned long, bool)
 .text._ZNK16GPIO_TIM_MappingeqERKS_
                0x08003476       0x32 ./Core/Src/PWM_Master_f103.o
                0x08003476                GPIO_TIM_Mapping::operator==(GPIO_TIM_Mapping const&) const
 .text._ZNK11GPIOPinHashclERK16GPIO_TIM_Mapping
                0x080034a8       0x44 ./Core/Src/PWM_Master_f103.o
                0x080034a8                GPIOPinHash::operator()(GPIO_TIM_Mapping const&) const
 .text._ZNSt8__detail15_Hash_code_baseI16GPIO_TIM_MappingSt4pairIKS1_S1_ENS_10_Select1stE11GPIOPinHashNS_18_Mod_range_hashingENS_20_Default_ranged_hashELb1EEC2Ev
                0x080034ec       0x18 ./Core/Src/PWM_Master_f103.o
                0x080034ec                std::__detail::_Hash_code_base<GPIO_TIM_Mapping, std::pair<GPIO_TIM_Mapping const, GPIO_TIM_Mapping>, std::__detail::_Select1st, GPIOPinHash, std::__detail::_Mod_range_hashing, std::__detail::_Default_ranged_hash, true>::_Hash_code_base()
                0x080034ec                std::__detail::_Hash_code_base<GPIO_TIM_Mapping, std::pair<GPIO_TIM_Mapping const, GPIO_TIM_Mapping>, std::__detail::_Select1st, GPIOPinHash, std::__detail::_Mod_range_hashing, std::__detail::_Default_ranged_hash, true>::_Hash_code_base()
 .text._ZNSt8__detail15_Hashtable_baseI16GPIO_TIM_MappingSt4pairIKS1_S1_ENS_10_Select1stESt8equal_toIS1_E11GPIOPinHashNS_18_Mod_range_hashingENS_20_Default_ranged_hashENS_17_Hashtable_traitsILb1ELb0ELb0EEEEC2Ev
                0x08003504       0x1e ./Core/Src/PWM_Master_f103.o
                0x08003504                std::__detail::_Hashtable_base<GPIO_TIM_Mapping, std::pair<GPIO_TIM_Mapping const, GPIO_TIM_Mapping>, std::__detail::_Select1st, std::equal_to<GPIO_TIM_Mapping>, GPIOPinHash, std::__detail::_Mod_range_hashing, std::__detail::_Default_ranged_hash, std::__detail::_Hashtable_traits<true, false, false> >::_Hashtable_base()
                0x08003504                std::__detail::_Hashtable_base<GPIO_TIM_Mapping, std::pair<GPIO_TIM_Mapping const, GPIO_TIM_Mapping>, std::__detail::_Select1st, std::equal_to<GPIO_TIM_Mapping>, GPIOPinHash, std::__detail::_Mod_range_hashing, std::__detail::_Default_ranged_hash, std::__detail::_Hashtable_traits<true, false, false> >::_Hashtable_base()
 .text._ZNSt8__detail21_Hashtable_ebo_helperILi0ESaINS_10_Hash_nodeISt4pairIK16GPIO_TIM_MappingS3_ELb1EEEELb1EED2Ev
                0x08003522       0x18 ./Core/Src/PWM_Master_f103.o
                0x08003522                std::__detail::_Hashtable_ebo_helper<0, std::allocator<std::__detail::_Hash_node<std::pair<GPIO_TIM_Mapping const, GPIO_TIM_Mapping>, true> >, true>::~_Hashtable_ebo_helper()
                0x08003522                std::__detail::_Hashtable_ebo_helper<0, std::allocator<std::__detail::_Hash_node<std::pair<GPIO_TIM_Mapping const, GPIO_TIM_Mapping>, true> >, true>::~_Hashtable_ebo_helper()
 .text._ZNSt8__detail16_Hashtable_allocISaINS_10_Hash_nodeISt4pairIK16GPIO_TIM_MappingS3_ELb1EEEEEC2Ev
                0x0800353a       0x18 ./Core/Src/PWM_Master_f103.o
                0x0800353a                std::__detail::_Hashtable_alloc<std::allocator<std::__detail::_Hash_node<std::pair<GPIO_TIM_Mapping const, GPIO_TIM_Mapping>, true> > >::_Hashtable_alloc()
                0x0800353a                std::__detail::_Hashtable_alloc<std::allocator<std::__detail::_Hash_node<std::pair<GPIO_TIM_Mapping const, GPIO_TIM_Mapping>, true> > >::_Hashtable_alloc()
 .text._ZNSt8__detail16_Hashtable_allocISaINS_10_Hash_nodeISt4pairIK16GPIO_TIM_MappingS3_ELb1EEEEED2Ev
                0x08003552       0x18 ./Core/Src/PWM_Master_f103.o
                0x08003552                std::__detail::_Hashtable_alloc<std::allocator<std::__detail::_Hash_node<std::pair<GPIO_TIM_Mapping const, GPIO_TIM_Mapping>, true> > >::~_Hashtable_alloc()
                0x08003552                std::__detail::_Hashtable_alloc<std::allocator<std::__detail::_Hash_node<std::pair<GPIO_TIM_Mapping const, GPIO_TIM_Mapping>, true> > >::~_Hashtable_alloc()
 .text._ZNSt10_HashtableI16GPIO_TIM_MappingSt4pairIKS0_S0_ESaIS3_ENSt8__detail10_Select1stESt8equal_toIS0_E11GPIOPinHashNS5_18_Mod_range_hashingENS5_20_Default_ranged_hashENS5_20_Prime_rehash_policyENS5_17_Hashtable_traitsILb1ELb0ELb0EEEEC2Ev
                0x0800356a       0x52 ./Core/Src/PWM_Master_f103.o
                0x0800356a                std::_Hashtable<GPIO_TIM_Mapping, std::pair<GPIO_TIM_Mapping const, GPIO_TIM_Mapping>, std::allocator<std::pair<GPIO_TIM_Mapping const, GPIO_TIM_Mapping> >, std::__detail::_Select1st, std::equal_to<GPIO_TIM_Mapping>, GPIOPinHash, std::__detail::_Mod_range_hashing, std::__detail::_Default_ranged_hash, std::__detail::_Prime_rehash_policy, std::__detail::_Hashtable_traits<true, false, false> >::_Hashtable()
                0x0800356a                std::_Hashtable<GPIO_TIM_Mapping, std::pair<GPIO_TIM_Mapping const, GPIO_TIM_Mapping>, std::allocator<std::pair<GPIO_TIM_Mapping const, GPIO_TIM_Mapping> >, std::__detail::_Select1st, std::equal_to<GPIO_TIM_Mapping>, GPIOPinHash, std::__detail::_Mod_range_hashing, std::__detail::_Default_ranged_hash, std::__detail::_Prime_rehash_policy, std::__detail::_Hashtable_traits<true, false, false> >::_Hashtable()
 .text._ZNSt18unordered_multimapI16GPIO_TIM_MappingS0_11GPIOPinHashSt8equal_toIS0_ESaISt4pairIKS0_S0_EEEC2Ev
                0x080035bc       0x1a ./Core/Src/PWM_Master_f103.o
                0x080035bc                std::unordered_multimap<GPIO_TIM_Mapping, GPIO_TIM_Mapping, GPIOPinHash, std::equal_to<GPIO_TIM_Mapping>, std::allocator<std::pair<GPIO_TIM_Mapping const, GPIO_TIM_Mapping> > >::unordered_multimap()
                0x080035bc                std::unordered_multimap<GPIO_TIM_Mapping, GPIO_TIM_Mapping, GPIOPinHash, std::equal_to<GPIO_TIM_Mapping>, std::allocator<std::pair<GPIO_TIM_Mapping const, GPIO_TIM_Mapping> > >::unordered_multimap()
 *fill*         0x080035d6        0x2 
 .text._Z10AddMappingP12GPIO_TypeDeftP11TIM_TypeDefmb
                0x080035d8       0x5c ./Core/Src/PWM_Master_f103.o
                0x080035d8                AddMapping(GPIO_TypeDef*, unsigned short, TIM_TypeDef*, unsigned long, bool)
 .text._Z19Add_Map_STM32F103xxv
                0x08003634      0x278 ./Core/Src/PWM_Master_f103.o
                0x08003634                Add_Map_STM32F103xx()
 .text._ZNSt8__detail21_Hashtable_ebo_helperILi1E11GPIOPinHashLb1EEC2Ev
                0x080038ac       0x14 ./Core/Src/PWM_Master_f103.o
                0x080038ac                std::__detail::_Hashtable_ebo_helper<1, GPIOPinHash, true>::_Hashtable_ebo_helper()
                0x080038ac                std::__detail::_Hashtable_ebo_helper<1, GPIOPinHash, true>::_Hashtable_ebo_helper()
 .text._ZNSt8__detail21_Hashtable_ebo_helperILi0ESt8equal_toI16GPIO_TIM_MappingELb1EEC2Ev
                0x080038c0       0x14 ./Core/Src/PWM_Master_f103.o
                0x080038c0                std::__detail::_Hashtable_ebo_helper<0, std::equal_to<GPIO_TIM_Mapping>, true>::_Hashtable_ebo_helper()
                0x080038c0                std::__detail::_Hashtable_ebo_helper<0, std::equal_to<GPIO_TIM_Mapping>, true>::_Hashtable_ebo_helper()
 .text._ZNSt8__detail21_Hashtable_ebo_helperILi0ESaINS_10_Hash_nodeISt4pairIK16GPIO_TIM_MappingS3_ELb1EEEELb1EEC2Ev
                0x080038d4       0x18 ./Core/Src/PWM_Master_f103.o
                0x080038d4                std::__detail::_Hashtable_ebo_helper<0, std::allocator<std::__detail::_Hash_node<std::pair<GPIO_TIM_Mapping const, GPIO_TIM_Mapping>, true> >, true>::_Hashtable_ebo_helper()
                0x080038d4                std::__detail::_Hashtable_ebo_helper<0, std::allocator<std::__detail::_Hash_node<std::pair<GPIO_TIM_Mapping const, GPIO_TIM_Mapping>, true> >, true>::_Hashtable_ebo_helper()
 .text._ZNSaINSt8__detail10_Hash_nodeISt4pairIK16GPIO_TIM_MappingS2_ELb1EEEED2Ev
                0x080038ec       0x18 ./Core/Src/PWM_Master_f103.o
                0x080038ec                std::allocator<std::__detail::_Hash_node<std::pair<GPIO_TIM_Mapping const, GPIO_TIM_Mapping>, true> >::~allocator()
                0x080038ec                std::allocator<std::__detail::_Hash_node<std::pair<GPIO_TIM_Mapping const, GPIO_TIM_Mapping>, true> >::~allocator()
 .text._ZNSt10_HashtableI16GPIO_TIM_MappingSt4pairIKS0_S0_ESaIS3_ENSt8__detail10_Select1stESt8equal_toIS0_E11GPIOPinHashNS5_18_Mod_range_hashingENS5_20_Default_ranged_hashENS5_20_Prime_rehash_policyENS5_17_Hashtable_traitsILb1ELb0ELb0EEEED2Ev
                0x08003904       0x24 ./Core/Src/PWM_Master_f103.o
                0x08003904                std::_Hashtable<GPIO_TIM_Mapping, std::pair<GPIO_TIM_Mapping const, GPIO_TIM_Mapping>, std::allocator<std::pair<GPIO_TIM_Mapping const, GPIO_TIM_Mapping> >, std::__detail::_Select1st, std::equal_to<GPIO_TIM_Mapping>, GPIOPinHash, std::__detail::_Mod_range_hashing, std::__detail::_Default_ranged_hash, std::__detail::_Prime_rehash_policy, std::__detail::_Hashtable_traits<true, false, false> >::~_Hashtable()
                0x08003904                std::_Hashtable<GPIO_TIM_Mapping, std::pair<GPIO_TIM_Mapping const, GPIO_TIM_Mapping>, std::allocator<std::pair<GPIO_TIM_Mapping const, GPIO_TIM_Mapping> >, std::__detail::_Select1st, std::equal_to<GPIO_TIM_Mapping>, GPIOPinHash, std::__detail::_Mod_range_hashing, std::__detail::_Default_ranged_hash, std::__detail::_Prime_rehash_policy, std::__detail::_Hashtable_traits<true, false, false> >::~_Hashtable()
 .text._ZNSt18unordered_multimapI16GPIO_TIM_MappingS0_11GPIOPinHashSt8equal_toIS0_ESaISt4pairIKS0_S0_EEE7emplaceIJS0_S0_EEENSt8__detail14_Node_iteratorIS6_Lb0ELb1EEEDpOT_
                0x08003928       0x32 ./Core/Src/PWM_Master_f103.o
                0x08003928                std::__detail::_Node_iterator<std::pair<GPIO_TIM_Mapping const, GPIO_TIM_Mapping>, false, true> std::unordered_multimap<GPIO_TIM_Mapping, GPIO_TIM_Mapping, GPIOPinHash, std::equal_to<GPIO_TIM_Mapping>, std::allocator<std::pair<GPIO_TIM_Mapping const, GPIO_TIM_Mapping> > >::emplace<GPIO_TIM_Mapping, GPIO_TIM_Mapping>(GPIO_TIM_Mapping&&, GPIO_TIM_Mapping&&)
 .text._ZNSt8__detailneERKNS_19_Node_iterator_baseISt4pairIK16GPIO_TIM_MappingS2_ELb1EEES7_
                0x0800395a       0x26 ./Core/Src/PWM_Master_f103.o
                0x0800395a                std::__detail::operator!=(std::__detail::_Node_iterator_base<std::pair<GPIO_TIM_Mapping const, GPIO_TIM_Mapping>, true> const&, std::__detail::_Node_iterator_base<std::pair<GPIO_TIM_Mapping const, GPIO_TIM_Mapping>, true> const&)
 .text._ZSt7forwardIjEOT_RNSt16remove_referenceIS0_E4typeE
                0x08003980       0x14 ./Core/Src/PWM_Master_f103.o
                0x08003980                unsigned int&& std::forward<unsigned int>(std::remove_reference<unsigned int>::type&)
 .text._ZNSaINSt8__detail10_Hash_nodeISt4pairIK16GPIO_TIM_MappingS2_ELb1EEEEC2Ev
                0x08003994       0x18 ./Core/Src/PWM_Master_f103.o
                0x08003994                std::allocator<std::__detail::_Hash_node<std::pair<GPIO_TIM_Mapping const, GPIO_TIM_Mapping>, true> >::allocator()
                0x08003994                std::allocator<std::__detail::_Hash_node<std::pair<GPIO_TIM_Mapping const, GPIO_TIM_Mapping>, true> >::allocator()
 .text._ZNSt15__new_allocatorINSt8__detail10_Hash_nodeISt4pairIK16GPIO_TIM_MappingS3_ELb1EEEED2Ev
                0x080039ac       0x14 ./Core/Src/PWM_Master_f103.o
                0x080039ac                std::__new_allocator<std::__detail::_Hash_node<std::pair<GPIO_TIM_Mapping const, GPIO_TIM_Mapping>, true> >::~__new_allocator()
                0x080039ac                std::__new_allocator<std::__detail::_Hash_node<std::pair<GPIO_TIM_Mapping const, GPIO_TIM_Mapping>, true> >::~__new_allocator()
 .text._ZNSt10_HashtableI16GPIO_TIM_MappingSt4pairIKS0_S0_ESaIS3_ENSt8__detail10_Select1stESt8equal_toIS0_E11GPIOPinHashNS5_18_Mod_range_hashingENS5_20_Default_ranged_hashENS5_20_Prime_rehash_policyENS5_17_Hashtable_traitsILb1ELb0ELb0EEEE5clearEv
                0x080039c0       0x40 ./Core/Src/PWM_Master_f103.o
                0x080039c0                std::_Hashtable<GPIO_TIM_Mapping, std::pair<GPIO_TIM_Mapping const, GPIO_TIM_Mapping>, std::allocator<std::pair<GPIO_TIM_Mapping const, GPIO_TIM_Mapping> >, std::__detail::_Select1st, std::equal_to<GPIO_TIM_Mapping>, GPIOPinHash, std::__detail::_Mod_range_hashing, std::__detail::_Default_ranged_hash, std::__detail::_Prime_rehash_policy, std::__detail::_Hashtable_traits<true, false, false> >::clear()
 .text._ZNSt10_HashtableI16GPIO_TIM_MappingSt4pairIKS0_S0_ESaIS3_ENSt8__detail10_Select1stESt8equal_toIS0_E11GPIOPinHashNS5_18_Mod_range_hashingENS5_20_Default_ranged_hashENS5_20_Prime_rehash_policyENS5_17_Hashtable_traitsILb1ELb0ELb0EEEE21_M_deallocate_bucketsEv
                0x08003a00       0x20 ./Core/Src/PWM_Master_f103.o
                0x08003a00                std::_Hashtable<GPIO_TIM_Mapping, std::pair<GPIO_TIM_Mapping const, GPIO_TIM_Mapping>, std::allocator<std::pair<GPIO_TIM_Mapping const, GPIO_TIM_Mapping> >, std::__detail::_Select1st, std::equal_to<GPIO_TIM_Mapping>, GPIOPinHash, std::__detail::_Mod_range_hashing, std::__detail::_Default_ranged_hash, std::__detail::_Prime_rehash_policy, std::__detail::_Hashtable_traits<true, false, false> >::_M_deallocate_buckets()
 .text._ZSt7forwardI16GPIO_TIM_MappingEOT_RNSt16remove_referenceIS1_E4typeE
                0x08003a20       0x14 ./Core/Src/PWM_Master_f103.o
                0x08003a20                GPIO_TIM_Mapping&& std::forward<GPIO_TIM_Mapping>(std::remove_reference<GPIO_TIM_Mapping>::type&)
 .text._ZNSt10_HashtableI16GPIO_TIM_MappingSt4pairIKS0_S0_ESaIS3_ENSt8__detail10_Select1stESt8equal_toIS0_E11GPIOPinHashNS5_18_Mod_range_hashingENS5_20_Default_ranged_hashENS5_20_Prime_rehash_policyENS5_17_Hashtable_traitsILb1ELb0ELb0EEEE7emplaceIJS0_S0_EEENS5_14_Node_iteratorIS3_Lb0ELb1EEEDpOT_
                0x08003a34       0x30 ./Core/Src/PWM_Master_f103.o
                0x08003a34                std::__detail::_Node_iterator<std::pair<GPIO_TIM_Mapping const, GPIO_TIM_Mapping>, false, true> std::_Hashtable<GPIO_TIM_Mapping, std::pair<GPIO_TIM_Mapping const, GPIO_TIM_Mapping>, std::allocator<std::pair<GPIO_TIM_Mapping const, GPIO_TIM_Mapping> >, std::__detail::_Select1st, std::equal_to<GPIO_TIM_Mapping>, GPIOPinHash, std::__detail::_Mod_range_hashing, std::__detail::_Default_ranged_hash, std::__detail::_Prime_rehash_policy, std::__detail::_Hashtable_traits<true, false, false> >::emplace<GPIO_TIM_Mapping, GPIO_TIM_Mapping>(GPIO_TIM_Mapping&&, GPIO_TIM_Mapping&&)
 .text._ZNSt8__detail19_Node_iterator_baseISt4pairIK16GPIO_TIM_MappingS2_ELb1EE7_M_incrEv
                0x08003a64       0x20 ./Core/Src/PWM_Master_f103.o
                0x08003a64                std::__detail::_Node_iterator_base<std::pair<GPIO_TIM_Mapping const, GPIO_TIM_Mapping>, true>::_M_incr()
 .text._ZNSt8__detail21_Hash_node_value_baseISt4pairIK16GPIO_TIM_MappingS2_EE9_M_valptrEv
                0x08003a84       0x1a ./Core/Src/PWM_Master_f103.o
                0x08003a84                std::__detail::_Hash_node_value_base<std::pair<GPIO_TIM_Mapping const, GPIO_TIM_Mapping> >::_M_valptr()
 .text._ZNSt15__new_allocatorINSt8__detail10_Hash_nodeISt4pairIK16GPIO_TIM_MappingS3_ELb1EEEEC2Ev
                0x08003a9e       0x14 ./Core/Src/PWM_Master_f103.o
                0x08003a9e                std::__new_allocator<std::__detail::_Hash_node<std::pair<GPIO_TIM_Mapping const, GPIO_TIM_Mapping>, true> >::__new_allocator()
                0x08003a9e                std::__new_allocator<std::__detail::_Hash_node<std::pair<GPIO_TIM_Mapping const, GPIO_TIM_Mapping>, true> >::__new_allocator()
 .text._ZNKSt10_HashtableI16GPIO_TIM_MappingSt4pairIKS0_S0_ESaIS3_ENSt8__detail10_Select1stESt8equal_toIS0_E11GPIOPinHashNS5_18_Mod_range_hashingENS5_20_Default_ranged_hashENS5_20_Prime_rehash_policyENS5_17_Hashtable_traitsILb1ELb0ELb0EEEE8_M_beginEv
                0x08003ab2       0x16 ./Core/Src/PWM_Master_f103.o
                0x08003ab2                std::_Hashtable<GPIO_TIM_Mapping, std::pair<GPIO_TIM_Mapping const, GPIO_TIM_Mapping>, std::allocator<std::pair<GPIO_TIM_Mapping const, GPIO_TIM_Mapping> >, std::__detail::_Select1st, std::equal_to<GPIO_TIM_Mapping>, GPIOPinHash, std::__detail::_Mod_range_hashing, std::__detail::_Default_ranged_hash, std::__detail::_Prime_rehash_policy, std::__detail::_Hashtable_traits<true, false, false> >::_M_begin() const
 .text._ZNSt8__detail16_Hashtable_allocISaINS_10_Hash_nodeISt4pairIK16GPIO_TIM_MappingS3_ELb1EEEEE19_M_deallocate_nodesEPS6_
                0x08003ac8       0x30 ./Core/Src/PWM_Master_f103.o
                0x08003ac8                std::__detail::_Hashtable_alloc<std::allocator<std::__detail::_Hash_node<std::pair<GPIO_TIM_Mapping const, GPIO_TIM_Mapping>, true> > >::_M_deallocate_nodes(std::__detail::_Hash_node<std::pair<GPIO_TIM_Mapping const, GPIO_TIM_Mapping>, true>*)
 .text._ZNSt10_HashtableI16GPIO_TIM_MappingSt4pairIKS0_S0_ESaIS3_ENSt8__detail10_Select1stESt8equal_toIS0_E11GPIOPinHashNS5_18_Mod_range_hashingENS5_20_Default_ranged_hashENS5_20_Prime_rehash_policyENS5_17_Hashtable_traitsILb1ELb0ELb0EEEE21_M_deallocate_bucketsEPPNS5_15_Hash_node_baseEj
                0x08003af8       0x2e ./Core/Src/PWM_Master_f103.o
                0x08003af8                std::_Hashtable<GPIO_TIM_Mapping, std::pair<GPIO_TIM_Mapping const, GPIO_TIM_Mapping>, std::allocator<std::pair<GPIO_TIM_Mapping const, GPIO_TIM_Mapping> >, std::__detail::_Select1st, std::equal_to<GPIO_TIM_Mapping>, GPIOPinHash, std::__detail::_Mod_range_hashing, std::__detail::_Default_ranged_hash, std::__detail::_Prime_rehash_policy, std::__detail::_Hashtable_traits<true, false, false> >::_M_deallocate_buckets(std::__detail::_Hash_node_base**, unsigned int)
 .text._ZNSt10_HashtableI16GPIO_TIM_MappingSt4pairIKS0_S0_ESaIS3_ENSt8__detail10_Select1stESt8equal_toIS0_E11GPIOPinHashNS5_18_Mod_range_hashingENS5_20_Default_ranged_hashENS5_20_Prime_rehash_policyENS5_17_Hashtable_traitsILb1ELb0ELb0EEEE10_M_emplaceIJS0_S0_EEENS5_14_Node_iteratorIS3_Lb0ELb1EEESt17integral_constantIbLb0EEDpOT_
                0x08003b26       0x3e ./Core/Src/PWM_Master_f103.o
                0x08003b26                std::__detail::_Node_iterator<std::pair<GPIO_TIM_Mapping const, GPIO_TIM_Mapping>, false, true> std::_Hashtable<GPIO_TIM_Mapping, std::pair<GPIO_TIM_Mapping const, GPIO_TIM_Mapping>, std::allocator<std::pair<GPIO_TIM_Mapping const, GPIO_TIM_Mapping> >, std::__detail::_Select1st, std::equal_to<GPIO_TIM_Mapping>, GPIOPinHash, std::__detail::_Mod_range_hashing, std::__detail::_Default_ranged_hash, std::__detail::_Prime_rehash_policy, std::__detail::_Hashtable_traits<true, false, false> >::_M_emplace<GPIO_TIM_Mapping, GPIO_TIM_Mapping>(std::integral_constant<bool, false>, GPIO_TIM_Mapping&&, GPIO_TIM_Mapping&&)
 .text._ZNKSt8__detail10_Hash_nodeISt4pairIK16GPIO_TIM_MappingS2_ELb1EE7_M_nextEv
                0x08003b64       0x16 ./Core/Src/PWM_Master_f103.o
                0x08003b64                std::__detail::_Hash_node<std::pair<GPIO_TIM_Mapping const, GPIO_TIM_Mapping>, true>::_M_next() const
 .text._ZN9__gnu_cxx16__aligned_bufferISt4pairIK16GPIO_TIM_MappingS2_EE6_M_ptrEv
                0x08003b7a       0x18 ./Core/Src/PWM_Master_f103.o
                0x08003b7a                __gnu_cxx::__aligned_buffer<std::pair<GPIO_TIM_Mapping const, GPIO_TIM_Mapping> >::_M_ptr()
 .text._ZNSt8__detail16_Hashtable_allocISaINS_10_Hash_nodeISt4pairIK16GPIO_TIM_MappingS3_ELb1EEEEE18_M_deallocate_nodeEPS6_
                0x08003b92       0x36 ./Core/Src/PWM_Master_f103.o
                0x08003b92                std::__detail::_Hashtable_alloc<std::allocator<std::__detail::_Hash_node<std::pair<GPIO_TIM_Mapping const, GPIO_TIM_Mapping>, true> > >::_M_deallocate_node(std::__detail::_Hash_node<std::pair<GPIO_TIM_Mapping const, GPIO_TIM_Mapping>, true>*)
 .text._ZNKSt10_HashtableI16GPIO_TIM_MappingSt4pairIKS0_S0_ESaIS3_ENSt8__detail10_Select1stESt8equal_toIS0_E11GPIOPinHashNS5_18_Mod_range_hashingENS5_20_Default_ranged_hashENS5_20_Prime_rehash_policyENS5_17_Hashtable_traitsILb1ELb0ELb0EEEE21_M_uses_single_bucketEPPNS5_15_Hash_node_baseE
                0x08003bc8       0x2e ./Core/Src/PWM_Master_f103.o
                0x08003bc8                std::_Hashtable<GPIO_TIM_Mapping, std::pair<GPIO_TIM_Mapping const, GPIO_TIM_Mapping>, std::allocator<std::pair<GPIO_TIM_Mapping const, GPIO_TIM_Mapping> >, std::__detail::_Select1st, std::equal_to<GPIO_TIM_Mapping>, GPIOPinHash, std::__detail::_Mod_range_hashing, std::__detail::_Default_ranged_hash, std::__detail::_Prime_rehash_policy, std::__detail::_Hashtable_traits<true, false, false> >::_M_uses_single_bucket(std::__detail::_Hash_node_base**) const
 .text._ZNSt8__detail16_Hashtable_allocISaINS_10_Hash_nodeISt4pairIK16GPIO_TIM_MappingS3_ELb1EEEEE21_M_deallocate_bucketsEPPNS_15_Hash_node_baseEj
                0x08003bf6       0x46 ./Core/Src/PWM_Master_f103.o
                0x08003bf6                std::__detail::_Hashtable_alloc<std::allocator<std::__detail::_Hash_node<std::pair<GPIO_TIM_Mapping const, GPIO_TIM_Mapping>, true> > >::_M_deallocate_buckets(std::__detail::_Hash_node_base**, unsigned int)
 .text._ZNKSt10_HashtableI16GPIO_TIM_MappingSt4pairIKS0_S0_ESaIS3_ENSt8__detail10_Select1stESt8equal_toIS0_E11GPIOPinHashNS5_18_Mod_range_hashingENS5_20_Default_ranged_hashENS5_20_Prime_rehash_policyENS5_17_Hashtable_traitsILb1ELb0ELb0EEEE4cendEv
                0x08003c3c       0x1e ./Core/Src/PWM_Master_f103.o
                0x08003c3c                std::_Hashtable<GPIO_TIM_Mapping, std::pair<GPIO_TIM_Mapping const, GPIO_TIM_Mapping>, std::allocator<std::pair<GPIO_TIM_Mapping const, GPIO_TIM_Mapping> >, std::__detail::_Select1st, std::equal_to<GPIO_TIM_Mapping>, GPIOPinHash, std::__detail::_Mod_range_hashing, std::__detail::_Default_ranged_hash, std::__detail::_Prime_rehash_policy, std::__detail::_Hashtable_traits<true, false, false> >::cend() const
 .text._ZNSt10_HashtableI16GPIO_TIM_MappingSt4pairIKS0_S0_ESaIS3_ENSt8__detail10_Select1stESt8equal_toIS0_E11GPIOPinHashNS5_18_Mod_range_hashingENS5_20_Default_ranged_hashENS5_20_Prime_rehash_policyENS5_17_Hashtable_traitsILb1ELb0ELb0EEEE10_M_emplaceIJS0_S0_EEENS5_14_Node_iteratorIS3_Lb0ELb1EEENS5_20_Node_const_iteratorIS3_Lb0ELb1EEESt17integral_constantIbLb0EEDpOT_
                0x08003c5a       0x7c ./Core/Src/PWM_Master_f103.o
                0x08003c5a                std::__detail::_Node_iterator<std::pair<GPIO_TIM_Mapping const, GPIO_TIM_Mapping>, false, true> std::_Hashtable<GPIO_TIM_Mapping, std::pair<GPIO_TIM_Mapping const, GPIO_TIM_Mapping>, std::allocator<std::pair<GPIO_TIM_Mapping const, GPIO_TIM_Mapping> >, std::__detail::_Select1st, std::equal_to<GPIO_TIM_Mapping>, GPIOPinHash, std::__detail::_Mod_range_hashing, std::__detail::_Default_ranged_hash, std::__detail::_Prime_rehash_policy, std::__detail::_Hashtable_traits<true, false, false> >::_M_emplace<GPIO_TIM_Mapping, GPIO_TIM_Mapping>(std::__detail::_Node_const_iterator<std::pair<GPIO_TIM_Mapping const, GPIO_TIM_Mapping>, false, true>, std::integral_constant<bool, false>, GPIO_TIM_Mapping&&, GPIO_TIM_Mapping&&)
 .text._ZNKSt10_HashtableI16GPIO_TIM_MappingSt4pairIKS0_S0_ESaIS3_ENSt8__detail10_Select1stESt8equal_toIS0_E11GPIOPinHashNS5_18_Mod_range_hashingENS5_20_Default_ranged_hashENS5_20_Prime_rehash_policyENS5_17_Hashtable_traitsILb1ELb0ELb0EEEE4sizeEv
                0x08003cd6       0x16 ./Core/Src/PWM_Master_f103.o
                0x08003cd6                std::_Hashtable<GPIO_TIM_Mapping, std::pair<GPIO_TIM_Mapping const, GPIO_TIM_Mapping>, std::allocator<std::pair<GPIO_TIM_Mapping const, GPIO_TIM_Mapping> >, std::__detail::_Select1st, std::equal_to<GPIO_TIM_Mapping>, GPIOPinHash, std::__detail::_Mod_range_hashing, std::__detail::_Default_ranged_hash, std::__detail::_Prime_rehash_policy, std::__detail::_Hashtable_traits<true, false, false> >::size() const
 .text._ZNSt10_HashtableI16GPIO_TIM_MappingSt4pairIKS0_S0_ESaIS3_ENSt8__detail10_Select1stESt8equal_toIS0_E11GPIOPinHashNS5_18_Mod_range_hashingENS5_20_Default_ranged_hashENS5_20_Prime_rehash_policyENS5_17_Hashtable_traitsILb1ELb0ELb0EEEE22__small_size_thresholdEv
                0x08003cec        0xe ./Core/Src/PWM_Master_f103.o
                0x08003cec                std::_Hashtable<GPIO_TIM_Mapping, std::pair<GPIO_TIM_Mapping const, GPIO_TIM_Mapping>, std::allocator<std::pair<GPIO_TIM_Mapping const, GPIO_TIM_Mapping> >, std::__detail::_Select1st, std::equal_to<GPIO_TIM_Mapping>, GPIOPinHash, std::__detail::_Mod_range_hashing, std::__detail::_Default_ranged_hash, std::__detail::_Prime_rehash_policy, std::__detail::_Hashtable_traits<true, false, false> >::__small_size_threshold()
 .text._ZNKSt8__detail15_Hashtable_baseI16GPIO_TIM_MappingSt4pairIKS1_S1_ENS_10_Select1stESt8equal_toIS1_E11GPIOPinHashNS_18_Mod_range_hashingENS_20_Default_ranged_hashENS_17_Hashtable_traitsILb1ELb0ELb0EEEE13_M_key_equalsERS3_RKNS_16_Hash_node_valueIS4_Lb1EEE
                0x08003cfa       0x40 ./Core/Src/PWM_Master_f103.o
                0x08003cfa                std::__detail::_Hashtable_base<GPIO_TIM_Mapping, std::pair<GPIO_TIM_Mapping const, GPIO_TIM_Mapping>, std::__detail::_Select1st, std::equal_to<GPIO_TIM_Mapping>, GPIOPinHash, std::__detail::_Mod_range_hashing, std::__detail::_Default_ranged_hash, std::__detail::_Hashtable_traits<true, false, false> >::_M_key_equals(GPIO_TIM_Mapping const&, std::__detail::_Hash_node_value<std::pair<GPIO_TIM_Mapping const, GPIO_TIM_Mapping>, true> const&) const
 .text._ZNKSt8__detail15_Hash_code_baseI16GPIO_TIM_MappingSt4pairIKS1_S1_ENS_10_Select1stE11GPIOPinHashNS_18_Mod_range_hashingENS_20_Default_ranged_hashELb1EE12_M_hash_codeERS3_
                0x08003d3a       0x24 ./Core/Src/PWM_Master_f103.o
                0x08003d3a                std::__detail::_Hash_code_base<GPIO_TIM_Mapping, std::pair<GPIO_TIM_Mapping const, GPIO_TIM_Mapping>, std::__detail::_Select1st, GPIOPinHash, std::__detail::_Mod_range_hashing, std::__detail::_Default_ranged_hash, true>::_M_hash_code(GPIO_TIM_Mapping const&) const
 .text._ZNKSt10_HashtableI16GPIO_TIM_MappingSt4pairIKS0_S0_ESaIS3_ENSt8__detail10_Select1stESt8equal_toIS0_E11GPIOPinHashNS5_18_Mod_range_hashingENS5_20_Default_ranged_hashENS5_20_Prime_rehash_policyENS5_17_Hashtable_traitsILb1ELb0ELb0EEEE15_M_bucket_indexEj
                0x08003d5e       0x22 ./Core/Src/PWM_Master_f103.o
                0x08003d5e                std::_Hashtable<GPIO_TIM_Mapping, std::pair<GPIO_TIM_Mapping const, GPIO_TIM_Mapping>, std::allocator<std::pair<GPIO_TIM_Mapping const, GPIO_TIM_Mapping> >, std::__detail::_Select1st, std::equal_to<GPIO_TIM_Mapping>, GPIOPinHash, std::__detail::_Mod_range_hashing, std::__detail::_Default_ranged_hash, std::__detail::_Prime_rehash_policy, std::__detail::_Hashtable_traits<true, false, false> >::_M_bucket_index(unsigned int) const
 .text._ZNSt8__detail14_Node_iteratorISt4pairIK16GPIO_TIM_MappingS2_ELb0ELb1EEC2EPNS_10_Hash_nodeIS4_Lb1EEE
                0x08003d80       0x1e ./Core/Src/PWM_Master_f103.o
                0x08003d80                std::__detail::_Node_iterator<std::pair<GPIO_TIM_Mapping const, GPIO_TIM_Mapping>, false, true>::_Node_iterator(std::__detail::_Hash_node<std::pair<GPIO_TIM_Mapping const, GPIO_TIM_Mapping>, true>*)
                0x08003d80                std::__detail::_Node_iterator<std::pair<GPIO_TIM_Mapping const, GPIO_TIM_Mapping>, false, true>::_Node_iterator(std::__detail::_Hash_node<std::pair<GPIO_TIM_Mapping const, GPIO_TIM_Mapping>, true>*)
 .text._ZNKSt8__detail21_Hash_node_value_baseISt4pairIK16GPIO_TIM_MappingS2_EE4_M_vEv
                0x08003d9e       0x18 ./Core/Src/PWM_Master_f103.o
                0x08003d9e                std::__detail::_Hash_node_value_base<std::pair<GPIO_TIM_Mapping const, GPIO_TIM_Mapping> >::_M_v() const
 .text._ZNKSt8__detail10_Select1stclIRKSt4pairIK16GPIO_TIM_MappingS3_EEEONS0_10__1st_typeIT_E4typeEOS9_
                0x08003db6       0x1a ./Core/Src/PWM_Master_f103.o
                0x08003db6                std::__detail::_Select1st::__1st_type<std::pair<GPIO_TIM_Mapping const, GPIO_TIM_Mapping> const&>::type&& std::__detail::_Select1st::operator()<std::pair<GPIO_TIM_Mapping const, GPIO_TIM_Mapping> const&>(std::pair<GPIO_TIM_Mapping const, GPIO_TIM_Mapping> const&) const
 .text._ZN9__gnu_cxx16__aligned_bufferISt4pairIK16GPIO_TIM_MappingS2_EE7_M_addrEv
                0x08003dd0       0x14 ./Core/Src/PWM_Master_f103.o
                0x08003dd0                __gnu_cxx::__aligned_buffer<std::pair<GPIO_TIM_Mapping const, GPIO_TIM_Mapping> >::_M_addr()
 .text._ZNSt8__detail19_Node_iterator_baseISt4pairIK16GPIO_TIM_MappingS2_ELb1EEC2EPNS_10_Hash_nodeIS4_Lb1EEE
                0x08003de4       0x1c ./Core/Src/PWM_Master_f103.o
                0x08003de4                std::__detail::_Node_iterator_base<std::pair<GPIO_TIM_Mapping const, GPIO_TIM_Mapping>, true>::_Node_iterator_base(std::__detail::_Hash_node<std::pair<GPIO_TIM_Mapping const, GPIO_TIM_Mapping>, true>*)
                0x08003de4                std::__detail::_Node_iterator_base<std::pair<GPIO_TIM_Mapping const, GPIO_TIM_Mapping>, true>::_Node_iterator_base(std::__detail::_Hash_node<std::pair<GPIO_TIM_Mapping const, GPIO_TIM_Mapping>, true>*)
 .text._ZNKSt10_HashtableI16GPIO_TIM_MappingSt4pairIKS0_S0_ESaIS3_ENSt8__detail10_Select1stESt8equal_toIS0_E11GPIOPinHashNS5_18_Mod_range_hashingENS5_20_Default_ranged_hashENS5_20_Prime_rehash_policyENS5_17_Hashtable_traitsILb1ELb0ELb0EEEE15_M_bucket_indexERKNS5_16_Hash_node_valueIS3_Lb1EEE
                0x08003e00       0x22 ./Core/Src/PWM_Master_f103.o
                0x08003e00                std::_Hashtable<GPIO_TIM_Mapping, std::pair<GPIO_TIM_Mapping const, GPIO_TIM_Mapping>, std::allocator<std::pair<GPIO_TIM_Mapping const, GPIO_TIM_Mapping> >, std::__detail::_Select1st, std::equal_to<GPIO_TIM_Mapping>, GPIOPinHash, std::__detail::_Mod_range_hashing, std::__detail::_Default_ranged_hash, std::__detail::_Prime_rehash_policy, std::__detail::_Hashtable_traits<true, false, false> >::_M_bucket_index(std::__detail::_Hash_node_value<std::pair<GPIO_TIM_Mapping const, GPIO_TIM_Mapping>, true> const&) const
 .text._ZNSt8__detail16_Hashtable_allocISaINS_10_Hash_nodeISt4pairIK16GPIO_TIM_MappingS3_ELb1EEEEE17_M_node_allocatorEv
                0x08003e22       0x18 ./Core/Src/PWM_Master_f103.o
                0x08003e22                std::__detail::_Hashtable_alloc<std::allocator<std::__detail::_Hash_node<std::pair<GPIO_TIM_Mapping const, GPIO_TIM_Mapping>, true> > >::_M_node_allocator()
 .text._ZNSt16allocator_traitsISaINSt8__detail10_Hash_nodeISt4pairIK16GPIO_TIM_MappingS3_ELb1EEEEE7destroyIS5_EEvRS7_PT_
                0x08003e3a       0x1a ./Core/Src/PWM_Master_f103.o
                0x08003e3a                void std::allocator_traits<std::allocator<std::__detail::_Hash_node<std::pair<GPIO_TIM_Mapping const, GPIO_TIM_Mapping>, true> > >::destroy<std::pair<GPIO_TIM_Mapping const, GPIO_TIM_Mapping> >(std::allocator<std::__detail::_Hash_node<std::pair<GPIO_TIM_Mapping const, GPIO_TIM_Mapping>, true> >&, std::pair<GPIO_TIM_Mapping const, GPIO_TIM_Mapping>*)
 .text._ZNSt8__detail16_Hashtable_allocISaINS_10_Hash_nodeISt4pairIK16GPIO_TIM_MappingS3_ELb1EEEEE22_M_deallocate_node_ptrEPS6_
                0x08003e54       0x2c ./Core/Src/PWM_Master_f103.o
                0x08003e54                std::__detail::_Hashtable_alloc<std::allocator<std::__detail::_Hash_node<std::pair<GPIO_TIM_Mapping const, GPIO_TIM_Mapping>, true> > >::_M_deallocate_node_ptr(std::__detail::_Hash_node<std::pair<GPIO_TIM_Mapping const, GPIO_TIM_Mapping>, true>*)
 .text._ZNSt19__ptr_traits_ptr_toIPPNSt8__detail15_Hash_node_baseES2_Lb0EE10pointer_toERS2_
                0x08003e80       0x18 ./Core/Src/PWM_Master_f103.o
                0x08003e80                std::__ptr_traits_ptr_to<std::__detail::_Hash_node_base**, std::__detail::_Hash_node_base*, false>::pointer_to(std::__detail::_Hash_node_base*&)
 .text._ZNSaIPNSt8__detail15_Hash_node_baseEEC2INS_10_Hash_nodeISt4pairIK16GPIO_TIM_MappingS6_ELb1EEEEERKSaIT_E
                0x08003e98       0x1a ./Core/Src/PWM_Master_f103.o
                0x08003e98                std::allocator<std::__detail::_Hash_node_base*>::allocator<std::__detail::_Hash_node<std::pair<GPIO_TIM_Mapping const, GPIO_TIM_Mapping>, true> >(std::allocator<std::__detail::_Hash_node<std::pair<GPIO_TIM_Mapping const, GPIO_TIM_Mapping>, true> > const&)
                0x08003e98                std::allocator<std::__detail::_Hash_node_base*>::allocator<std::__detail::_Hash_node<std::pair<GPIO_TIM_Mapping const, GPIO_TIM_Mapping>, true> >(std::allocator<std::__detail::_Hash_node<std::pair<GPIO_TIM_Mapping const, GPIO_TIM_Mapping>, true> > const&)
 .text._ZNSaIPNSt8__detail15_Hash_node_baseEED2Ev
                0x08003eb2       0x18 ./Core/Src/PWM_Master_f103.o
                0x08003eb2                std::allocator<std::__detail::_Hash_node_base*>::~allocator()
                0x08003eb2                std::allocator<std::__detail::_Hash_node_base*>::~allocator()
 .text._ZNSt16allocator_traitsISaIPNSt8__detail15_Hash_node_baseEEE10deallocateERS3_PS2_j
                0x08003eca       0x1e ./Core/Src/PWM_Master_f103.o
                0x08003eca                std::allocator_traits<std::allocator<std::__detail::_Hash_node_base*> >::deallocate(std::allocator<std::__detail::_Hash_node_base*>&, std::__detail::_Hash_node_base**, unsigned int)
 .text._ZNSt8__detail20_Node_const_iteratorISt4pairIK16GPIO_TIM_MappingS2_ELb0ELb1EEC2EPNS_10_Hash_nodeIS4_Lb1EEE
                0x08003ee8       0x1e ./Core/Src/PWM_Master_f103.o
                0x08003ee8                std::__detail::_Node_const_iterator<std::pair<GPIO_TIM_Mapping const, GPIO_TIM_Mapping>, false, true>::_Node_const_iterator(std::__detail::_Hash_node<std::pair<GPIO_TIM_Mapping const, GPIO_TIM_Mapping>, true>*)
                0x08003ee8                std::__detail::_Node_const_iterator<std::pair<GPIO_TIM_Mapping const, GPIO_TIM_Mapping>, false, true>::_Node_const_iterator(std::__detail::_Hash_node<std::pair<GPIO_TIM_Mapping const, GPIO_TIM_Mapping>, true>*)
 .text._ZNSt10_HashtableI16GPIO_TIM_MappingSt4pairIKS0_S0_ESaIS3_ENSt8__detail10_Select1stESt8equal_toIS0_E11GPIOPinHashNS5_18_Mod_range_hashingENS5_20_Default_ranged_hashENS5_20_Prime_rehash_policyENS5_17_Hashtable_traitsILb1ELb0ELb0EEEE12_Scoped_nodeC2IJS0_S0_EEEPNS5_16_Hashtable_allocISaINS5_10_Hash_nodeIS3_Lb1EEEEEEDpOT_
                0x08003f06       0x40 ./Core/Src/PWM_Master_f103.o
                0x08003f06                std::_Hashtable<GPIO_TIM_Mapping, std::pair<GPIO_TIM_Mapping const, GPIO_TIM_Mapping>, std::allocator<std::pair<GPIO_TIM_Mapping const, GPIO_TIM_Mapping> >, std::__detail::_Select1st, std::equal_to<GPIO_TIM_Mapping>, GPIOPinHash, std::__detail::_Mod_range_hashing, std::__detail::_Default_ranged_hash, std::__detail::_Prime_rehash_policy, std::__detail::_Hashtable_traits<true, false, false> >::_Scoped_node::_Scoped_node<GPIO_TIM_Mapping, GPIO_TIM_Mapping>(std::__detail::_Hashtable_alloc<std::allocator<std::__detail::_Hash_node<std::pair<GPIO_TIM_Mapping const, GPIO_TIM_Mapping>, true> > >*, GPIO_TIM_Mapping&&, GPIO_TIM_Mapping&&)
                0x08003f06                std::_Hashtable<GPIO_TIM_Mapping, std::pair<GPIO_TIM_Mapping const, GPIO_TIM_Mapping>, std::allocator<std::pair<GPIO_TIM_Mapping const, GPIO_TIM_Mapping> >, std::__detail::_Select1st, std::equal_to<GPIO_TIM_Mapping>, GPIOPinHash, std::__detail::_Mod_range_hashing, std::__detail::_Default_ranged_hash, std::__detail::_Prime_rehash_policy, std::__detail::_Hashtable_traits<true, false, false> >::_Scoped_node::_Scoped_node<GPIO_TIM_Mapping, GPIO_TIM_Mapping>(std::__detail::_Hashtable_alloc<std::allocator<std::__detail::_Hash_node<std::pair<GPIO_TIM_Mapping const, GPIO_TIM_Mapping>, true> > >*, GPIO_TIM_Mapping&&, GPIO_TIM_Mapping&&)
 .text._ZNSt10_HashtableI16GPIO_TIM_MappingSt4pairIKS0_S0_ESaIS3_ENSt8__detail10_Select1stESt8equal_toIS0_E11GPIOPinHashNS5_18_Mod_range_hashingENS5_20_Default_ranged_hashENS5_20_Prime_rehash_policyENS5_17_Hashtable_traitsILb1ELb0ELb0EEEE12_Scoped_nodeD2Ev
                0x08003f46       0x2a ./Core/Src/PWM_Master_f103.o
                0x08003f46                std::_Hashtable<GPIO_TIM_Mapping, std::pair<GPIO_TIM_Mapping const, GPIO_TIM_Mapping>, std::allocator<std::pair<GPIO_TIM_Mapping const, GPIO_TIM_Mapping> >, std::__detail::_Select1st, std::equal_to<GPIO_TIM_Mapping>, GPIOPinHash, std::__detail::_Mod_range_hashing, std::__detail::_Default_ranged_hash, std::__detail::_Prime_rehash_policy, std::__detail::_Hashtable_traits<true, false, false> >::_Scoped_node::~_Scoped_node()
                0x08003f46                std::_Hashtable<GPIO_TIM_Mapping, std::pair<GPIO_TIM_Mapping const, GPIO_TIM_Mapping>, std::allocator<std::pair<GPIO_TIM_Mapping const, GPIO_TIM_Mapping> >, std::__detail::_Select1st, std::equal_to<GPIO_TIM_Mapping>, GPIOPinHash, std::__detail::_Mod_range_hashing, std::__detail::_Default_ranged_hash, std::__detail::_Prime_rehash_policy, std::__detail::_Hashtable_traits<true, false, false> >::_Scoped_node::~_Scoped_node()
 .text._ZNSt8__detail21_Hash_node_value_baseISt4pairIK16GPIO_TIM_MappingS2_EE4_M_vEv
                0x08003f70       0x18 ./Core/Src/PWM_Master_f103.o
                0x08003f70                std::__detail::_Hash_node_value_base<std::pair<GPIO_TIM_Mapping const, GPIO_TIM_Mapping> >::_M_v()
 .text._ZNKSt8__detail10_Select1stclIRSt4pairIK16GPIO_TIM_MappingS3_EEEONS0_10__1st_typeIT_E4typeEOS8_
                0x08003f88       0x1a ./Core/Src/PWM_Master_f103.o
                0x08003f88                std::__detail::_Select1st::__1st_type<std::pair<GPIO_TIM_Mapping const, GPIO_TIM_Mapping>&>::type&& std::__detail::_Select1st::operator()<std::pair<GPIO_TIM_Mapping const, GPIO_TIM_Mapping>&>(std::pair<GPIO_TIM_Mapping const, GPIO_TIM_Mapping>&) const
 .text._ZNKSt10_HashtableI16GPIO_TIM_MappingSt4pairIKS0_S0_ESaIS3_ENSt8__detail10_Select1stESt8equal_toIS0_E11GPIOPinHashNS5_18_Mod_range_hashingENS5_20_Default_ranged_hashENS5_20_Prime_rehash_policyENS5_17_Hashtable_traitsILb1ELb0ELb0EEEE20_M_compute_hash_codeENS5_20_Node_const_iteratorIS3_Lb0ELb1EEERS2_
                0x08003fa2      0x130 ./Core/Src/PWM_Master_f103.o
                0x08003fa2                std::_Hashtable<GPIO_TIM_Mapping, std::pair<GPIO_TIM_Mapping const, GPIO_TIM_Mapping>, std::allocator<std::pair<GPIO_TIM_Mapping const, GPIO_TIM_Mapping> >, std::__detail::_Select1st, std::equal_to<GPIO_TIM_Mapping>, GPIOPinHash, std::__detail::_Mod_range_hashing, std::__detail::_Default_ranged_hash, std::__detail::_Prime_rehash_policy, std::__detail::_Hashtable_traits<true, false, false> >::_M_compute_hash_code(std::__detail::_Node_const_iterator<std::pair<GPIO_TIM_Mapping const, GPIO_TIM_Mapping>, false, true>, GPIO_TIM_Mapping const&) const
 .text._ZNSt10_HashtableI16GPIO_TIM_MappingSt4pairIKS0_S0_ESaIS3_ENSt8__detail10_Select1stESt8equal_toIS0_E11GPIOPinHashNS5_18_Mod_range_hashingENS5_20_Default_ranged_hashENS5_20_Prime_rehash_policyENS5_17_Hashtable_traitsILb1ELb0ELb0EEEE20_M_insert_multi_nodeEPNS5_10_Hash_nodeIS3_Lb1EEEjSI_
                0x080040d2      0x16c ./Core/Src/PWM_Master_f103.o
                0x080040d2                std::_Hashtable<GPIO_TIM_Mapping, std::pair<GPIO_TIM_Mapping const, GPIO_TIM_Mapping>, std::allocator<std::pair<GPIO_TIM_Mapping const, GPIO_TIM_Mapping> >, std::__detail::_Select1st, std::equal_to<GPIO_TIM_Mapping>, GPIOPinHash, std::__detail::_Mod_range_hashing, std::__detail::_Default_ranged_hash, std::__detail::_Prime_rehash_policy, std::__detail::_Hashtable_traits<true, false, false> >::_M_insert_multi_node(std::__detail::_Hash_node<std::pair<GPIO_TIM_Mapping const, GPIO_TIM_Mapping>, true>*, unsigned int, std::__detail::_Hash_node<std::pair<GPIO_TIM_Mapping const, GPIO_TIM_Mapping>, true>*)
 .text._ZNSt8__detail22_Hashtable_hash_traitsI11GPIOPinHashE22__small_size_thresholdEv
                0x0800423e        0xe ./Core/Src/PWM_Master_f103.o
                0x0800423e                std::__detail::_Hashtable_hash_traits<GPIOPinHash>::__small_size_threshold()
 .text._ZNKSt8__detail15_Hashtable_baseI16GPIO_TIM_MappingSt4pairIKS1_S1_ENS_10_Select1stESt8equal_toIS1_E11GPIOPinHashNS_18_Mod_range_hashingENS_20_Default_ranged_hashENS_17_Hashtable_traitsILb1ELb0ELb0EEEE5_M_eqEv
                0x0800424c       0x18 ./Core/Src/PWM_Master_f103.o
                0x0800424c                std::__detail::_Hashtable_base<GPIO_TIM_Mapping, std::pair<GPIO_TIM_Mapping const, GPIO_TIM_Mapping>, std::__detail::_Select1st, std::equal_to<GPIO_TIM_Mapping>, GPIOPinHash, std::__detail::_Mod_range_hashing, std::__detail::_Default_ranged_hash, std::__detail::_Hashtable_traits<true, false, false> >::_M_eq() const
 .text._ZNKSt8equal_toI16GPIO_TIM_MappingEclERKS0_S3_
                0x08004264       0x1e ./Core/Src/PWM_Master_f103.o
                0x08004264                std::equal_to<GPIO_TIM_Mapping>::operator()(GPIO_TIM_Mapping const&, GPIO_TIM_Mapping const&) const
 .text._ZNKSt8__detail15_Hash_code_baseI16GPIO_TIM_MappingSt4pairIKS1_S1_ENS_10_Select1stE11GPIOPinHashNS_18_Mod_range_hashingENS_20_Default_ranged_hashELb1EE7_M_hashEv
                0x08004282       0x18 ./Core/Src/PWM_Master_f103.o
                0x08004282                std::__detail::_Hash_code_base<GPIO_TIM_Mapping, std::pair<GPIO_TIM_Mapping const, GPIO_TIM_Mapping>, std::__detail::_Select1st, GPIOPinHash, std::__detail::_Mod_range_hashing, std::__detail::_Default_ranged_hash, true>::_M_hash() const
 .text._ZNKSt8__detail15_Hash_code_baseI16GPIO_TIM_MappingSt4pairIKS1_S1_ENS_10_Select1stE11GPIOPinHashNS_18_Mod_range_hashingENS_20_Default_ranged_hashELb1EE15_M_bucket_indexEjj
                0x0800429a       0x24 ./Core/Src/PWM_Master_f103.o
                0x0800429a                std::__detail::_Hash_code_base<GPIO_TIM_Mapping, std::pair<GPIO_TIM_Mapping const, GPIO_TIM_Mapping>, std::__detail::_Select1st, GPIOPinHash, std::__detail::_Mod_range_hashing, std::__detail::_Default_ranged_hash, true>::_M_bucket_index(unsigned int, unsigned int) const
 .text._ZNKSt10_HashtableI16GPIO_TIM_MappingSt4pairIKS0_S0_ESaIS3_ENSt8__detail10_Select1stESt8equal_toIS0_E11GPIOPinHashNS5_18_Mod_range_hashingENS5_20_Default_ranged_hashENS5_20_Prime_rehash_policyENS5_17_Hashtable_traitsILb1ELb0ELb0EEEE19_M_find_before_nodeEjRS2_j
                0x080042be       0x8a ./Core/Src/PWM_Master_f103.o
                0x080042be                std::_Hashtable<GPIO_TIM_Mapping, std::pair<GPIO_TIM_Mapping const, GPIO_TIM_Mapping>, std::allocator<std::pair<GPIO_TIM_Mapping const, GPIO_TIM_Mapping> >, std::__detail::_Select1st, std::equal_to<GPIO_TIM_Mapping>, GPIOPinHash, std::__detail::_Mod_range_hashing, std::__detail::_Default_ranged_hash, std::__detail::_Prime_rehash_policy, std::__detail::_Hashtable_traits<true, false, false> >::_M_find_before_node(unsigned int, GPIO_TIM_Mapping const&, unsigned int) const
 .text._ZNKSt8__detail21_Hash_node_value_baseISt4pairIK16GPIO_TIM_MappingS2_EE9_M_valptrEv
                0x08004348       0x1a ./Core/Src/PWM_Master_f103.o
                0x08004348                std::__detail::_Hash_node_value_base<std::pair<GPIO_TIM_Mapping const, GPIO_TIM_Mapping> >::_M_valptr() const
 .text._ZSt7forwardIRKSt4pairIK16GPIO_TIM_MappingS1_EEOT_RNSt16remove_referenceIS6_E4typeE
                0x08004362       0x14 ./Core/Src/PWM_Master_f103.o
                0x08004362                std::pair<GPIO_TIM_Mapping const, GPIO_TIM_Mapping> const& std::forward<std::pair<GPIO_TIM_Mapping const, GPIO_TIM_Mapping> const&>(std::remove_reference<std::pair<GPIO_TIM_Mapping const, GPIO_TIM_Mapping> const&>::type&)
 .text._ZNKSt8__detail15_Hash_code_baseI16GPIO_TIM_MappingSt4pairIKS1_S1_ENS_10_Select1stE11GPIOPinHashNS_18_Mod_range_hashingENS_20_Default_ranged_hashELb1EE15_M_bucket_indexERKNS_16_Hash_node_valueIS4_Lb1EEEj
                0x08004376       0x28 ./Core/Src/PWM_Master_f103.o
                0x08004376                std::__detail::_Hash_code_base<GPIO_TIM_Mapping, std::pair<GPIO_TIM_Mapping const, GPIO_TIM_Mapping>, std::__detail::_Select1st, GPIOPinHash, std::__detail::_Mod_range_hashing, std::__detail::_Default_ranged_hash, true>::_M_bucket_index(std::__detail::_Hash_node_value<std::pair<GPIO_TIM_Mapping const, GPIO_TIM_Mapping>, true> const&, unsigned int) const
 .text._ZNSt8__detail21_Hashtable_ebo_helperILi0ESaINS_10_Hash_nodeISt4pairIK16GPIO_TIM_MappingS3_ELb1EEEELb1EE6_M_getEv
                0x0800439e       0x14 ./Core/Src/PWM_Master_f103.o
                0x0800439e                std::__detail::_Hashtable_ebo_helper<0, std::allocator<std::__detail::_Hash_node<std::pair<GPIO_TIM_Mapping const, GPIO_TIM_Mapping>, true> >, true>::_M_get()
 .text._ZNSt15__new_allocatorINSt8__detail10_Hash_nodeISt4pairIK16GPIO_TIM_MappingS3_ELb1EEEE7destroyIS5_EEvPT_
                0x080043b2       0x14 ./Core/Src/PWM_Master_f103.o
                0x080043b2                void std::__new_allocator<std::__detail::_Hash_node<std::pair<GPIO_TIM_Mapping const, GPIO_TIM_Mapping>, true> >::destroy<std::pair<GPIO_TIM_Mapping const, GPIO_TIM_Mapping> >(std::pair<GPIO_TIM_Mapping const, GPIO_TIM_Mapping>*)
 .text._ZNSt19__ptr_traits_ptr_toIPNSt8__detail10_Hash_nodeISt4pairIK16GPIO_TIM_MappingS3_ELb1EEES6_Lb0EE10pointer_toERS6_
                0x080043c6       0x18 ./Core/Src/PWM_Master_f103.o
                0x080043c6                std::__ptr_traits_ptr_to<std::__detail::_Hash_node<std::pair<GPIO_TIM_Mapping const, GPIO_TIM_Mapping>, true>*, std::__detail::_Hash_node<std::pair<GPIO_TIM_Mapping const, GPIO_TIM_Mapping>, true>, false>::pointer_to(std::__detail::_Hash_node<std::pair<GPIO_TIM_Mapping const, GPIO_TIM_Mapping>, true>&)
 .text._ZNSt16allocator_traitsISaINSt8__detail10_Hash_nodeISt4pairIK16GPIO_TIM_MappingS3_ELb1EEEEE10deallocateERS7_PS6_j
                0x080043de       0x1e ./Core/Src/PWM_Master_f103.o
                0x080043de                std::allocator_traits<std::allocator<std::__detail::_Hash_node<std::pair<GPIO_TIM_Mapping const, GPIO_TIM_Mapping>, true> > >::deallocate(std::allocator<std::__detail::_Hash_node<std::pair<GPIO_TIM_Mapping const, GPIO_TIM_Mapping>, true> >&, std::__detail::_Hash_node<std::pair<GPIO_TIM_Mapping const, GPIO_TIM_Mapping>, true>*, unsigned int)
 .text._ZSt9addressofIPNSt8__detail15_Hash_node_baseEEPT_RS3_
                0x080043fc       0x18 ./Core/Src/PWM_Master_f103.o
                0x080043fc                std::__detail::_Hash_node_base** std::addressof<std::__detail::_Hash_node_base*>(std::__detail::_Hash_node_base*&)
 .text._ZNSt15__new_allocatorIPNSt8__detail15_Hash_node_baseEEC2Ev
                0x08004414       0x14 ./Core/Src/PWM_Master_f103.o
                0x08004414                std::__new_allocator<std::__detail::_Hash_node_base*>::__new_allocator()
                0x08004414                std::__new_allocator<std::__detail::_Hash_node_base*>::__new_allocator()
 .text._ZNSt15__new_allocatorIPNSt8__detail15_Hash_node_baseEED2Ev
                0x08004428       0x14 ./Core/Src/PWM_Master_f103.o
                0x08004428                std::__new_allocator<std::__detail::_Hash_node_base*>::~__new_allocator()
                0x08004428                std::__new_allocator<std::__detail::_Hash_node_base*>::~__new_allocator()
 .text._ZNSt15__new_allocatorIPNSt8__detail15_Hash_node_baseEE10deallocateEPS2_j
                0x0800443c       0x20 ./Core/Src/PWM_Master_f103.o
                0x0800443c                std::__new_allocator<std::__detail::_Hash_node_base*>::deallocate(std::__detail::_Hash_node_base**, unsigned int)
 .text._ZNSt8__detail10_Hash_nodeISt4pairIK16GPIO_TIM_MappingS2_ELb1EEC2Ev
                0x0800445c       0x1a ./Core/Src/PWM_Master_f103.o
                0x0800445c                std::__detail::_Hash_node<std::pair<GPIO_TIM_Mapping const, GPIO_TIM_Mapping>, true>::_Hash_node()
                0x0800445c                std::__detail::_Hash_node<std::pair<GPIO_TIM_Mapping const, GPIO_TIM_Mapping>, true>::_Hash_node()
 .text._ZNSt8__detail16_Hashtable_allocISaINS_10_Hash_nodeISt4pairIK16GPIO_TIM_MappingS3_ELb1EEEEE16_M_allocate_nodeIJS3_S3_EEEPS6_DpOT_
                0x08004476       0x70 ./Core/Src/PWM_Master_f103.o
                0x08004476                std::__detail::_Hash_node<std::pair<GPIO_TIM_Mapping const, GPIO_TIM_Mapping>, true>* std::__detail::_Hashtable_alloc<std::allocator<std::__detail::_Hash_node<std::pair<GPIO_TIM_Mapping const, GPIO_TIM_Mapping>, true> > >::_M_allocate_node<GPIO_TIM_Mapping, GPIO_TIM_Mapping>(GPIO_TIM_Mapping&&, GPIO_TIM_Mapping&&)
 .text._ZSt7forwardIRSt4pairIK16GPIO_TIM_MappingS1_EEOT_RNSt16remove_referenceIS5_E4typeE
                0x080044e6       0x14 ./Core/Src/PWM_Master_f103.o
                0x080044e6                std::pair<GPIO_TIM_Mapping const, GPIO_TIM_Mapping>& std::forward<std::pair<GPIO_TIM_Mapping const, GPIO_TIM_Mapping>&>(std::remove_reference<std::pair<GPIO_TIM_Mapping const, GPIO_TIM_Mapping>&>::type&)
 .text._ZNSt8__detail20_Node_const_iteratorISt4pairIK16GPIO_TIM_MappingS2_ELb0ELb1EEppEv
                0x080044fa       0x1a ./Core/Src/PWM_Master_f103.o
                0x080044fa                std::__detail::_Node_const_iterator<std::pair<GPIO_TIM_Mapping const, GPIO_TIM_Mapping>, false, true>::operator++()
 .text._ZNKSt8__detail15_Hash_code_baseI16GPIO_TIM_MappingSt4pairIKS1_S1_ENS_10_Select1stE11GPIOPinHashNS_18_Mod_range_hashingENS_20_Default_ranged_hashELb1EE12_M_hash_codeERKNS_16_Hash_node_valueIS4_Lb1EEE
                0x08004514       0x1a ./Core/Src/PWM_Master_f103.o
                0x08004514                std::__detail::_Hash_code_base<GPIO_TIM_Mapping, std::pair<GPIO_TIM_Mapping const, GPIO_TIM_Mapping>, std::__detail::_Select1st, GPIOPinHash, std::__detail::_Mod_range_hashing, std::__detail::_Default_ranged_hash, true>::_M_hash_code(std::__detail::_Hash_node_value<std::pair<GPIO_TIM_Mapping const, GPIO_TIM_Mapping>, true> const&) const
 .text._ZNSt4pairINSt8__detail20_Node_const_iteratorIS_IK16GPIO_TIM_MappingS2_ELb0ELb1EEEjEC2IRS5_jLb1EEEOT_OT0_
                0x0800452e       0x32 ./Core/Src/PWM_Master_f103.o
                0x0800452e                std::pair<std::__detail::_Node_const_iterator<std::pair<GPIO_TIM_Mapping const, GPIO_TIM_Mapping>, false, true>, unsigned int>::pair<std::__detail::_Node_const_iterator<std::pair<GPIO_TIM_Mapping const, GPIO_TIM_Mapping>, false, true>&, unsigned int, true>(std::__detail::_Node_const_iterator<std::pair<GPIO_TIM_Mapping const, GPIO_TIM_Mapping>, false, true>&, unsigned int&&)
                0x0800452e                std::pair<std::__detail::_Node_const_iterator<std::pair<GPIO_TIM_Mapping const, GPIO_TIM_Mapping>, false, true>, unsigned int>::pair<std::__detail::_Node_const_iterator<std::pair<GPIO_TIM_Mapping const, GPIO_TIM_Mapping>, false, true>&, unsigned int, true>(std::__detail::_Node_const_iterator<std::pair<GPIO_TIM_Mapping const, GPIO_TIM_Mapping>, false, true>&, unsigned int&&)
 .text._ZNKSt10_HashtableI16GPIO_TIM_MappingSt4pairIKS0_S0_ESaIS3_ENSt8__detail10_Select1stESt8equal_toIS0_E11GPIOPinHashNS5_18_Mod_range_hashingENS5_20_Default_ranged_hashENS5_20_Prime_rehash_policyENS5_17_Hashtable_traitsILb1ELb0ELb0EEEE6cbeginEv
                0x08004560       0x26 ./Core/Src/PWM_Master_f103.o
                0x08004560                std::_Hashtable<GPIO_TIM_Mapping, std::pair<GPIO_TIM_Mapping const, GPIO_TIM_Mapping>, std::allocator<std::pair<GPIO_TIM_Mapping const, GPIO_TIM_Mapping> >, std::__detail::_Select1st, std::equal_to<GPIO_TIM_Mapping>, GPIOPinHash, std::__detail::_Mod_range_hashing, std::__detail::_Default_ranged_hash, std::__detail::_Prime_rehash_policy, std::__detail::_Hashtable_traits<true, false, false> >::cbegin() const
 .text._ZNSt10_HashtableI16GPIO_TIM_MappingSt4pairIKS0_S0_ESaIS3_ENSt8__detail10_Select1stESt8equal_toIS0_E11GPIOPinHashNS5_18_Mod_range_hashingENS5_20_Default_ranged_hashENS5_20_Prime_rehash_policyENS5_17_Hashtable_traitsILb1ELb0ELb0EEEE9_M_rehashEjRKj
                0x08004586       0x1e ./Core/Src/PWM_Master_f103.o
                0x08004586                std::_Hashtable<GPIO_TIM_Mapping, std::pair<GPIO_TIM_Mapping const, GPIO_TIM_Mapping>, std::allocator<std::pair<GPIO_TIM_Mapping const, GPIO_TIM_Mapping> >, std::__detail::_Select1st, std::equal_to<GPIO_TIM_Mapping>, GPIOPinHash, std::__detail::_Mod_range_hashing, std::__detail::_Default_ranged_hash, std::__detail::_Prime_rehash_policy, std::__detail::_Hashtable_traits<true, false, false> >::_M_rehash(unsigned int, unsigned int const&)
 .text._ZNKSt8__detail15_Hash_code_baseI16GPIO_TIM_MappingSt4pairIKS1_S1_ENS_10_Select1stE11GPIOPinHashNS_18_Mod_range_hashingENS_20_Default_ranged_hashELb1EE13_M_store_codeERNS_21_Hash_node_code_cacheILb1EEEj
                0x080045a4       0x1c ./Core/Src/PWM_Master_f103.o
                0x080045a4                std::__detail::_Hash_code_base<GPIO_TIM_Mapping, std::pair<GPIO_TIM_Mapping const, GPIO_TIM_Mapping>, std::__detail::_Select1st, GPIOPinHash, std::__detail::_Mod_range_hashing, std::__detail::_Default_ranged_hash, true>::_M_store_code(std::__detail::_Hash_node_code_cache<true>&, unsigned int) const
 .text._ZNKSt8__detail15_Hashtable_baseI16GPIO_TIM_MappingSt4pairIKS1_S1_ENS_10_Select1stESt8equal_toIS1_E11GPIOPinHashNS_18_Mod_range_hashingENS_20_Default_ranged_hashENS_17_Hashtable_traitsILb1ELb0ELb0EEEE9_M_equalsERS3_jRKNS_16_Hash_node_valueIS4_Lb1EEE
                0x080045c0       0x3e ./Core/Src/PWM_Master_f103.o
                0x080045c0                std::__detail::_Hashtable_base<GPIO_TIM_Mapping, std::pair<GPIO_TIM_Mapping const, GPIO_TIM_Mapping>, std::__detail::_Select1st, std::equal_to<GPIO_TIM_Mapping>, GPIOPinHash, std::__detail::_Mod_range_hashing, std::__detail::_Default_ranged_hash, std::__detail::_Hashtable_traits<true, false, false> >::_M_equals(GPIO_TIM_Mapping const&, unsigned int, std::__detail::_Hash_node_value<std::pair<GPIO_TIM_Mapping const, GPIO_TIM_Mapping>, true> const&) const
 .text._ZNSt10_HashtableI16GPIO_TIM_MappingSt4pairIKS0_S0_ESaIS3_ENSt8__detail10_Select1stESt8equal_toIS0_E11GPIOPinHashNS5_18_Mod_range_hashingENS5_20_Default_ranged_hashENS5_20_Prime_rehash_policyENS5_17_Hashtable_traitsILb1ELb0ELb0EEEE22_M_insert_bucket_beginEjPNS5_10_Hash_nodeIS3_Lb1EEE
                0x080045fe       0x8e ./Core/Src/PWM_Master_f103.o
                0x080045fe                std::_Hashtable<GPIO_TIM_Mapping, std::pair<GPIO_TIM_Mapping const, GPIO_TIM_Mapping>, std::allocator<std::pair<GPIO_TIM_Mapping const, GPIO_TIM_Mapping> >, std::__detail::_Select1st, std::equal_to<GPIO_TIM_Mapping>, GPIOPinHash, std::__detail::_Mod_range_hashing, std::__detail::_Default_ranged_hash, std::__detail::_Prime_rehash_policy, std::__detail::_Hashtable_traits<true, false, false> >::_M_insert_bucket_begin(unsigned int, std::__detail::_Hash_node<std::pair<GPIO_TIM_Mapping const, GPIO_TIM_Mapping>, true>*)
 .text._ZNKSt8__detail21_Hashtable_ebo_helperILi0ESt8equal_toI16GPIO_TIM_MappingELb1EE7_M_cgetEv
                0x0800468c       0x14 ./Core/Src/PWM_Master_f103.o
                0x0800468c                std::__detail::_Hashtable_ebo_helper<0, std::equal_to<GPIO_TIM_Mapping>, true>::_M_cget() const
 .text._ZNKSt8__detail21_Hashtable_ebo_helperILi1E11GPIOPinHashLb1EE7_M_cgetEv
                0x080046a0       0x14 ./Core/Src/PWM_Master_f103.o
                0x080046a0                std::__detail::_Hashtable_ebo_helper<1, GPIOPinHash, true>::_M_cget() const
 .text._ZNK9__gnu_cxx16__aligned_bufferISt4pairIK16GPIO_TIM_MappingS2_EE6_M_ptrEv
                0x080046b4       0x18 ./Core/Src/PWM_Master_f103.o
                0x080046b4                __gnu_cxx::__aligned_buffer<std::pair<GPIO_TIM_Mapping const, GPIO_TIM_Mapping> >::_M_ptr() const
 .text._ZSt9addressofINSt8__detail10_Hash_nodeISt4pairIK16GPIO_TIM_MappingS3_ELb1EEEEPT_RS7_
                0x080046cc       0x18 ./Core/Src/PWM_Master_f103.o
                0x080046cc                std::__detail::_Hash_node<std::pair<GPIO_TIM_Mapping const, GPIO_TIM_Mapping>, true>* std::addressof<std::__detail::_Hash_node<std::pair<GPIO_TIM_Mapping const, GPIO_TIM_Mapping>, true> >(std::__detail::_Hash_node<std::pair<GPIO_TIM_Mapping const, GPIO_TIM_Mapping>, true>&)
 .text._ZNSt15__new_allocatorINSt8__detail10_Hash_nodeISt4pairIK16GPIO_TIM_MappingS3_ELb1EEEE10deallocateEPS6_j
                0x080046e4       0x26 ./Core/Src/PWM_Master_f103.o
                0x080046e4                std::__new_allocator<std::__detail::_Hash_node<std::pair<GPIO_TIM_Mapping const, GPIO_TIM_Mapping>, true> >::deallocate(std::__detail::_Hash_node<std::pair<GPIO_TIM_Mapping const, GPIO_TIM_Mapping>, true>*, unsigned int)
 .text._ZSt11__addressofIPNSt8__detail15_Hash_node_baseEEPT_RS3_
                0x0800470a       0x14 ./Core/Src/PWM_Master_f103.o
                0x0800470a                std::__detail::_Hash_node_base** std::__addressof<std::__detail::_Hash_node_base*>(std::__detail::_Hash_node_base*&)
 .text._ZNSt16allocator_traitsISaINSt8__detail10_Hash_nodeISt4pairIK16GPIO_TIM_MappingS3_ELb1EEEEE8allocateERS7_j
                0x0800471e       0x1e ./Core/Src/PWM_Master_f103.o
                0x0800471e                std::allocator_traits<std::allocator<std::__detail::_Hash_node<std::pair<GPIO_TIM_Mapping const, GPIO_TIM_Mapping>, true> > >::allocate(std::allocator<std::__detail::_Hash_node<std::pair<GPIO_TIM_Mapping const, GPIO_TIM_Mapping>, true> >&, unsigned int)
 .text._ZSt12__to_addressINSt8__detail10_Hash_nodeISt4pairIK16GPIO_TIM_MappingS3_ELb1EEEEPT_S8_
                0x0800473c       0x14 ./Core/Src/PWM_Master_f103.o
                0x0800473c                std::__detail::_Hash_node<std::pair<GPIO_TIM_Mapping const, GPIO_TIM_Mapping>, true>* std::__to_address<std::__detail::_Hash_node<std::pair<GPIO_TIM_Mapping const, GPIO_TIM_Mapping>, true> >(std::__detail::_Hash_node<std::pair<GPIO_TIM_Mapping const, GPIO_TIM_Mapping>, true>*)
 .text._ZNSt16allocator_traitsISaINSt8__detail10_Hash_nodeISt4pairIK16GPIO_TIM_MappingS3_ELb1EEEEE9constructIS5_JS3_S3_EEEvRS7_PT_DpOT0_
                0x08004750       0x30 ./Core/Src/PWM_Master_f103.o
                0x08004750                void std::allocator_traits<std::allocator<std::__detail::_Hash_node<std::pair<GPIO_TIM_Mapping const, GPIO_TIM_Mapping>, true> > >::construct<std::pair<GPIO_TIM_Mapping const, GPIO_TIM_Mapping>, GPIO_TIM_Mapping, GPIO_TIM_Mapping>(std::allocator<std::__detail::_Hash_node<std::pair<GPIO_TIM_Mapping const, GPIO_TIM_Mapping>, true> >&, std::pair<GPIO_TIM_Mapping const, GPIO_TIM_Mapping>*, GPIO_TIM_Mapping&&, GPIO_TIM_Mapping&&)
 .text._ZSt7forwardIRNSt8__detail20_Node_const_iteratorISt4pairIK16GPIO_TIM_MappingS3_ELb0ELb1EEEEOT_RNSt16remove_referenceIS8_E4typeE
                0x08004780       0x14 ./Core/Src/PWM_Master_f103.o
                0x08004780                std::__detail::_Node_const_iterator<std::pair<GPIO_TIM_Mapping const, GPIO_TIM_Mapping>, false, true>& std::forward<std::__detail::_Node_const_iterator<std::pair<GPIO_TIM_Mapping const, GPIO_TIM_Mapping>, false, true>&>(std::remove_reference<std::__detail::_Node_const_iterator<std::pair<GPIO_TIM_Mapping const, GPIO_TIM_Mapping>, false, true>&>::type&)
 .text._ZNSt10_HashtableI16GPIO_TIM_MappingSt4pairIKS0_S0_ESaIS3_ENSt8__detail10_Select1stESt8equal_toIS0_E11GPIOPinHashNS5_18_Mod_range_hashingENS5_20_Default_ranged_hashENS5_20_Prime_rehash_policyENS5_17_Hashtable_traitsILb1ELb0ELb0EEEE13_M_rehash_auxEjSt17integral_constantIbLb0EE
                0x08004794      0x17c ./Core/Src/PWM_Master_f103.o
                0x08004794                std::_Hashtable<GPIO_TIM_Mapping, std::pair<GPIO_TIM_Mapping const, GPIO_TIM_Mapping>, std::allocator<std::pair<GPIO_TIM_Mapping const, GPIO_TIM_Mapping> >, std::__detail::_Select1st, std::equal_to<GPIO_TIM_Mapping>, GPIOPinHash, std::__detail::_Mod_range_hashing, std::__detail::_Default_ranged_hash, std::__detail::_Prime_rehash_policy, std::__detail::_Hashtable_traits<true, false, false> >::_M_rehash_aux(unsigned int, std::integral_constant<bool, false>)
 .text._ZNSt8__detail15_Hashtable_baseI16GPIO_TIM_MappingSt4pairIKS1_S1_ENS_10_Select1stESt8equal_toIS1_E11GPIOPinHashNS_18_Mod_range_hashingENS_20_Default_ranged_hashENS_17_Hashtable_traitsILb1ELb0ELb0EEEE9_S_equalsEjRKNS_21_Hash_node_code_cacheILb1EEE
                0x08004910       0x24 ./Core/Src/PWM_Master_f103.o
                0x08004910                std::__detail::_Hashtable_base<GPIO_TIM_Mapping, std::pair<GPIO_TIM_Mapping const, GPIO_TIM_Mapping>, std::__detail::_Select1st, std::equal_to<GPIO_TIM_Mapping>, GPIOPinHash, std::__detail::_Mod_range_hashing, std::__detail::_Default_ranged_hash, std::__detail::_Hashtable_traits<true, false, false> >::_S_equals(unsigned int, std::__detail::_Hash_node_code_cache<true> const&)
 .text._ZNK9__gnu_cxx16__aligned_bufferISt4pairIK16GPIO_TIM_MappingS2_EE7_M_addrEv
                0x08004934       0x14 ./Core/Src/PWM_Master_f103.o
                0x08004934                __gnu_cxx::__aligned_buffer<std::pair<GPIO_TIM_Mapping const, GPIO_TIM_Mapping> >::_M_addr() const
 .text._ZSt11__addressofINSt8__detail10_Hash_nodeISt4pairIK16GPIO_TIM_MappingS3_ELb1EEEEPT_RS7_
                0x08004948       0x14 ./Core/Src/PWM_Master_f103.o
                0x08004948                std::__detail::_Hash_node<std::pair<GPIO_TIM_Mapping const, GPIO_TIM_Mapping>, true>* std::__addressof<std::__detail::_Hash_node<std::pair<GPIO_TIM_Mapping const, GPIO_TIM_Mapping>, true> >(std::__detail::_Hash_node<std::pair<GPIO_TIM_Mapping const, GPIO_TIM_Mapping>, true>&)
 .text._ZNSt15__new_allocatorINSt8__detail10_Hash_nodeISt4pairIK16GPIO_TIM_MappingS3_ELb1EEEE8allocateEjPKv
                0x0800495c       0x5c ./Core/Src/PWM_Master_f103.o
                0x0800495c                std::__new_allocator<std::__detail::_Hash_node<std::pair<GPIO_TIM_Mapping const, GPIO_TIM_Mapping>, true> >::allocate(unsigned int, void const*)
 .text._ZNSt15__new_allocatorINSt8__detail10_Hash_nodeISt4pairIK16GPIO_TIM_MappingS3_ELb1EEEE9constructIS5_JS3_S3_EEEvPT_DpOT0_
                0x080049b8       0x3c ./Core/Src/PWM_Master_f103.o
                0x080049b8                void std::__new_allocator<std::__detail::_Hash_node<std::pair<GPIO_TIM_Mapping const, GPIO_TIM_Mapping>, true> >::construct<std::pair<GPIO_TIM_Mapping const, GPIO_TIM_Mapping>, GPIO_TIM_Mapping, GPIO_TIM_Mapping>(std::pair<GPIO_TIM_Mapping const, GPIO_TIM_Mapping>*, GPIO_TIM_Mapping&&, GPIO_TIM_Mapping&&)
 .text._ZNSt10_HashtableI16GPIO_TIM_MappingSt4pairIKS0_S0_ESaIS3_ENSt8__detail10_Select1stESt8equal_toIS0_E11GPIOPinHashNS5_18_Mod_range_hashingENS5_20_Default_ranged_hashENS5_20_Prime_rehash_policyENS5_17_Hashtable_traitsILb1ELb0ELb0EEEE19_M_allocate_bucketsEj
                0x080049f4       0x3a ./Core/Src/PWM_Master_f103.o
                0x080049f4                std::_Hashtable<GPIO_TIM_Mapping, std::pair<GPIO_TIM_Mapping const, GPIO_TIM_Mapping>, std::allocator<std::pair<GPIO_TIM_Mapping const, GPIO_TIM_Mapping> >, std::__detail::_Select1st, std::equal_to<GPIO_TIM_Mapping>, GPIOPinHash, std::__detail::_Mod_range_hashing, std::__detail::_Default_ranged_hash, std::__detail::_Prime_rehash_policy, std::__detail::_Hashtable_traits<true, false, false> >::_M_allocate_buckets(unsigned int)
 *fill*         0x08004a2e        0x2 
 .text._ZNKSt15__new_allocatorINSt8__detail10_Hash_nodeISt4pairIK16GPIO_TIM_MappingS3_ELb1EEEE11_M_max_sizeEv
                0x08004a30       0x18 ./Core/Src/PWM_Master_f103.o
                0x08004a30                std::__new_allocator<std::__detail::_Hash_node<std::pair<GPIO_TIM_Mapping const, GPIO_TIM_Mapping>, true> >::_M_max_size() const
 .text._ZNSt4pairIK16GPIO_TIM_MappingS0_EC2IS0_S0_Lb1EEEOT_OT0_
                0x08004a48       0x42 ./Core/Src/PWM_Master_f103.o
                0x08004a48                std::pair<GPIO_TIM_Mapping const, GPIO_TIM_Mapping>::pair<GPIO_TIM_Mapping, GPIO_TIM_Mapping, true>(GPIO_TIM_Mapping&&, GPIO_TIM_Mapping&&)
                0x08004a48                std::pair<GPIO_TIM_Mapping const, GPIO_TIM_Mapping>::pair<GPIO_TIM_Mapping, GPIO_TIM_Mapping, true>(GPIO_TIM_Mapping&&, GPIO_TIM_Mapping&&)
 .text._ZNSt8__detail16_Hashtable_allocISaINS_10_Hash_nodeISt4pairIK16GPIO_TIM_MappingS3_ELb1EEEEE19_M_allocate_bucketsEj
                0x08004a8a       0x5a ./Core/Src/PWM_Master_f103.o
                0x08004a8a                std::__detail::_Hashtable_alloc<std::allocator<std::__detail::_Hash_node<std::pair<GPIO_TIM_Mapping const, GPIO_TIM_Mapping>, true> > >::_M_allocate_buckets(unsigned int)
 .text._ZNSt16allocator_traitsISaIPNSt8__detail15_Hash_node_baseEEE8allocateERS3_j
                0x08004ae4       0x1e ./Core/Src/PWM_Master_f103.o
                0x08004ae4                std::allocator_traits<std::allocator<std::__detail::_Hash_node_base*> >::allocate(std::allocator<std::__detail::_Hash_node_base*>&, unsigned int)
 .text._ZSt12__to_addressIPNSt8__detail15_Hash_node_baseEEPT_S4_
                0x08004b02       0x14 ./Core/Src/PWM_Master_f103.o
                0x08004b02                std::__detail::_Hash_node_base** std::__to_address<std::__detail::_Hash_node_base*>(std::__detail::_Hash_node_base**)
 .text._ZNSt15__new_allocatorIPNSt8__detail15_Hash_node_baseEE8allocateEjPKv
                0x08004b16       0x52 ./Core/Src/PWM_Master_f103.o
                0x08004b16                std::__new_allocator<std::__detail::_Hash_node_base*>::allocate(unsigned int, void const*)
 .text._ZNKSt15__new_allocatorIPNSt8__detail15_Hash_node_baseEE11_M_max_sizeEv
                0x08004b68       0x16 ./Core/Src/PWM_Master_f103.o
                0x08004b68                std::__new_allocator<std::__detail::_Hash_node_base*>::_M_max_size() const
 .text._ZNSt18unordered_multimapI16GPIO_TIM_MappingS0_11GPIOPinHashSt8equal_toIS0_ESaISt4pairIKS0_S0_EEED2Ev
                0x08004b7e       0x1a ./Core/Src/PWM_Master_f103.o
                0x08004b7e                std::unordered_multimap<GPIO_TIM_Mapping, GPIO_TIM_Mapping, GPIOPinHash, std::equal_to<GPIO_TIM_Mapping>, std::allocator<std::pair<GPIO_TIM_Mapping const, GPIO_TIM_Mapping> > >::~unordered_multimap()
                0x08004b7e                std::unordered_multimap<GPIO_TIM_Mapping, GPIO_TIM_Mapping, GPIOPinHash, std::equal_to<GPIO_TIM_Mapping>, std::allocator<std::pair<GPIO_TIM_Mapping const, GPIO_TIM_Mapping> > >::~unordered_multimap()
 .text._Z41__static_initialization_and_destruction_0ii
                0x08004b98       0x44 ./Core/Src/PWM_Master_f103.o
 .text._GLOBAL__sub_I_gpioMap
                0x08004bdc       0x10 ./Core/Src/PWM_Master_f103.o
 .text._GLOBAL__sub_D_gpioMap
                0x08004bec       0x10 ./Core/Src/PWM_Master_f103.o
 .text._Z16Controll_DC_UARTP20__UART_HandleTypeDefhhh
                0x08004bfc       0xd0 ./Core/Src/UART_Master.o
                0x08004bfc                Controll_DC_UART(__UART_HandleTypeDef*, unsigned char, unsigned char, unsigned char)
 .text._Z7compassv
                0x08004ccc       0x98 ./Core/Src/UART_Master.o
                0x08004ccc                compass()
 .text._Z13reset_compassv
                0x08004d64       0x20 ./Core/Src/UART_Master.o
                0x08004d64                reset_compass()
 .text._Z3ps4v  0x08004d84       0xa8 ./Core/Src/UART_Master.o
                0x08004d84                ps4()
 .text.HAL_UART_TxCpltCallback
                0x08004e2c       0xf0 ./Core/Src/UART_Master.o
                0x08004e2c                HAL_UART_TxCpltCallback
 .text.HAL_UART_RxCpltCallback
                0x08004f1c      0x114 ./Core/Src/UART_Master.o
                0x08004f1c                HAL_UART_RxCpltCallback
 .text._ZN9Motor_PIDC2EP12GPIO_TypeDefmP17TIM_HandleTypeDefts
                0x08005030       0xb8 ./Core/Src/main.o
                0x08005030                Motor_PID::Motor_PID(GPIO_TypeDef*, unsigned long, TIM_HandleTypeDef*, unsigned short, short)
                0x08005030                Motor_PID::Motor_PID(GPIO_TypeDef*, unsigned long, TIM_HandleTypeDef*, unsigned short, short)
 .text._ZN9Motor_PIDC2EP20__UART_HandleTypeDefhs
                0x080050e8       0x88 ./Core/Src/main.o
                0x080050e8                Motor_PID::Motor_PID(__UART_HandleTypeDef*, unsigned char, short)
                0x080050e8                Motor_PID::Motor_PID(__UART_HandleTypeDef*, unsigned char, short)
 .text._ZN11Module_shotC2EP20__UART_HandleTypeDefhlllP17TIM_HandleTypeDefl
                0x08005170       0x90 ./Core/Src/main.o
                0x08005170                Module_shot::Module_shot(__UART_HandleTypeDef*, unsigned char, long, long, long, TIM_HandleTypeDef*, long)
                0x08005170                Module_shot::Module_shot(__UART_HandleTypeDef*, unsigned char, long, long, long, TIM_HandleTypeDef*, long)
 .text.main     0x08005200       0xd0 ./Core/Src/main.o
                0x08005200                main
 .text._Z18SystemClock_Configv
                0x080052d0       0x9e ./Core/Src/main.o
                0x080052d0                SystemClock_Config()
 *fill*         0x0800536e        0x2 
 .text._ZL12MX_TIM1_Initv
                0x08005370      0x130 ./Core/Src/main.o
 .text._ZL12MX_TIM2_Initv
                0x080054a0       0xbc ./Core/Src/main.o
 .text._ZL12MX_TIM3_Initv
                0x0800555c       0xbc ./Core/Src/main.o
 .text._ZL12MX_TIM4_Initv
                0x08005618       0xbc ./Core/Src/main.o
 .text._ZL12MX_TIM5_Initv
                0x080056d4       0xbc ./Core/Src/main.o
 .text._ZL12MX_TIM6_Initv
                0x08005790       0x80 ./Core/Src/main.o
 .text._ZL13MX_UART4_Initv
                0x08005810       0x5c ./Core/Src/main.o
 .text._ZL13MX_UART5_Initv
                0x0800586c       0x5c ./Core/Src/main.o
 .text._ZL19MX_USART3_UART_Initv
                0x080058c8       0x5c ./Core/Src/main.o
 .text._ZL11MX_DMA_Initv
                0x08005924       0x74 ./Core/Src/main.o
 .text._ZL12MX_GPIO_Initv
                0x08005998       0x74 ./Core/Src/main.o
 .text.Error_Handler
                0x08005a0c        0xc ./Core/Src/main.o
                0x08005a0c                Error_Handler
 .text._Z41__static_initialization_and_destruction_0ii
                0x08005a18       0xe8 ./Core/Src/main.o
 .text._GLOBAL__sub_I_htim1
                0x08005b00       0x10 ./Core/Src/main.o
 .text.HAL_MspInit
                0x08005b10       0x64 ./Core/Src/stm32f1xx_hal_msp.o
                0x08005b10                HAL_MspInit
 .text.HAL_TIM_PWM_MspInit
                0x08005b74       0x3c ./Core/Src/stm32f1xx_hal_msp.o
                0x08005b74                HAL_TIM_PWM_MspInit
 .text.HAL_TIM_Encoder_MspInit
                0x08005bb0      0x208 ./Core/Src/stm32f1xx_hal_msp.o
                0x08005bb0                HAL_TIM_Encoder_MspInit
 .text.HAL_TIM_Base_MspInit
                0x08005db8       0xa4 ./Core/Src/stm32f1xx_hal_msp.o
                0x08005db8                HAL_TIM_Base_MspInit
 .text.HAL_TIM_MspPostInit
                0x08005e5c       0x68 ./Core/Src/stm32f1xx_hal_msp.o
                0x08005e5c                HAL_TIM_MspPostInit
 .text.HAL_UART_MspInit
                0x08005ec4      0x2cc ./Core/Src/stm32f1xx_hal_msp.o
                0x08005ec4                HAL_UART_MspInit
 .text.NMI_Handler
                0x08006190        0x8 ./Core/Src/stm32f1xx_it.o
                0x08006190                NMI_Handler
 .text.HardFault_Handler
                0x08006198        0x8 ./Core/Src/stm32f1xx_it.o
                0x08006198                HardFault_Handler
 .text.MemManage_Handler
                0x080061a0        0x8 ./Core/Src/stm32f1xx_it.o
                0x080061a0                MemManage_Handler
 .text.BusFault_Handler
                0x080061a8        0x8 ./Core/Src/stm32f1xx_it.o
                0x080061a8                BusFault_Handler
 .text.UsageFault_Handler
                0x080061b0        0x8 ./Core/Src/stm32f1xx_it.o
                0x080061b0                UsageFault_Handler
 .text.SVC_Handler
                0x080061b8        0xc ./Core/Src/stm32f1xx_it.o
                0x080061b8                SVC_Handler
 .text.DebugMon_Handler
                0x080061c4        0xc ./Core/Src/stm32f1xx_it.o
                0x080061c4                DebugMon_Handler
 .text.PendSV_Handler
                0x080061d0        0xc ./Core/Src/stm32f1xx_it.o
                0x080061d0                PendSV_Handler
 .text.SysTick_Handler
                0x080061dc        0xc ./Core/Src/stm32f1xx_it.o
                0x080061dc                SysTick_Handler
 .text.DMA1_Channel2_IRQHandler
                0x080061e8       0x14 ./Core/Src/stm32f1xx_it.o
                0x080061e8                DMA1_Channel2_IRQHandler
 .text.DMA1_Channel3_IRQHandler
                0x080061fc       0x14 ./Core/Src/stm32f1xx_it.o
                0x080061fc                DMA1_Channel3_IRQHandler
 .text.USART3_IRQHandler
                0x08006210       0x14 ./Core/Src/stm32f1xx_it.o
                0x08006210                USART3_IRQHandler
 .text.UART4_IRQHandler
                0x08006224       0x14 ./Core/Src/stm32f1xx_it.o
                0x08006224                UART4_IRQHandler
 .text.UART5_IRQHandler
                0x08006238       0x14 ./Core/Src/stm32f1xx_it.o
                0x08006238                UART5_IRQHandler
 .text.TIM6_IRQHandler
                0x0800624c       0x14 ./Core/Src/stm32f1xx_it.o
                0x0800624c                TIM6_IRQHandler
 .text.DMA2_Channel3_IRQHandler
                0x08006260       0x14 ./Core/Src/stm32f1xx_it.o
                0x08006260                DMA2_Channel3_IRQHandler
 .text.DMA2_Channel4_5_IRQHandler
                0x08006274       0x14 ./Core/Src/stm32f1xx_it.o
                0x08006274                DMA2_Channel4_5_IRQHandler
 .text._getpid  0x08006288        0xe ./Core/Src/syscalls.o
                0x08006288                _getpid
 .text._kill    0x08006296       0x20 ./Core/Src/syscalls.o
                0x08006296                _kill
 .text._exit    0x080062b6       0x16 ./Core/Src/syscalls.o
                0x080062b6                _exit
 .text._sbrk    0x080062cc       0x6c ./Core/Src/sysmem.o
                0x080062cc                _sbrk
 .text.SystemInit
                0x08006338        0xc ./Core/Src/system_stm32f1xx.o
                0x08006338                SystemInit
 .text.Reset_Handler
                0x08006344       0x48 ./Core/Startup/startup_stm32f103rctx.o
                0x08006344                Reset_Handler
 .text.Default_Handler
                0x0800638c        0x2 ./Core/Startup/startup_stm32f103rctx.o
                0x0800638c                RTC_Alarm_IRQHandler
                0x0800638c                EXTI2_IRQHandler
                0x0800638c                TIM8_TRG_COM_IRQHandler
                0x0800638c                TIM8_CC_IRQHandler
                0x0800638c                TIM1_CC_IRQHandler
                0x0800638c                PVD_IRQHandler
                0x0800638c                SDIO_IRQHandler
                0x0800638c                EXTI3_IRQHandler