../Core/Inc/Driver_Robot.h:52:2:Motor_PID::Motor_PID(GPIO_TypeDef*, uint32_t, TIM_HandleTypeDef*, uint16_t, int16_t)	24	static
../Core/Inc/Driver_Robot.h:71:2:Motor_PID::Motor_PID(UART_HandleTypeDef*, uint8_t, int16_t)	24	static
../Core/Inc/Driver_Robot.h:170:2:Module_shot::Module_shot(UART_HandleTypeDef*, uint8_t, int32_t, int32_t, int32_t, TIM_HandleTypeDef*, int32_t)	24	static
../Core/Src/main.cpp:114:5:int main()	8	static
../Core/Src/main.cpp:216:6:void SystemClock_Config()	72	static
../Core/Src/main.cpp:258:13:void MX_TIM1_Init()	80	static
../Core/Src/main.cpp:319:13:void MX_TIM2_Init()	56	static
../Core/Src/main.cpp:368:13:void MX_TIM3_Init()	56	static
../Core/Src/main.cpp:417:13:void MX_TIM4_Init()	56	static
../Core/Src/main.cpp:509:13:void MX_TIM5_Init()	56	static
../Core/Src/main.cpp:553:13:void MX_TIM6_Init()	16	static
../Core/Src/main.cpp:591:13:void MX_UART4_Init()	8	static
../Core/Src/main.cpp:624:13:void MX_UART5_Init()	8	static
../Core/Src/main.cpp:657:13:void MX_USART3_UART_Init()	8	static
../Core/Src/main.cpp:688:13:void MX_DMA_Init()	16	static
../Core/Src/main.cpp:713:13:void MX_GPIO_Init()	24	static
../Core/Src/main.cpp:736:6:void Error_Handler()	4	static,ignoring_inline_asm
../Core/Src/main.cpp:745:1:void __static_initialization_and_destruction_0(int, int)	40	static
../Core/Src/main.cpp:745:1:cpp)	8	static
